Archive member included to satisfy reference by file (symbol)

c:/mounriver3/mrs_community/toolchain/risc-v embedded gcc/bin/../lib/gcc/riscv-none-embed/8.2.0/../../../../riscv-none-embed/lib/rv32imac/ilp32\libm.a(lib_a-sf_sin.o)
                              ./User/main.o (sinf)
c:/mounriver3/mrs_community/toolchain/risc-v embedded gcc/bin/../lib/gcc/riscv-none-embed/8.2.0/../../../../riscv-none-embed/lib/rv32imac/ilp32\libm.a(lib_a-ef_rem_pio2.o)
                              c:/mounriver3/mrs_community/toolchain/risc-v embedded gcc/bin/../lib/gcc/riscv-none-embed/8.2.0/../../../../riscv-none-embed/lib/rv32imac/ilp32\libm.a(lib_a-sf_sin.o) (__ieee754_rem_pio2f)
c:/mounriver3/mrs_community/toolchain/risc-v embedded gcc/bin/../lib/gcc/riscv-none-embed/8.2.0/../../../../riscv-none-embed/lib/rv32imac/ilp32\libm.a(lib_a-kf_cos.o)
                              c:/mounriver3/mrs_community/toolchain/risc-v embedded gcc/bin/../lib/gcc/riscv-none-embed/8.2.0/../../../../riscv-none-embed/lib/rv32imac/ilp32\libm.a(lib_a-sf_sin.o) (__kernel_cosf)
c:/mounriver3/mrs_community/toolchain/risc-v embedded gcc/bin/../lib/gcc/riscv-none-embed/8.2.0/../../../../riscv-none-embed/lib/rv32imac/ilp32\libm.a(lib_a-kf_rem_pio2.o)
                              c:/mounriver3/mrs_community/toolchain/risc-v embedded gcc/bin/../lib/gcc/riscv-none-embed/8.2.0/../../../../riscv-none-embed/lib/rv32imac/ilp32\libm.a(lib_a-ef_rem_pio2.o) (__kernel_rem_pio2f)
c:/mounriver3/mrs_community/toolchain/risc-v embedded gcc/bin/../lib/gcc/riscv-none-embed/8.2.0/../../../../riscv-none-embed/lib/rv32imac/ilp32\libm.a(lib_a-kf_sin.o)
                              c:/mounriver3/mrs_community/toolchain/risc-v embedded gcc/bin/../lib/gcc/riscv-none-embed/8.2.0/../../../../riscv-none-embed/lib/rv32imac/ilp32\libm.a(lib_a-sf_sin.o) (__kernel_sinf)
c:/mounriver3/mrs_community/toolchain/risc-v embedded gcc/bin/../lib/gcc/riscv-none-embed/8.2.0/../../../../riscv-none-embed/lib/rv32imac/ilp32\libm.a(lib_a-sf_fabs.o)
                              c:/mounriver3/mrs_community/toolchain/risc-v embedded gcc/bin/../lib/gcc/riscv-none-embed/8.2.0/../../../../riscv-none-embed/lib/rv32imac/ilp32\libm.a(lib_a-ef_rem_pio2.o) (fabsf)
c:/mounriver3/mrs_community/toolchain/risc-v embedded gcc/bin/../lib/gcc/riscv-none-embed/8.2.0/../../../../riscv-none-embed/lib/rv32imac/ilp32\libm.a(lib_a-sf_floor.o)
                              c:/mounriver3/mrs_community/toolchain/risc-v embedded gcc/bin/../lib/gcc/riscv-none-embed/8.2.0/../../../../riscv-none-embed/lib/rv32imac/ilp32\libm.a(lib_a-kf_rem_pio2.o) (floorf)
c:/mounriver3/mrs_community/toolchain/risc-v embedded gcc/bin/../lib/gcc/riscv-none-embed/8.2.0/../../../../riscv-none-embed/lib/rv32imac/ilp32\libm.a(lib_a-sf_scalbn.o)
                              c:/mounriver3/mrs_community/toolchain/risc-v embedded gcc/bin/../lib/gcc/riscv-none-embed/8.2.0/../../../../riscv-none-embed/lib/rv32imac/ilp32\libm.a(lib_a-kf_rem_pio2.o) (scalbnf)
c:/mounriver3/mrs_community/toolchain/risc-v embedded gcc/bin/../lib/gcc/riscv-none-embed/8.2.0/../../../../riscv-none-embed/lib/rv32imac/ilp32\libm.a(lib_a-sf_copysign.o)
                              c:/mounriver3/mrs_community/toolchain/risc-v embedded gcc/bin/../lib/gcc/riscv-none-embed/8.2.0/../../../../riscv-none-embed/lib/rv32imac/ilp32\libm.a(lib_a-sf_scalbn.o) (copysignf)
c:/mounriver3/mrs_community/toolchain/risc-v embedded gcc/bin/../lib/gcc/riscv-none-embed/8.2.0/rv32imac/ilp32\libgcc.a(divdf3.o)
                              ./User/main.o (__divdf3)
c:/mounriver3/mrs_community/toolchain/risc-v embedded gcc/bin/../lib/gcc/riscv-none-embed/8.2.0/rv32imac/ilp32\libgcc.a(gedf2.o)
                              ./User/main.o (__gtdf2)
c:/mounriver3/mrs_community/toolchain/risc-v embedded gcc/bin/../lib/gcc/riscv-none-embed/8.2.0/rv32imac/ilp32\libgcc.a(ledf2.o)
                              ./User/main.o (__ltdf2)
c:/mounriver3/mrs_community/toolchain/risc-v embedded gcc/bin/../lib/gcc/riscv-none-embed/8.2.0/rv32imac/ilp32\libgcc.a(muldf3.o)
                              ./User/main.o (__muldf3)
c:/mounriver3/mrs_community/toolchain/risc-v embedded gcc/bin/../lib/gcc/riscv-none-embed/8.2.0/rv32imac/ilp32\libgcc.a(subdf3.o)
                              ./User/main.o (__subdf3)
c:/mounriver3/mrs_community/toolchain/risc-v embedded gcc/bin/../lib/gcc/riscv-none-embed/8.2.0/rv32imac/ilp32\libgcc.a(addsf3.o)
                              ./User/main.o (__addsf3)
c:/mounriver3/mrs_community/toolchain/risc-v embedded gcc/bin/../lib/gcc/riscv-none-embed/8.2.0/rv32imac/ilp32\libgcc.a(eqsf2.o)
                              c:/mounriver3/mrs_community/toolchain/risc-v embedded gcc/bin/../lib/gcc/riscv-none-embed/8.2.0/../../../../riscv-none-embed/lib/rv32imac/ilp32\libm.a(lib_a-ef_rem_pio2.o) (__eqsf2)
c:/mounriver3/mrs_community/toolchain/risc-v embedded gcc/bin/../lib/gcc/riscv-none-embed/8.2.0/rv32imac/ilp32\libgcc.a(gesf2.o)
[...]
Memory Configuration

Name             Origin             Length             Attributes
FLASH            0x0000000000000000 0x0000000000040000 xr
RAM              0x0000000020000000 0x0000000000010000 xrw
*default*        0x0000000000000000 0xffffffffffffffff

Linker script and memory map

LOAD ./rtthread/src/clock.o
LOAD ./rtthread/src/components.o
LOAD ./rtthread/src/cpu.o
LOAD ./rtthread/src/device.o
LOAD ./rtthread/src/idle.o
LOAD ./rtthread/src/ipc.o
LOAD ./rtthread/src/irq.o
LOAD ./rtthread/src/kservice.o
LOAD ./rtthread/src/mem.o
LOAD ./rtthread/src/memheap.o
LOAD ./rtthread/src/mempool.o
LOAD ./rtthread/src/object.o
LOAD ./rtthread/src/scheduler.o
LOAD ./rtthread/src/slab.o
LOAD ./rtthread/src/thread.o
LOAD ./rtthread/src/timer.o
LOAD ./rtthread/libcpu/risc-v/common/context_gcc.o
LOAD ./rtthread/libcpu/risc-v/common/cpuport.o
LOAD ./rtthread/libcpu/risc-v/common/interrupt_gcc.o
LOAD ./rtthread/components/finsh/cmd.o
LOAD ./rtthread/components/finsh/msh.o
LOAD ./rtthread/components/finsh/msh_cmd.o
LOAD ./rtthread/components/finsh/msh_file.o
LOAD ./rtthread/components/finsh/shell.o
LOAD ./rtthread/components/finsh/symbol.o
LOAD ./rtthread/components/drivers/serial/serial.o
LOAD ./rtthread/components/drivers/misc/pin.o
LOAD ./rtthread/board.o
LOAD ./drivers/drv_gpio.o
LOAD ./drivers/drv_usart.o
LOAD ./User/ch32v30x_it.o
LOAD ./User/main.o
LOAD ./User/system_ch32v30x.o
LOAD ./Startup/startup_ch32v30x.o
LOAD ./Peripheral/src/ch32v30x_adc.o
LOAD ./Peripheral/src/ch32v30x_bkp.o
LOAD ./Peripheral/src/ch32v30x_can.o
LOAD ./Peripheral/src/ch32v30x_crc.o
LOAD ./Peripheral/src/ch32v30x_dac.o
LOAD ./Peripheral/src/ch32v30x_dbgmcu.o
LOAD ./Peripheral/src/ch32v30x_dma.o
LOAD ./Peripheral/src/ch32v30x_dvp.o
LOAD ./Peripheral/src/ch32v30x_eth.o
LOAD ./Peripheral/src/ch32v30x_exti.o
LOAD ./Peripheral/src/ch32v30x_flash.o
LOAD ./Peripheral/src/ch32v30x_fsmc.o
LOAD ./Peripheral/src/ch32v30x_gpio.o
LOAD ./Peripheral/src/ch32v30x_i2c.o
LOAD ./Peripheral/src/ch32v30x_iwdg.o
LOAD ./Peripheral/src/ch32v30x_misc.o
LOAD ./Peripheral/src/ch32v30x_opa.o
LOAD ./Peripheral/src/ch32v30x_pwr.o
LOAD ./Peripheral/src/ch32v30x_rcc.o
LOAD ./Peripheral/src/ch32v30x_rng.o
LOAD ./Peripheral/src/ch32v30x_rtc.o
LOAD ./Peripheral/src/ch32v30x_sdio.o
LOAD ./Peripheral/src/ch32v30x_spi.o
LOAD ./Peripheral/src/ch32v30x_tim.o
LOAD ./Peripheral/src/ch32v30x_usart.o
LOAD ./Peripheral/src/ch32v30x_wwdg.o
LOAD ./Peripheral/src/systick.o
LOAD ./Debug/debug.o
LOAD ./Core/core_riscv.o
LOAD c:/mounriver3/mrs_community/toolchain/risc-v embedded gcc/bin/../lib/gcc/riscv-none-embed/8.2.0/../../../../riscv-none-embed/lib/rv32imac/ilp32\libm.a
LOAD c:/mounriver3/mrs_community/toolchain/risc-v embedded gcc/bin/../lib/gcc/riscv-none-embed/8.2.0/rv32imac/ilp32\libgcc.a
LOAD c:/mounriver3/mrs_community/toolchain/risc-v embedded gcc/bin/../lib/gcc/riscv-none-embed/8.2.0/../../../../riscv-none-embed/lib/rv32imac/ilp32\libg_nano.a
LOAD c:/mounriver3/mrs_community/toolchain/risc-v embedded gcc/bin/../lib/gcc/riscv-none-embed/8.2.0/../../../../riscv-none-embed/lib/rv32imac/ilp32\libc_nano.a
LOAD c:/mounriver3/mrs_community/toolchain/risc-v embedded gcc/bin/../lib/gcc/riscv-none-embed/8.2.0/rv32imac/ilp32\libgcc.a
START GROUP
LOAD c:/mounriver3/mrs_community/toolchain/risc-v embedded gcc/bin/../lib/gcc/riscv-none-embed/8.2.0/rv32imac/ilp32\libgcc.a
LOAD c:/mounriver3/mrs_community/toolchain/risc-v embedded gcc/bin/../lib/gcc/riscv-none-embed/8.2.0/../../../../riscv-none-embed/lib/rv32imac/ilp32\libc_nano.a
LOAD c:/mounriver3/mrs_community/toolchain/risc-v embedded gcc/bin/../lib/gcc/riscv-none-embed/8.2.0/../../../../riscv-none-embed/lib/rv32imac/ilp32\libnosys.a
END GROUP
START GROUP
LOAD c:/mounriver3/mrs_community/toolchain/risc-v embedded gcc/bin/../lib/gcc/riscv-none-embed/8.2.0/rv32imac/ilp32\libgcc.a
LOAD c:/mounriver3/mrs_community/toolchain/risc-v embedded gcc/bin/../lib/gcc/riscv-none-embed/8.2.0/../../../../riscv-none-embed/lib/rv32imac/ilp32\libc_nano.a
LOAD c:/mounriver3/mrs_community/toolchain/risc-v embedded gcc/bin/../lib/gcc/riscv-none-embed/8.2.0/../../../../riscv-none-embed/lib/rv32imac/ilp32\libnosys.a
END GROUP
                0x0000000000000800                __stack_size = 0x800
                [!provide]                        PROVIDE (_stack_size = __stack_size)

.init           0x0000000000000000       0x38
                0x0000000000000000                _sinit = .
                0x0000000000000000                . = ALIGN (0x4)
 *(SORT_NONE(.init))
 .init          0x0000000000000000       0x38 ./Startup/startup_ch32v30x.o
                0x0000000000000000                _start
                0x0000000000000038                . = ALIGN (0x4)
                0x0000000000000038                _einit = .

.vector         0x0000000000000038      0x1c8
 *(.vector)
 .vector        0x0000000000000038      0x1a0 ./Startup/startup_ch32v30x.o
                0x0000000000000200                . = ALIGN (0x40)
 *fill*         0x00000000000001d8       0x28 

.text           0x0000000000000200     0xa2ec
                0x0000000000000200                . = ALIGN (0x4)
 *(.text)
 .text          0x0000000000000200       0xce ./rtthread/libcpu/risc-v/common/context_gcc.o
                0x0000000000000200                rt_hw_context_switch_to
                0x000000000000021c                rt_hw_context_switch
                0x0000000000000276                rt_hw_context_switch_exit
 *fill*         0x00000000000002ce        0x2 
 .text          0x00000000000002d0       0xe0 ./rtthread/libcpu/risc-v/common/interrupt_gcc.o
                0x00000000000002d0                SW_handler
 .text          0x00000000000003b0       0x60 c:/mounriver3/mrs_community/toolchain/risc-v embedded gcc/bin/../lib/gcc/riscv-none-embed/8.2.0/rv32imac/ilp32\libgcc.a(save-restore.o)
                0x00000000000003b0                __riscv_save_12
                0x00000000000003b8                __riscv_save_9
                0x00000000000003b8                __riscv_save_11
                0x00000000000003b8                __riscv_save_10
                0x00000000000003b8                __riscv_save_8
                0x00000000000003c6                __riscv_save_4
                0x00000000000003c6                __riscv_save_6
                0x00000000000003c6                __riscv_save_5
                0x00000000000003c6                __riscv_save_7
                0x00000000000003e0                __riscv_save_3
                0x00000000000003e0                __riscv_save_2
                0x00000000000003e0                __riscv_save_1
                0x00000000000003e0                __riscv_save_0
                0x00000000000003ec                __riscv_restore_12
                0x00000000000003f0                __riscv_restore_11
                0x00000000000003f0                __riscv_restore_9
                0x00000000000003f0                __riscv_restore_10
                0x00000000000003f0                __riscv_restore_8
                0x00000000000003fa                __riscv_restore_5
                0x00000000000003fa                __riscv_restore_7
                0x00000000000003fa                __riscv_restore_6
                0x00000000000003fa                __riscv_restore_4
                0x0000000000000404                __riscv_restore_3
                0x0000000000000404                __riscv_restore_0
                0x0000000000000404                __riscv_restore_2
                0x0000000000000404                __riscv_restore_1
 .text          0x0000000000000410       0xa8 c:/mounriver3/mrs_community/toolchain/risc-v embedded gcc/bin/../lib/gcc/riscv-none-embed/8.2.0/../../../../riscv-none-embed/lib/rv32imac/ilp32\libg_nano.a(lib_a-memset.o)
                0x0000000000000410                memset
 *(.text.*)
 .text.rt_tick_get
                0x00000000000004b8        0x6 ./rtthread/src/clock.o
                0x00000000000004b8                rt_tick_get
 .text.rti_start
                0x00000000000004be        0x4 ./rtthread/src/components.o
 .text.rti_end  0x00000000000004c2        0x4 ./rtthread/src/components.o
 .text.rti_board_start
                0x00000000000004c6        0x4 ./rtthread/src/components.o
 .text.rti_board_end
                0x00000000000004ca        0x4 ./rtthread/src/components.o
 .text.rt_components_board_init
                0x00000000000004ce       0x1e ./rtthread/src/components.o
                0x00000000000004ce                rt_components_board_init
 .text.rt_components_init
                0x00000000000004ec       0x1e ./rtthread/src/components.o
                0x00000000000004ec                rt_components_init
 .text.main_thread_entry
                0x000000000000050a        0xc ./rtthread/src/components.o
                0x000000000000050a                main_thread_entry
 .text.rt_application_init
                0x0000000000000516       0x28 ./rtthread/src/components.o
                0x0000000000000516                rt_application_init
 .text.rtthread_startup
                0x000000000000053e       0x28 ./rtthread/src/components.o
                0x000000000000053e                rtthread_startup
 .text.entry    0x0000000000000566        0xa ./rtthread/src/components.o
                0x0000000000000566                entry
 .text.rt_device_find
                0x0000000000000570       0x4a ./rtthread/src/device.o
                0x0000000000000570                rt_device_find
 .text.rt_device_register
                0x00000000000005ba       0x34 ./rtthread/src/device.o
                0x00000000000005ba                rt_device_register
 .text.rt_device_open
                0x00000000000005ee       0x8e ./rtthread/src/device.o
                0x00000000000005ee                rt_device_open
 .text.rt_device_close
                0x000000000000067c       0x3c ./rtthread/src/device.o
                0x000000000000067c                rt_device_close
 .text.rt_device_read
                0x00000000000006b8       0x1e ./rtthread/src/device.o
                0x00000000000006b8                rt_device_read
 .text.rt_device_write
                0x00000000000006d6       0x1e ./rtthread/src/device.o
                0x00000000000006d6                rt_device_write
 .text.rt_device_set_rx_indicate
                0x00000000000006f4        0x6 ./rtthread/src/device.o
                0x00000000000006f4                rt_device_set_rx_indicate
 .text.rt_thread_idle_excute
                0x00000000000006fa       0x74 ./rtthread/src/idle.o
                0x00000000000006fa                rt_thread_idle_excute
 .text.rt_thread_idle_entry
                0x000000000000076e       0x1c ./rtthread/src/idle.o
 .text.rt_thread_idle_init
                0x000000000000078a       0x36 ./rtthread/src/idle.o
                0x000000000000078a                rt_thread_idle_init
 .text.rt_ipc_list_suspend
                0x00000000000007c0       0x5a ./rtthread/src/ipc.o
 .text.rt_sem_init
                0x000000000000081a       0x2c ./rtthread/src/ipc.o
                0x000000000000081a                rt_sem_init
 .text.rt_sem_take
                0x0000000000000846       0x86 ./rtthread/src/ipc.o
                0x0000000000000846                rt_sem_take
 .text.rt_sem_release
                0x00000000000008cc       0x44 ./rtthread/src/ipc.o
                0x00000000000008cc                rt_sem_release
 .text.rt_interrupt_enter
                0x0000000000000910       0x30 ./rtthread/src/irq.o
                0x0000000000000910                rt_interrupt_enter
 .text.rt_interrupt_leave
                0x0000000000000940       0x30 ./rtthread/src/irq.o
                0x0000000000000940                rt_interrupt_leave
 .text.rt_interrupt_get_nest
                0x0000000000000970        0x6 ./rtthread/src/irq.o
                0x0000000000000970                rt_interrupt_get_nest
 .text.print_number
                0x0000000000000976      0x184 ./rtthread/src/kservice.o
 .text.rt_set_errno
                0x0000000000000afa       0x1c ./rtthread/src/kservice.o
                0x0000000000000afa                rt_set_errno
 .text.rt_memset
                0x0000000000000b16       0x88 ./rtthread/src/kservice.o
                0x0000000000000b16                rt_memset
 .text.rt_memmove
                0x0000000000000b9e       0x4a ./rtthread/src/kservice.o
                0x0000000000000b9e                rt_memmove
 .text.rt_strncpy
                0x0000000000000be8       0x2c ./rtthread/src/kservice.o
                0x0000000000000be8                rt_strncpy
 .text.rt_strncmp
                0x0000000000000c14       0x2c ./rtthread/src/kservice.o
                0x0000000000000c14                rt_strncmp
 .text.rt_strlen
                0x0000000000000c40       0x12 ./rtthread/src/kservice.o
                0x0000000000000c40                rt_strlen
 .text.rt_vsnprintf
                0x0000000000000c52      0x366 ./rtthread/src/kservice.o
                0x0000000000000c52                rt_vsnprintf
 .text.rt_console_get_device
                0x0000000000000fb8        0x6 ./rtthread/src/kservice.o
                0x0000000000000fb8                rt_console_get_device
 .text.rt_console_set_device
                0x0000000000000fbe       0x2e ./rtthread/src/kservice.o
                0x0000000000000fbe                rt_console_set_device
 .text.rt_hw_console_output
                0x0000000000000fec        0x2 ./rtthread/src/kservice.o
                0x0000000000000fec                rt_hw_console_output
 .text.rt_kprintf
                0x0000000000000fee       0x6e ./rtthread/src/kservice.o
                0x0000000000000fee                rt_kprintf
 .text.rt_show_version
                0x000000000000105c       0x3e ./rtthread/src/kservice.o
                0x000000000000105c                rt_show_version
 .text.__rt_ffs
                0x000000000000109a       0x56 ./rtthread/src/kservice.o
                0x000000000000109a                __rt_ffs
 .text.plug_holes
                0x00000000000010f0       0x5c ./rtthread/src/mem.o
 .text.list_mem
                0x000000000000114c       0x32 ./rtthread/src/mem.o
                0x000000000000114c                list_mem
 .text.rt_system_heap_init
                0x000000000000117e       0x7c ./rtthread/src/mem.o
                0x000000000000117e                rt_system_heap_init
 .text.rt_malloc
                0x00000000000011fa      0x136 ./rtthread/src/mem.o
                0x00000000000011fa                rt_malloc
 .text.rt_calloc
                0x0000000000001330       0x24 ./rtthread/src/mem.o
                0x0000000000001330                rt_calloc
 .text.rt_free  0x0000000000001354       0xaa ./rtthread/src/mem.o
                0x0000000000001354                rt_free
 .text.rt_object_get_information
                0x00000000000013fe       0x2a ./rtthread/src/object.o
                0x00000000000013fe                rt_object_get_information
 .text.rt_object_init
                0x0000000000001428       0x5e ./rtthread/src/object.o
                0x0000000000001428                rt_object_init
 .text.rt_object_detach
                0x0000000000001486       0x2e ./rtthread/src/object.o
                0x0000000000001486                rt_object_detach
 .text.rt_object_allocate
                0x00000000000014b4       0x56 ./rtthread/src/object.o
                0x00000000000014b4                rt_object_allocate
 .text.rt_object_delete
                0x000000000000150a       0x32 ./rtthread/src/object.o
                0x000000000000150a                rt_object_delete
 .text.rt_object_is_systemobject
                0x000000000000153c        0x8 ./rtthread/src/object.o
                0x000000000000153c                rt_object_is_systemobject
 .text.rt_system_scheduler_init
                0x0000000000001544       0x2e ./rtthread/src/scheduler.o
                0x0000000000001544                rt_system_scheduler_init
 .text.rt_system_scheduler_start
                0x0000000000001572       0x2c ./rtthread/src/scheduler.o
                0x0000000000001572                rt_system_scheduler_start
 .text.rt_schedule
                0x000000000000159e       0x64 ./rtthread/src/scheduler.o
                0x000000000000159e                rt_schedule
 .text.rt_schedule_insert_thread
                0x0000000000001602       0x44 ./rtthread/src/scheduler.o
                0x0000000000001602                rt_schedule_insert_thread
 .text.rt_schedule_remove_thread
                0x0000000000001646       0x42 ./rtthread/src/scheduler.o
                0x0000000000001646                rt_schedule_remove_thread
 .text.rt_enter_critical
                0x0000000000001688       0x1a ./rtthread/src/scheduler.o
                0x0000000000001688                rt_enter_critical
 .text.rt_exit_critical
                0x00000000000016a2       0x32 ./rtthread/src/scheduler.o
                0x00000000000016a2                rt_exit_critical
 .text.rt_thread_exit
                0x00000000000016d4       0x50 ./rtthread/src/thread.o
                0x00000000000016d4                rt_thread_exit
 .text._rt_thread_init.isra.0
                0x0000000000001724       0x8e ./rtthread/src/thread.o
 .text.rt_thread_timeout
                0x00000000000017b2       0x20 ./rtthread/src/thread.o
                0x00000000000017b2                rt_thread_timeout
 .text.rt_thread_init
                0x00000000000017d2       0x32 ./rtthread/src/thread.o
                0x00000000000017d2                rt_thread_init
 .text.rt_thread_self
                0x0000000000001804        0x6 ./rtthread/src/thread.o
                0x0000000000001804                rt_thread_self
 .text.rt_thread_create
                0x000000000000180a       0x46 ./rtthread/src/thread.o
                0x000000000000180a                rt_thread_create
 .text.rt_thread_suspend
                0x0000000000001850       0x48 ./rtthread/src/thread.o
                0x0000000000001850                rt_thread_suspend
 .text.rt_thread_resume
                0x0000000000001898       0x4c ./rtthread/src/thread.o
                0x0000000000001898                rt_thread_resume
 .text.rt_thread_startup
                0x00000000000018e4       0x2c ./rtthread/src/thread.o
                0x00000000000018e4                rt_thread_startup
 .text._rt_timer_remove.part.1
                0x0000000000001910       0x12 ./rtthread/src/timer.o
 .text.rt_timer_init
                0x0000000000001922       0x3c ./rtthread/src/timer.o
                0x0000000000001922                rt_timer_init
 .text.rt_timer_detach
                0x000000000000195e       0x1e ./rtthread/src/timer.o
                0x000000000000195e                rt_timer_detach
 .text.rt_timer_start
                0x000000000000197c       0x88 ./rtthread/src/timer.o
                0x000000000000197c                rt_timer_start
 .text.rt_timer_stop
                0x0000000000001a04       0x36 ./rtthread/src/timer.o
                0x0000000000001a04                rt_timer_stop
 .text.rt_timer_control
                0x0000000000001a3a       0x3e ./rtthread/src/timer.o
                0x0000000000001a3a                rt_timer_control
 .text.rt_system_timer_init
                0x0000000000001a78        0xa ./rtthread/src/timer.o
                0x0000000000001a78                rt_system_timer_init
 .text.rt_system_timer_thread_init
                0x0000000000001a82        0x2 ./rtthread/src/timer.o
                0x0000000000001a82                rt_system_timer_thread_init
 .text.rt_hw_stack_init
                0x0000000000001a84       0x36 ./rtthread/libcpu/risc-v/common/cpuport.o
                0x0000000000001a84                rt_hw_stack_init
 .text.sw_setpend
                0x0000000000001aba       0x10 ./rtthread/libcpu/risc-v/common/cpuport.o
                0x0000000000001aba                sw_setpend
 .text.sw_clearpend
                0x0000000000001aca        0xe ./rtthread/libcpu/risc-v/common/cpuport.o
                0x0000000000001aca                sw_clearpend
 .text.rt_hw_interrupt_disable
                0x0000000000001ad8        0xc ./rtthread/libcpu/risc-v/common/cpuport.o
                0x0000000000001ad8                rt_hw_interrupt_disable
 .text.rt_hw_interrupt_enable
                0x0000000000001ae4        0x6 ./rtthread/libcpu/risc-v/common/cpuport.o
                0x0000000000001ae4                rt_hw_interrupt_enable
 .text.rt_hw_context_switch_interrupt
                0x0000000000001aea       0x22 ./rtthread/libcpu/risc-v/common/cpuport.o
                0x0000000000001aea                rt_hw_context_switch_interrupt
 .text.rt_list_len
                0x0000000000001b0c       0x12 ./rtthread/components/finsh/cmd.o
 .text.reboot   0x0000000000001b1e       0x12 ./rtthread/components/finsh/cmd.o
                0x0000000000001b1e                reboot
 .text.clear    0x0000000000001b30       0x16 ./rtthread/components/finsh/cmd.o
                0x0000000000001b30                clear
 .text.object_split
                0x0000000000001b46       0x20 ./rtthread/components/finsh/cmd.o
 .text.show_wait_queue
                0x0000000000001b66       0x36 ./rtthread/components/finsh/cmd.o
 .text.object_name_maxlen
                0x0000000000001b9c       0x3e ./rtthread/components/finsh/cmd.o
 .text.list_thread
                0x0000000000001bda       0xe2 ./rtthread/components/finsh/cmd.o
                0x0000000000001bda                list_thread
 .text.list_sem
                0x0000000000001cbc       0xb8 ./rtthread/components/finsh/cmd.o
                0x0000000000001cbc                list_sem
 .text.list_event
                0x0000000000001d74       0xac ./rtthread/components/finsh/cmd.o
                0x0000000000001d74                list_event
 .text.list_mutex
                0x0000000000001e20       0x82 ./rtthread/components/finsh/cmd.o
                0x0000000000001e20                list_mutex
 .text.list_mailbox
                0x0000000000001ea2       0xc2 ./rtthread/components/finsh/cmd.o
                0x0000000000001ea2                list_mailbox
 .text.list_msgqueue
                0x0000000000001f64       0xb8 ./rtthread/components/finsh/cmd.o
                0x0000000000001f64                list_msgqueue
 .text.list_device
                0x000000000000201c       0x96 ./rtthread/components/finsh/cmd.o
                0x000000000000201c                list_device
 .text.list_timer
                0x00000000000020b2       0x9a ./rtthread/components/finsh/cmd.o
                0x00000000000020b2                list_timer
 .text.list     0x000000000000214c       0x4a ./rtthread/components/finsh/cmd.o
                0x000000000000214c                list
 .text.msh_help
                0x0000000000002196       0x58 ./rtthread/components/finsh/msh.o
                0x0000000000002196                msh_help
 .text.msh_is_used
                0x00000000000021ee        0x4 ./rtthread/components/finsh/msh.o
                0x00000000000021ee                msh_is_used
 .text.msh_exec
                0x00000000000021f2      0x1aa ./rtthread/components/finsh/msh.o
                0x00000000000021f2                msh_exec
 .text.msh_auto_complete
                0x000000000000239c       0xa2 ./rtthread/components/finsh/msh.o
                0x000000000000239c                msh_auto_complete
 .text.cmd_ps   0x000000000000243e        0xe ./rtthread/components/finsh/msh_cmd.o
                0x000000000000243e                cmd_ps
 .text.cmd_free
                0x000000000000244c        0xe ./rtthread/components/finsh/msh_cmd.o
                0x000000000000244c                cmd_free
 .text.finsh_rx_ind
                0x000000000000245a       0x12 ./rtthread/components/finsh/shell.o
 .text.finsh_system_init
                0x000000000000246c       0x98 ./rtthread/components/finsh/shell.o
                0x000000000000246c                finsh_system_init
 .text.finsh_get_prompt
                0x0000000000002504       0x3c ./rtthread/components/finsh/shell.o
                0x0000000000002504                finsh_get_prompt
 .text.shell_handle_history
                0x0000000000002540       0x2e ./rtthread/components/finsh/shell.o
 .text.finsh_set_device
                0x000000000000256e       0x7e ./rtthread/components/finsh/shell.o
                0x000000000000256e                finsh_set_device
 .text.finsh_thread_entry
                0x00000000000025ec      0x428 ./rtthread/components/finsh/shell.o
                0x00000000000025ec                finsh_thread_entry
 .text.rt_serial_init
                0x0000000000002a14       0x20 ./rtthread/components/drivers/serial/serial.o
 .text.rt_serial_write
                0x0000000000002a34       0x46 ./rtthread/components/drivers/serial/serial.o
 .text.rt_serial_open
                0x0000000000002a7a       0xb0 ./rtthread/components/drivers/serial/serial.o
 .text.rt_serial_control
                0x0000000000002b2a       0x78 ./rtthread/components/drivers/serial/serial.o
 .text.rt_serial_read
                0x0000000000002ba2       0xa6 ./rtthread/components/drivers/serial/serial.o
 .text.rt_serial_close
                0x0000000000002c48       0x48 ./rtthread/components/drivers/serial/serial.o
 .text.rt_hw_serial_register
                0x0000000000002c90       0x5a ./rtthread/components/drivers/serial/serial.o
                0x0000000000002c90                rt_hw_serial_register
 .text.rt_hw_serial_isr
                0x0000000000002cea       0xba ./rtthread/components/drivers/serial/serial.o
                0x0000000000002cea                rt_hw_serial_isr
 .text._pin_control
                0x0000000000002da4       0x20 ./rtthread/components/drivers/misc/pin.o
 .text.rt_pin_mode
                0x0000000000002dc4       0x1a ./rtthread/components/drivers/misc/pin.o
                0x0000000000002dc4                rt_pin_mode
 .text.rt_pin_write
                0x0000000000002dde       0x1a ./rtthread/components/drivers/misc/pin.o
                0x0000000000002dde                rt_pin_write
 .text.rt_pin_read
                0x0000000000002df8       0x18 ./rtthread/components/drivers/misc/pin.o
                0x0000000000002df8                rt_pin_read
 .text._pin_read
                0x0000000000002e10       0x32 ./rtthread/components/drivers/misc/pin.o
 .text._pin_write
                0x0000000000002e42       0x30 ./rtthread/components/drivers/misc/pin.o
 .text.rt_device_pin_register
                0x0000000000002e72       0x54 ./rtthread/components/drivers/misc/pin.o
                0x0000000000002e72                rt_device_pin_register
 .text.rt_heap_begin_get
                0x0000000000002ec6        0xa ./rtthread/board.o
                0x0000000000002ec6                rt_heap_begin_get
 .text.rt_heap_end_get
                0x0000000000002ed0        0xa ./rtthread/board.o
                0x0000000000002ed0                rt_heap_end_get
 .text.rt_hw_board_init
                0x0000000000002eda       0x76 ./rtthread/board.o
                0x0000000000002eda                rt_hw_board_init
 .text.bit2bitno
                0x0000000000002f50       0x1c ./drivers/drv_gpio.o
 .text.GPIOD_CLK_ENABLE
                0x0000000000002f6c       0x12 ./drivers/drv_gpio.o
 .text.GPIOB_CLK_ENABLE
                0x0000000000002f7e       0x10 ./drivers/drv_gpio.o
 .text.GPIOA_CLK_ENABLE
                0x0000000000002f8e       0x10 ./drivers/drv_gpio.o
 .text.GPIOC_CLK_ENABLE
                0x0000000000002f9e       0x10 ./drivers/drv_gpio.o
 .text.GPIOE_CLK_ENABLE
                0x0000000000002fae       0x12 ./drivers/drv_gpio.o
 .text.rt_hw_pin_init
                0x0000000000002fc0       0x1c ./drivers/drv_gpio.o
                0x0000000000002fc0                rt_hw_pin_init
 .text.get_pin  0x0000000000002fdc       0x20 ./drivers/drv_gpio.o
                0x0000000000002fdc                get_pin
 .text.ch32_pin_write
                0x0000000000002ffc       0x24 ./drivers/drv_gpio.o
                0x0000000000002ffc                ch32_pin_write
 .text.ch32_pin_read
                0x0000000000003020       0x20 ./drivers/drv_gpio.o
                0x0000000000003020                ch32_pin_read
 .text.ch32_pin_mode
                0x0000000000003040       0x80 ./drivers/drv_gpio.o
                0x0000000000003040                ch32_pin_mode
 .text.ch32_pin_attach_irq
                0x00000000000030c0       0x96 ./drivers/drv_gpio.o
                0x00000000000030c0                ch32_pin_attach_irq
 .text.ch32_pin_dettach_irq
                0x0000000000003156       0x5a ./drivers/drv_gpio.o
                0x0000000000003156                ch32_pin_dettach_irq
 .text.ch32_pin_irq_enable
                0x00000000000031b0      0x15e ./drivers/drv_gpio.o
                0x00000000000031b0                ch32_pin_irq_enable
 .text.HAL_GPIO_EXTI_Callback
                0x000000000000330e       0x24 ./drivers/drv_gpio.o
                0x000000000000330e                HAL_GPIO_EXTI_Callback
 .text.EXTI0_IRQHandler
                0x0000000000003332       0x28 ./drivers/drv_gpio.o
                0x0000000000003332                EXTI0_IRQHandler
 .text.EXTI1_IRQHandler
                0x000000000000335a       0x28 ./drivers/drv_gpio.o
                0x000000000000335a                EXTI1_IRQHandler
 .text.EXTI2_IRQHandler
                0x0000000000003382       0x28 ./drivers/drv_gpio.o
                0x0000000000003382                EXTI2_IRQHandler
 .text.EXTI3_IRQHandler
                0x00000000000033aa       0x28 ./drivers/drv_gpio.o
                0x00000000000033aa                EXTI3_IRQHandler
 .text.EXTI4_IRQHandler
                0x00000000000033d2       0x28 ./drivers/drv_gpio.o
                0x00000000000033d2                EXTI4_IRQHandler
 .text.EXTI9_5_IRQHandler
                0x00000000000033fa       0x78 ./drivers/drv_gpio.o
                0x00000000000033fa                EXTI9_5_IRQHandler
 .text.EXTI15_10_IRQHandler
                0x0000000000003472       0x80 ./drivers/drv_gpio.o
                0x0000000000003472                EXTI15_10_IRQHandler
 .text.ch32dma_transmit
                0x00000000000034f2        0x4 ./drivers/drv_usart.o
                0x00000000000034f2                ch32dma_transmit
 .text.ch32_configure
                0x00000000000034f6       0xda ./drivers/drv_usart.o
 .text.rt_hw_usart_init
                0x00000000000035d0       0xc8 ./drivers/drv_usart.o
                0x00000000000035d0                rt_hw_usart_init
 .text.ch32_getc
                0x0000000000003698       0x24 ./drivers/drv_usart.o
 .text.ch32_putc
                0x00000000000036bc       0x24 ./drivers/drv_usart.o
 .text.ch32_control
                0x00000000000036e0       0x5c ./drivers/drv_usart.o
 .text.USART1_IRQHandler
                0x000000000000373c       0x4a ./drivers/drv_usart.o
                0x000000000000373c                USART1_IRQHandler
 .text.NMI_Handler
                0x0000000000003786       0x20 ./User/ch32v30x_it.o
                0x0000000000003786                NMI_Handler
 .text.HardFault_Handler
                0x00000000000037a6       0x20 ./User/ch32v30x_it.o
                0x00000000000037a6                HardFault_Handler
 .text.update_dac_buffer
                0x00000000000037c6      0x130 ./User/main.o
 .text.DMA2_Channel3_IRQHandler
                0x00000000000038f6       0x82 ./User/main.o
                0x00000000000038f6                DMA2_Channel3_IRQHandler
 .text.DMA1_Channel1_IRQHandler
                0x0000000000003978       0x4c ./User/main.o
                0x0000000000003978                DMA1_Channel1_IRQHandler
 .text.DMA_Interrupt_Init
                0x00000000000039c4       0x2e ./User/main.o
                0x00000000000039c4                DMA_Interrupt_Init
 .text.DACs_Init
                0x00000000000039f2       0xa6 ./User/main.o
                0x00000000000039f2                DACs_Init
 .text.DAC_DMA_Init
                0x0000000000003a98       0x96 ./User/main.o
                0x0000000000003a98                DAC_DMA_Init
 .text.ADCs_Init
                0x0000000000003b2e       0xe4 ./User/main.o
                0x0000000000003b2e                ADCs_Init
 .text.ADC_DMA_Init
                0x0000000000003c12       0x6e ./User/main.o
                0x0000000000003c12                ADC_DMA_Init
 .text.Timer_Init
                0x0000000000003c80       0x82 ./User/main.o
                0x0000000000003c80                Timer_Init
 .text.startup.main
                0x0000000000003d02      0x12e ./User/main.o
                0x0000000000003d02                main
 .text.SystemInit
                0x0000000000003e30       0xf8 ./User/system_ch32v30x.o
                0x0000000000003e30                SystemInit
 .text.vector_handler
                0x0000000000003f28       0xbe ./Startup/startup_ch32v30x.o
                0x0000000000003f2c                Ecall_M_Mode_Handler
                0x0000000000003f2e                Ecall_U_Mode_Handler
                0x0000000000003f30                Break_Point_Handler
                0x0000000000003f32                SysTick_Handler
                0x0000000000003f36                WWDG_IRQHandler
                0x0000000000003f38                PVD_IRQHandler
                0x0000000000003f3a                TAMPER_IRQHandler
                0x0000000000003f3c                RTC_IRQHandler
                0x0000000000003f3e                FLASH_IRQHandler
                0x0000000000003f40                RCC_IRQHandler
                0x0000000000003f4e                DMA1_Channel2_IRQHandler
                0x0000000000003f50                DMA1_Channel3_IRQHandler
                0x0000000000003f52                DMA1_Channel4_IRQHandler
                0x0000000000003f54                DMA1_Channel5_IRQHandler
                0x0000000000003f56                DMA1_Channel6_IRQHandler
                0x0000000000003f58                DMA1_Channel7_IRQHandler
                0x0000000000003f5a                ADC1_2_IRQHandler
                0x0000000000003f5c                USB_HP_CAN1_TX_IRQHandler
                0x0000000000003f5e                USB_LP_CAN1_RX0_IRQHandler
                0x0000000000003f60                CAN1_RX1_IRQHandler
                0x0000000000003f62                CAN1_SCE_IRQHandler
                0x0000000000003f66                TIM1_BRK_IRQHandler
                0x0000000000003f68                TIM1_UP_IRQHandler
                0x0000000000003f6a                TIM1_TRG_COM_IRQHandler
                0x0000000000003f6c                TIM1_CC_IRQHandler
                0x0000000000003f6e                TIM2_IRQHandler
                0x0000000000003f70                TIM3_IRQHandler
                0x0000000000003f72                TIM4_IRQHandler
                0x0000000000003f74                I2C1_EV_IRQHandler
                0x0000000000003f76                I2C1_ER_IRQHandler
                0x0000000000003f78                I2C2_EV_IRQHandler
                0x0000000000003f7a                I2C2_ER_IRQHandler
                0x0000000000003f7c                SPI1_IRQHandler
                0x0000000000003f7e                SPI2_IRQHandler
                0x0000000000003f82                USART2_IRQHandler
                0x0000000000003f84                USART3_IRQHandler
                0x0000000000003f88                RTCAlarm_IRQHandler
                0x0000000000003f8a                USBWakeUp_IRQHandler
                0x0000000000003f8c                TIM8_BRK_IRQHandler
                0x0000000000003f8e                TIM8_UP_IRQHandler
                0x0000000000003f90                TIM8_TRG_COM_IRQHandler
                0x0000000000003f92                TIM8_CC_IRQHandler
                0x0000000000003f94                RNG_IRQHandler
                0x0000000000003f96                FSMC_IRQHandler
                0x0000000000003f98                SDIO_IRQHandler
                0x0000000000003f9a                TIM5_IRQHandler
                0x0000000000003f9c                SPI3_IRQHandler
                0x0000000000003f9e                UART4_IRQHandler
                0x0000000000003fa0                UART5_IRQHandler
                0x0000000000003fa2                TIM6_IRQHandler
                0x0000000000003fa4                TIM7_IRQHandler
                0x0000000000003fa6                DMA2_Channel1_IRQHandler
                0x0000000000003fa8                DMA2_Channel2_IRQHandler
                0x0000000000003fac                DMA2_Channel4_IRQHandler
                0x0000000000003fae                DMA2_Channel5_IRQHandler
                0x0000000000003fb0                ETH_IRQHandler
                0x0000000000003fb2                ETH_WKUP_IRQHandler
                0x0000000000003fb4                CAN2_TX_IRQHandler
                0x0000000000003fb6                CAN2_RX0_IRQHandler
                0x0000000000003fb8                CAN2_RX1_IRQHandler
                0x0000000000003fba                CAN2_SCE_IRQHandler
                0x0000000000003fbc                OTG_FS_IRQHandler
                0x0000000000003fbe                USBHSWakeup_IRQHandler
                0x0000000000003fc0                USBHS_IRQHandler
                0x0000000000003fc2                DVP_IRQHandler
                0x0000000000003fc4                UART6_IRQHandler
                0x0000000000003fc6                UART7_IRQHandler
                0x0000000000003fc8                UART8_IRQHandler
                0x0000000000003fca                TIM9_BRK_IRQHandler
                0x0000000000003fcc                TIM9_UP_IRQHandler
                0x0000000000003fce                TIM9_TRG_COM_IRQHandler
                0x0000000000003fd0                TIM9_CC_IRQHandler
                0x0000000000003fd2                TIM10_BRK_IRQHandler
                0x0000000000003fd4                TIM10_UP_IRQHandler
                0x0000000000003fd6                TIM10_TRG_COM_IRQHandler
                0x0000000000003fd8                TIM10_CC_IRQHandler
                0x0000000000003fda                DMA2_Channel6_IRQHandler
                0x0000000000003fdc                DMA2_Channel7_IRQHandler
                0x0000000000003fde                DMA2_Channel8_IRQHandler
                0x0000000000003fe0                DMA2_Channel9_IRQHandler
                0x0000000000003fe2                DMA2_Channel10_IRQHandler
                0x0000000000003fe4                DMA2_Channel11_IRQHandler
 .text.handle_reset
                0x0000000000003fe6       0x92 ./Startup/startup_ch32v30x.o
                0x0000000000003fe6                handle_reset
 .text.ADC_Init
                0x0000000000004078       0x58 ./Peripheral/src/ch32v30x_adc.o
                0x0000000000004078                ADC_Init
 .text.ADC_Cmd  0x00000000000040d0       0x10 ./Peripheral/src/ch32v30x_adc.o
                0x00000000000040d0                ADC_Cmd
 .text.ADC_DMACmd
                0x00000000000040e0       0x12 ./Peripheral/src/ch32v30x_adc.o
                0x00000000000040e0                ADC_DMACmd
 .text.ADC_RegularChannelConfig
                0x00000000000040f2       0xb8 ./Peripheral/src/ch32v30x_adc.o
                0x00000000000040f2                ADC_RegularChannelConfig
 .text.ADC_ExternalTrigConvCmd
                0x00000000000041aa       0x18 ./Peripheral/src/ch32v30x_adc.o
                0x00000000000041aa                ADC_ExternalTrigConvCmd
 .text.DAC_Init
                0x00000000000041c2       0x30 ./Peripheral/src/ch32v30x_dac.o
                0x00000000000041c2                DAC_Init
 .text.DAC_Cmd  0x00000000000041f2       0x2c ./Peripheral/src/ch32v30x_dac.o
                0x00000000000041f2                DAC_Cmd
 .text.DAC_DMACmd
                0x000000000000421e       0x2c ./Peripheral/src/ch32v30x_dac.o
                0x000000000000421e                DAC_DMACmd
 .text.DAC_SetDualChannelData
                0x000000000000424a       0x1c ./Peripheral/src/ch32v30x_dac.o
                0x000000000000424a                DAC_SetDualChannelData
 .text.DMA_DeInit
                0x0000000000004266      0x16c ./Peripheral/src/ch32v30x_dma.o
                0x0000000000004266                DMA_DeInit
 .text.DMA_Init
                0x00000000000043d2       0x38 ./Peripheral/src/ch32v30x_dma.o
                0x00000000000043d2                DMA_Init
 .text.DMA_StructInit
                0x000000000000440a       0x2e ./Peripheral/src/ch32v30x_dma.o
                0x000000000000440a                DMA_StructInit
 .text.DMA_Cmd  0x0000000000004438       0x14 ./Peripheral/src/ch32v30x_dma.o
                0x0000000000004438                DMA_Cmd
 .text.DMA_ITConfig
                0x000000000000444c       0x12 ./Peripheral/src/ch32v30x_dma.o
                0x000000000000444c                DMA_ITConfig
 .text.DMA_GetFlagStatus
                0x000000000000445e       0x32 ./Peripheral/src/ch32v30x_dma.o
                0x000000000000445e                DMA_GetFlagStatus
 .text.DMA_ClearFlag
                0x0000000000004490       0x2c ./Peripheral/src/ch32v30x_dma.o
                0x0000000000004490                DMA_ClearFlag
 .text.DMA_GetITStatus
                0x00000000000044bc        0xc ./Peripheral/src/ch32v30x_dma.o
                0x00000000000044bc                DMA_GetITStatus
 .text.DMA_ClearITPendingBit
                0x00000000000044c8        0xc ./Peripheral/src/ch32v30x_dma.o
                0x00000000000044c8                DMA_ClearITPendingBit
 .text.EXTI_Init
                0x00000000000044d4       0x6a ./Peripheral/src/ch32v30x_exti.o
                0x00000000000044d4                EXTI_Init
 .text.EXTI_GetITStatus
                0x000000000000453e       0x1e ./Peripheral/src/ch32v30x_exti.o
                0x000000000000453e                EXTI_GetITStatus
 .text.EXTI_ClearITPendingBit
                0x000000000000455c        0xa ./Peripheral/src/ch32v30x_exti.o
                0x000000000000455c                EXTI_ClearITPendingBit
 .text.GPIO_Init
                0x0000000000004566       0xc2 ./Peripheral/src/ch32v30x_gpio.o
                0x0000000000004566                GPIO_Init
 .text.GPIO_ReadInputDataBit
                0x0000000000004628        0xa ./Peripheral/src/ch32v30x_gpio.o
                0x0000000000004628                GPIO_ReadInputDataBit
 .text.GPIO_WriteBit
                0x0000000000004632        0xa ./Peripheral/src/ch32v30x_gpio.o
                0x0000000000004632                GPIO_WriteBit
 .text.GPIO_EXTILineConfig
                0x000000000000463c       0x2c ./Peripheral/src/ch32v30x_gpio.o
                0x000000000000463c                GPIO_EXTILineConfig
 .text.NVIC_Init
                0x0000000000004668       0xb8 ./Peripheral/src/ch32v30x_misc.o
                0x0000000000004668                NVIC_Init
 .text.RCC_GetClocksFreq
                0x0000000000004720      0x10e ./Peripheral/src/ch32v30x_rcc.o
                0x0000000000004720                RCC_GetClocksFreq
 .text.RCC_AHBPeriphClockCmd
                0x000000000000482e       0x1e ./Peripheral/src/ch32v30x_rcc.o
                0x000000000000482e                RCC_AHBPeriphClockCmd
 .text.RCC_APB2PeriphClockCmd
                0x000000000000484c       0x1e ./Peripheral/src/ch32v30x_rcc.o
                0x000000000000484c                RCC_APB2PeriphClockCmd
 .text.RCC_APB1PeriphClockCmd
                0x000000000000486a       0x1e ./Peripheral/src/ch32v30x_rcc.o
                0x000000000000486a                RCC_APB1PeriphClockCmd
 .text.TIM_TimeBaseInit
                0x0000000000004888       0xc0 ./Peripheral/src/ch32v30x_tim.o
                0x0000000000004888                TIM_TimeBaseInit
 .text.TIM_TimeBaseStructInit
                0x0000000000004948       0x18 ./Peripheral/src/ch32v30x_tim.o
                0x0000000000004948                TIM_TimeBaseStructInit
 .text.TIM_Cmd  0x0000000000004960       0x1c ./Peripheral/src/ch32v30x_tim.o
                0x0000000000004960                TIM_Cmd
 .text.TIM_SelectOutputTrigger
                0x000000000000497c       0x20 ./Peripheral/src/ch32v30x_tim.o
                0x000000000000497c                TIM_SelectOutputTrigger
 .text.USART_Init
                0x000000000000499c       0xd8 ./Peripheral/src/ch32v30x_usart.o
                0x000000000000499c                USART_Init
 .text.USART_Cmd
                0x0000000000004a74       0x1c ./Peripheral/src/ch32v30x_usart.o
                0x0000000000004a74                USART_Cmd
 .text.USART_ITConfig
                0x0000000000004a90       0x36 ./Peripheral/src/ch32v30x_usart.o
                0x0000000000004a90                USART_ITConfig
 .text.USART_SendData
                0x0000000000004ac6        0xa ./Peripheral/src/ch32v30x_usart.o
                0x0000000000004ac6                USART_SendData
 .text.USART_GetFlagStatus
                0x0000000000004ad0        0xc ./Peripheral/src/ch32v30x_usart.o
                0x0000000000004ad0                USART_GetFlagStatus
 .text.USART_GetITStatus
                0x0000000000004adc       0x44 ./Peripheral/src/ch32v30x_usart.o
                0x0000000000004adc                USART_GetITStatus
 .text.USART_ClearITPendingBit
                0x0000000000004b20       0x16 ./Peripheral/src/ch32v30x_usart.o
                0x0000000000004b20                USART_ClearITPendingBit
 .text.Systick_Init
                0x0000000000004b36       0x4c ./Peripheral/src/systick.o
                0x0000000000004b36                Systick_Init
 .text.GetTick  0x0000000000004b82        0x6 ./Peripheral/src/systick.o
                0x0000000000004b82                GetTick
 .text.Debug_Init
                0x0000000000004b88       0x5c ./Debug/debug.o
                0x0000000000004b88                Debug_Init
 .text._write   0x0000000000004be4       0x3e ./Debug/debug.o
                0x0000000000004be4                _write
 .text._sbrk    0x0000000000004c22       0x2a ./Debug/debug.o
                0x0000000000004c22                _sbrk
 .text.sinf     0x0000000000004c4c       0x80 c:/mounriver3/mrs_community/toolchain/risc-v embedded gcc/bin/../lib/gcc/riscv-none-embed/8.2.0/../../../../riscv-none-embed/lib/rv32imac/ilp32\libm.a(lib_a-sf_sin.o)
                0x0000000000004c4c                sinf
 .text.__ieee754_rem_pio2f
                0x0000000000004ccc      0x354 c:/mounriver3/mrs_community/toolchain/risc-v embedded gcc/bin/../lib/gcc/riscv-none-embed/8.2.0/../../../../riscv-none-embed/lib/rv32imac/ilp32\libm.a(lib_a-ef_rem_pio2.o)
                0x0000000000004ccc                __ieee754_rem_pio2f
 .text.__kernel_cosf
                0x0000000000005020      0x20e c:/mounriver3/mrs_community/toolchain/risc-v embedded gcc/bin/../lib/gcc/riscv-none-embed/8.2.0/../../../../riscv-none-embed/lib/rv32imac/ilp32\libm.a(lib_a-kf_cos.o)
                0x0000000000005020                __kernel_cosf
 .text.__kernel_rem_pio2f
                0x000000000000522e      0x7dc c:/mounriver3/mrs_community/toolchain/risc-v embedded gcc/bin/../lib/gcc/riscv-none-embed/8.2.0/../../../../riscv-none-embed/lib/rv32imac/ilp32\libm.a(lib_a-kf_rem_pio2.o)
                0x000000000000522e                __kernel_rem_pio2f
 .text.__kernel_sinf
                0x0000000000005a0a      0x12c c:/mounriver3/mrs_community/toolchain/risc-v embedded gcc/bin/../lib/gcc/riscv-none-embed/8.2.0/../../../../riscv-none-embed/lib/rv32imac/ilp32\libm.a(lib_a-kf_sin.o)
                0x0000000000005a0a                __kernel_sinf
 .text.fabsf    0x0000000000005b36        0x6 c:/mounriver3/mrs_community/toolchain/risc-v embedded gcc/bin/../lib/gcc/riscv-none-embed/8.2.0/../../../../riscv-none-embed/lib/rv32imac/ilp32\libm.a(lib_a-sf_fabs.o)
                0x0000000000005b36                fabsf
 .text.floorf   0x0000000000005b3c       0xcc c:/mounriver3/mrs_community/toolchain/risc-v embedded gcc/bin/../lib/gcc/riscv-none-embed/8.2.0/../../../../riscv-none-embed/lib/rv32imac/ilp32\libm.a(lib_a-sf_floor.o)
                0x0000000000005b3c                floorf
 .text.scalbnf  0x0000000000005c08       0xe0 c:/mounriver3/mrs_community/toolchain/risc-v embedded gcc/bin/../lib/gcc/riscv-none-embed/8.2.0/../../../../riscv-none-embed/lib/rv32imac/ilp32\libm.a(lib_a-sf_scalbn.o)
                0x0000000000005c08                scalbnf
 .text.copysignf
                0x0000000000005ce8       0x10 c:/mounriver3/mrs_community/toolchain/risc-v embedded gcc/bin/../lib/gcc/riscv-none-embed/8.2.0/../../../../riscv-none-embed/lib/rv32imac/ilp32\libm.a(lib_a-sf_copysign.o)
                0x0000000000005ce8                copysignf
 .text.__gedf2  0x0000000000005cf8       0xae c:/mounriver3/mrs_community/toolchain/risc-v embedded gcc/bin/../lib/gcc/riscv-none-embed/8.2.0/rv32imac/ilp32\libgcc.a(gedf2.o)
                0x0000000000005cf8                __gedf2
                0x0000000000005cf8                __gtdf2
 .text.__ledf2  0x0000000000005da6       0xb6 c:/mounriver3/mrs_community/toolchain/risc-v embedded gcc/bin/../lib/gcc/riscv-none-embed/8.2.0/rv32imac/ilp32\libgcc.a(ledf2.o)
                0x0000000000005da6                __ledf2
                0x0000000000005da6                __ltdf2
 .text.__subdf3
                0x0000000000005e5c      0x73e c:/mounriver3/mrs_community/toolchain/risc-v embedded gcc/bin/../lib/gcc/riscv-none-embed/8.2.0/rv32imac/ilp32\libgcc.a(subdf3.o)
                0x0000000000005e5c                __subdf3
 .text.__addsf3
                0x000000000000659a      0x36a c:/mounriver3/mrs_community/toolchain/risc-v embedded gcc/bin/../lib/gcc/riscv-none-embed/8.2.0/rv32imac/ilp32\libgcc.a(addsf3.o)
                0x000000000000659a                __addsf3
 .text.__eqsf2  0x0000000000006904       0x5c c:/mounriver3/mrs_community/toolchain/risc-v embedded gcc/bin/../lib/gcc/riscv-none-embed/8.2.0/rv32imac/ilp32\libgcc.a(eqsf2.o)
                0x0000000000006904                __eqsf2
                0x0000000000006904                __nesf2
 .text.__gesf2  0x0000000000006960       0x86 c:/mounriver3/mrs_community/toolchain/risc-v embedded gcc/bin/../lib/gcc/riscv-none-embed/8.2.0/rv32imac/ilp32\libgcc.a(gesf2.o)
                0x0000000000006960                __gesf2
                0x0000000000006960                __gtsf2
 .text.__mulsf3
                0x00000000000069e6      0x294 c:/mounriver3/mrs_community/toolchain/risc-v embedded gcc/bin/../lib/gcc/riscv-none-embed/8.2.0/rv32imac/ilp32\libgcc.a(mulsf3.o)
                0x00000000000069e6                __mulsf3
 .text.__subsf3
                0x0000000000006c7a      0x388 c:/mounriver3/mrs_community/toolchain/risc-v embedded gcc/bin/../lib/gcc/riscv-none-embed/8.2.0/rv32imac/ilp32\libgcc.a(subsf3.o)
                0x0000000000006c7a                __subsf3
 .text.__fixsfsi
                0x0000000000007002       0x62 c:/mounriver3/mrs_community/toolchain/risc-v embedded gcc/bin/../lib/gcc/riscv-none-embed/8.2.0/rv32imac/ilp32\libgcc.a(fixsfsi.o)
                0x0000000000007002                __fixsfsi
 .text.__fixunssfsi
                0x0000000000007064       0x56 c:/mounriver3/mrs_community/toolchain/risc-v embedded gcc/bin/../lib/gcc/riscv-none-embed/8.2.0/rv32imac/ilp32\libgcc.a(fixunssfsi.o)
                0x0000000000007064                __fixunssfsi
 .text.__floatsisf
                0x00000000000070ba       0xc6 c:/mounriver3/mrs_community/toolchain/risc-v embedded gcc/bin/../lib/gcc/riscv-none-embed/8.2.0/rv32imac/ilp32\libgcc.a(floatsisf.o)
                0x00000000000070ba                __floatsisf
 .text.__extendsfdf2
                0x0000000000007180       0xac c:/mounriver3/mrs_community/toolchain/risc-v embedded gcc/bin/../lib/gcc/riscv-none-embed/8.2.0/rv32imac/ilp32\libgcc.a(extendsfdf2.o)
                0x0000000000007180                __extendsfdf2
 .text.__truncdfsf2
                0x000000000000722c      0x16a c:/mounriver3/mrs_community/toolchain/risc-v embedded gcc/bin/../lib/gcc/riscv-none-embed/8.2.0/rv32imac/ilp32\libgcc.a(truncdfsf2.o)
                0x000000000000722c                __truncdfsf2
 .text.__clzsi2
                0x0000000000007396       0x76 c:/mounriver3/mrs_community/toolchain/risc-v embedded gcc/bin/../lib/gcc/riscv-none-embed/8.2.0/rv32imac/ilp32\libgcc.a(_clzsi2.o)
                0x0000000000007396                __clzsi2
 .text.memcmp   0x000000000000740c       0x26 c:/mounriver3/mrs_community/toolchain/risc-v embedded gcc/bin/../lib/gcc/riscv-none-embed/8.2.0/../../../../riscv-none-embed/lib/rv32imac/ilp32\libg_nano.a(lib_a-memcmp.o)
                0x000000000000740c                memcmp
 .text.memcpy   0x0000000000007432       0xb6 c:/mounriver3/mrs_community/toolchain/risc-v embedded gcc/bin/../lib/gcc/riscv-none-embed/8.2.0/../../../../riscv-none-embed/lib/rv32imac/ilp32\libg_nano.a(lib_a-memcpy.o)
                0x0000000000007432                memcpy
 .text.printf   0x00000000000074e8       0x40 c:/mounriver3/mrs_community/toolchain/risc-v embedded gcc/bin/../lib/gcc/riscv-none-embed/8.2.0/../../../../riscv-none-embed/lib/rv32imac/ilp32\libg_nano.a(lib_a-printf.o)
                0x00000000000074e8                iprintf
                0x00000000000074e8                printf
 .text._puts_r  0x0000000000007528       0xda c:/mounriver3/mrs_community/toolchain/risc-v embedded gcc/bin/../lib/gcc/riscv-none-embed/8.2.0/../../../../riscv-none-embed/lib/rv32imac/ilp32\libg_nano.a(lib_a-puts.o)
                0x0000000000007528                _puts_r
 .text.puts     0x0000000000007602        0xc c:/mounriver3/mrs_community/toolchain/risc-v embedded gcc/bin/../lib/gcc/riscv-none-embed/8.2.0/../../../../riscv-none-embed/lib/rv32imac/ilp32\libg_nano.a(lib_a-puts.o)
                0x0000000000007602                puts
 .text.strcat   0x000000000000760e       0x20 c:/mounriver3/mrs_community/toolchain/risc-v embedded gcc/bin/../lib/gcc/riscv-none-embed/8.2.0/../../../../riscv-none-embed/lib/rv32imac/ilp32\libg_nano.a(lib_a-strcat.o)
                0x000000000000760e                strcat
 .text.strcpy   0x000000000000762e       0x12 c:/mounriver3/mrs_community/toolchain/risc-v embedded gcc/bin/../lib/gcc/riscv-none-embed/8.2.0/../../../../riscv-none-embed/lib/rv32imac/ilp32\libg_nano.a(lib_a-strcpy.o)
                0x000000000000762e                strcpy
 .text.strlen   0x0000000000007640       0x12 c:/mounriver3/mrs_community/toolchain/risc-v embedded gcc/bin/../lib/gcc/riscv-none-embed/8.2.0/../../../../riscv-none-embed/lib/rv32imac/ilp32\libg_nano.a(lib_a-strlen.o)
                0x0000000000007640                strlen
 .text.strncmp  0x0000000000007652       0x2c c:/mounriver3/mrs_community/toolchain/risc-v embedded gcc/bin/../lib/gcc/riscv-none-embed/8.2.0/../../../../riscv-none-embed/lib/rv32imac/ilp32\libg_nano.a(lib_a-strncmp.o)
                0x0000000000007652                strncmp
 .text.__swbuf_r
                0x000000000000767e       0xc0 c:/mounriver3/mrs_community/toolchain/risc-v embedded gcc/bin/../lib/gcc/riscv-none-embed/8.2.0/../../../../riscv-none-embed/lib/rv32imac/ilp32\libg_nano.a(lib_a-wbuf.o)
                0x000000000000767e                __swbuf_r
 .text.__swsetup_r
                0x000000000000773e      0x10c c:/mounriver3/mrs_community/toolchain/risc-v embedded gcc/bin/../lib/gcc/riscv-none-embed/8.2.0/../../../../riscv-none-embed/lib/rv32imac/ilp32\libg_nano.a(lib_a-wsetup.o)
                0x000000000000773e                __swsetup_r
 .text.__sflush_r
                0x000000000000784a      0x13c c:/mounriver3/mrs_community/toolchain/risc-v embedded gcc/bin/../lib/gcc/riscv-none-embed/8.2.0/../../../../riscv-none-embed/lib/rv32imac/ilp32\libg_nano.a(lib_a-fflush.o)
                0x000000000000784a                __sflush_r
 .text._fflush_r
                0x0000000000007986       0x66 c:/mounriver3/mrs_community/toolchain/risc-v embedded gcc/bin/../lib/gcc/riscv-none-embed/8.2.0/../../../../riscv-none-embed/lib/rv32imac/ilp32\libg_nano.a(lib_a-fflush.o)
                0x0000000000007986                _fflush_r
 .text.std      0x00000000000079ec       0x6a c:/mounriver3/mrs_community/toolchain/risc-v embedded gcc/bin/../lib/gcc/riscv-none-embed/8.2.0/../../../../riscv-none-embed/lib/rv32imac/ilp32\libg_nano.a(lib_a-findfp.o)
 .text._cleanup_r
                0x0000000000007a56        0xa c:/mounriver3/mrs_community/toolchain/risc-v embedded gcc/bin/../lib/gcc/riscv-none-embed/8.2.0/../../../../riscv-none-embed/lib/rv32imac/ilp32\libg_nano.a(lib_a-findfp.o)
                0x0000000000007a56                _cleanup_r
 .text.__sfmoreglue
                0x0000000000007a60       0x46 c:/mounriver3/mrs_community/toolchain/risc-v embedded gcc/bin/../lib/gcc/riscv-none-embed/8.2.0/../../../../riscv-none-embed/lib/rv32imac/ilp32\libg_nano.a(lib_a-findfp.o)
                0x0000000000007a60                __sfmoreglue
 .text.__sinit  0x0000000000007aa6       0x6c c:/mounriver3/mrs_community/toolchain/risc-v embedded gcc/bin/../lib/gcc/riscv-none-embed/8.2.0/../../../../riscv-none-embed/lib/rv32imac/ilp32\libg_nano.a(lib_a-findfp.o)
                0x0000000000007aa6                __sinit
 .text.__sfp    0x0000000000007b12       0xa0 c:/mounriver3/mrs_community/toolchain/risc-v embedded gcc/bin/../lib/gcc/riscv-none-embed/8.2.0/../../../../riscv-none-embed/lib/rv32imac/ilp32\libg_nano.a(lib_a-findfp.o)
                0x0000000000007b12                __sfp
 .text._fwalk_reent
                0x0000000000007bb2       0x6c c:/mounriver3/mrs_community/toolchain/risc-v embedded gcc/bin/../lib/gcc/riscv-none-embed/8.2.0/../../../../riscv-none-embed/lib/rv32imac/ilp32\libg_nano.a(lib_a-fwalk.o)
                0x0000000000007bb2                _fwalk_reent
 .text.__swhatbuf_r
                0x0000000000007c1e       0x5a c:/mounriver3/mrs_community/toolchain/risc-v embedded gcc/bin/../lib/gcc/riscv-none-embed/8.2.0/../../../../riscv-none-embed/lib/rv32imac/ilp32\libg_nano.a(lib_a-makebuf.o)
                0x0000000000007c1e                __swhatbuf_r
 .text.__smakebuf_r
                0x0000000000007c78       0xa0 c:/mounriver3/mrs_community/toolchain/risc-v embedded gcc/bin/../lib/gcc/riscv-none-embed/8.2.0/../../../../riscv-none-embed/lib/rv32imac/ilp32\libg_nano.a(lib_a-makebuf.o)
                0x0000000000007c78                __smakebuf_r
 .text._free_r  0x0000000000007d18       0xa8 c:/mounriver3/mrs_community/toolchain/risc-v embedded gcc/bin/../lib/gcc/riscv-none-embed/8.2.0/../../../../riscv-none-embed/lib/rv32imac/ilp32\libg_nano.a(lib_a-nano-freer.o)
                0x0000000000007d18                _free_r
 .text._malloc_r
                0x0000000000007dc0       0xd4 c:/mounriver3/mrs_community/toolchain/risc-v embedded gcc/bin/../lib/gcc/riscv-none-embed/8.2.0/../../../../riscv-none-embed/lib/rv32imac/ilp32\libg_nano.a(lib_a-nano-mallocr.o)
                0x0000000000007dc0                _malloc_r
 .text.__sfputc_r
                0x0000000000007e94       0x2a c:/mounriver3/mrs_community/toolchain/risc-v embedded gcc/bin/../lib/gcc/riscv-none-embed/8.2.0/../../../../riscv-none-embed/lib/rv32imac/ilp32\libg_nano.a(lib_a-nano-vfprintf.o)
 .text.__sfputs_r
                0x0000000000007ebe       0x44 c:/mounriver3/mrs_community/toolchain/risc-v embedded gcc/bin/../lib/gcc/riscv-none-embed/8.2.0/../../../../riscv-none-embed/lib/rv32imac/ilp32\libg_nano.a(lib_a-nano-vfprintf.o)
                0x0000000000007ebe                __sfputs_r
 .text._vfprintf_r
                0x0000000000007f02      0x29c c:/mounriver3/mrs_community/toolchain/risc-v embedded gcc/bin/../lib/gcc/riscv-none-embed/8.2.0/../../../../riscv-none-embed/lib/rv32imac/ilp32\libg_nano.a(lib_a-nano-vfprintf.o)
                0x0000000000007f02                _vfprintf_r
                0x0000000000007f02                _vfiprintf_r
 .text._printf_common
                0x000000000000819e      0x10c c:/mounriver3/mrs_community/toolchain/risc-v embedded gcc/bin/../lib/gcc/riscv-none-embed/8.2.0/../../../../riscv-none-embed/lib/rv32imac/ilp32\libg_nano.a(lib_a-nano-vfprintf_i.o)
                0x000000000000819e                _printf_common
 .text._printf_i
                0x00000000000082aa      0x2aa c:/mounriver3/mrs_community/toolchain/risc-v embedded gcc/bin/../lib/gcc/riscv-none-embed/8.2.0/../../../../riscv-none-embed/lib/rv32imac/ilp32\libg_nano.a(lib_a-nano-vfprintf_i.o)
                0x00000000000082aa                _printf_i
 .text._sbrk_r  0x0000000000008554       0x32 c:/mounriver3/mrs_community/toolchain/risc-v embedded gcc/bin/../lib/gcc/riscv-none-embed/8.2.0/../../../../riscv-none-embed/lib/rv32imac/ilp32\libg_nano.a(lib_a-sbrkr.o)
                0x0000000000008554                _sbrk_r
 .text.__sread  0x0000000000008586       0x30 c:/mounriver3/mrs_community/toolchain/risc-v embedded gcc/bin/../lib/gcc/riscv-none-embed/8.2.0/../../../../riscv-none-embed/lib/rv32imac/ilp32\libg_nano.a(lib_a-stdio.o)
                0x0000000000008586                __sread
 .text.__swrite
                0x00000000000085b6       0x4e c:/mounriver3/mrs_community/toolchain/risc-v embedded gcc/bin/../lib/gcc/riscv-none-embed/8.2.0/../../../../riscv-none-embed/lib/rv32imac/ilp32\libg_nano.a(lib_a-stdio.o)
                0x00000000000085b6                __swrite
 .text.__sseek  0x0000000000008604       0x36 c:/mounriver3/mrs_community/toolchain/risc-v embedded gcc/bin/../lib/gcc/riscv-none-embed/8.2.0/../../../../riscv-none-embed/lib/rv32imac/ilp32\libg_nano.a(lib_a-stdio.o)
                0x0000000000008604                __sseek
 .text.__sclose
                0x000000000000863a        0x6 c:/mounriver3/mrs_community/toolchain/risc-v embedded gcc/bin/../lib/gcc/riscv-none-embed/8.2.0/../../../../riscv-none-embed/lib/rv32imac/ilp32\libg_nano.a(lib_a-stdio.o)
                0x000000000000863a                __sclose
 .text._write_r
                0x0000000000008640       0x36 c:/mounriver3/mrs_community/toolchain/risc-v embedded gcc/bin/../lib/gcc/riscv-none-embed/8.2.0/../../../../riscv-none-embed/lib/rv32imac/ilp32\libg_nano.a(lib_a-writer.o)
                0x0000000000008640                _write_r
 .text._close_r
                0x0000000000008676       0x30 c:/mounriver3/mrs_community/toolchain/risc-v embedded gcc/bin/../lib/gcc/riscv-none-embed/8.2.0/../../../../riscv-none-embed/lib/rv32imac/ilp32\libg_nano.a(lib_a-closer.o)
                0x0000000000008676                _close_r
 .text._fstat_r
                0x00000000000086a6       0x32 c:/mounriver3/mrs_community/toolchain/risc-v embedded gcc/bin/../lib/gcc/riscv-none-embed/8.2.0/../../../../riscv-none-embed/lib/rv32imac/ilp32\libg_nano.a(lib_a-fstatr.o)
                0x00000000000086a6                _fstat_r
 .text._isatty_r
                0x00000000000086d8       0x30 c:/mounriver3/mrs_community/toolchain/risc-v embedded gcc/bin/../lib/gcc/riscv-none-embed/8.2.0/../../../../riscv-none-embed/lib/rv32imac/ilp32\libg_nano.a(lib_a-isattyr.o)
                0x00000000000086d8                _isatty_r
 .text._lseek_r
                0x0000000000008708       0x34 c:/mounriver3/mrs_community/toolchain/risc-v embedded gcc/bin/../lib/gcc/riscv-none-embed/8.2.0/../../../../riscv-none-embed/lib/rv32imac/ilp32\libg_nano.a(lib_a-lseekr.o)
                0x0000000000008708                _lseek_r
 .text.memchr   0x000000000000873c       0x1a c:/mounriver3/mrs_community/toolchain/risc-v embedded gcc/bin/../lib/gcc/riscv-none-embed/8.2.0/../../../../riscv-none-embed/lib/rv32imac/ilp32\libg_nano.a(lib_a-memchr.o)
                0x000000000000873c                memchr
 .text.__malloc_lock
                0x0000000000008756        0x2 c:/mounriver3/mrs_community/toolchain/risc-v embedded gcc/bin/../lib/gcc/riscv-none-embed/8.2.0/../../../../riscv-none-embed/lib/rv32imac/ilp32\libg_nano.a(lib_a-mlock.o)
                0x0000000000008756                __malloc_lock
 .text.__malloc_unlock
                0x0000000000008758        0x2 c:/mounriver3/mrs_community/toolchain/risc-v embedded gcc/bin/../lib/gcc/riscv-none-embed/8.2.0/../../../../riscv-none-embed/lib/rv32imac/ilp32\libg_nano.a(lib_a-mlock.o)
                0x0000000000008758                __malloc_unlock
 .text._read_r  0x000000000000875a       0x34 c:/mounriver3/mrs_community/toolchain/risc-v embedded gcc/bin/../lib/gcc/riscv-none-embed/8.2.0/../../../../riscv-none-embed/lib/rv32imac/ilp32\libg_nano.a(lib_a-readr.o)
                0x000000000000875a                _read_r
 .text._close   0x000000000000878e       0x10 c:/mounriver3/mrs_community/toolchain/risc-v embedded gcc/bin/../lib/gcc/riscv-none-embed/8.2.0/../../../../riscv-none-embed/lib/rv32imac/ilp32\libnosys.a(close.o)
                0x000000000000878e                _close
 .text._fstat   0x000000000000879e       0x10 c:/mounriver3/mrs_community/toolchain/risc-v embedded gcc/bin/../lib/gcc/riscv-none-embed/8.2.0/../../../../riscv-none-embed/lib/rv32imac/ilp32\libnosys.a(fstat.o)
                0x000000000000879e                _fstat
 .text._isatty  0x00000000000087ae       0x10 c:/mounriver3/mrs_community/toolchain/risc-v embedded gcc/bin/../lib/gcc/riscv-none-embed/8.2.0/../../../../riscv-none-embed/lib/rv32imac/ilp32\libnosys.a(isatty.o)
                0x00000000000087ae                _isatty
 .text._lseek   0x00000000000087be       0x10 c:/mounriver3/mrs_community/toolchain/risc-v embedded gcc/bin/../lib/gcc/riscv-none-embed/8.2.0/../../../../riscv-none-embed/lib/rv32imac/ilp32\libnosys.a(lseek.o)
                0x00000000000087be                _lseek
 .text._read    0x00000000000087ce       0x10 c:/mounriver3/mrs_community/toolchain/risc-v embedded gcc/bin/../lib/gcc/riscv-none-embed/8.2.0/../../../../riscv-none-embed/lib/rv32imac/ilp32\libnosys.a(read.o)
                0x00000000000087ce                _read
 *(.rodata)
 *fill*         0x00000000000087de        0x2 
 .rodata        0x00000000000087e0       0x50 ./rtthread/components/finsh/cmd.o
 *(.rodata*)
 .rodata.rt_application_init.str1.4
                0x0000000000008830        0x5 ./rtthread/src/components.o
 *fill*         0x0000000000008835        0x3 
 .rodata.rt_device_init.str1.4
                0x0000000000008838       0x36 ./rtthread/src/device.o
 *fill*         0x000000000000886e        0x2 
 .rodata.rt_thread_idle_init.str1.4
                0x0000000000008870        0x6 ./rtthread/src/idle.o
 *fill*         0x0000000000008876        0x2 
 .rodata.__lowest_bit_bitmap
                0x0000000000008878      0x100 ./rtthread/src/kservice.o
                0x0000000000008878                __lowest_bit_bitmap
 .rodata.large_digits.2583
                0x0000000000008978       0x11 ./rtthread/src/kservice.o
 *fill*         0x0000000000008989        0x3 
 .rodata.rt_show_version.str1.4
                0x000000000000898c       0x86 ./rtthread/src/kservice.o
 *fill*         0x0000000000008a12        0x2 
 .rodata.rt_vsnprintf.str1.4
                0x0000000000008a14        0x7 ./rtthread/src/kservice.o
 *fill*         0x0000000000008a1b        0x1 
 .rodata.small_digits.2582
                0x0000000000008a1c       0x11 ./rtthread/src/kservice.o
 *fill*         0x0000000000008a2d        0x3 
 .rodata.list_mem.str1.4
                0x0000000000008a30       0x46 ./rtthread/src/mem.o
 *fill*         0x0000000000008a76        0x2 
 .rodata.name   0x0000000000008a78       0x29 ./rtthread/src/mem.o
                0x0000000000008a78                __fsym_list_mem_desc
                0x0000000000008a98                __fsym_list_mem_name
 *fill*         0x0000000000008aa1        0x3 
 .rodata.rt_free.str1.4
                0x0000000000008aa4       0x4c ./rtthread/src/mem.o
 .rodata.rt_system_heap_init.str1.4
                0x0000000000008af0       0x42 ./rtthread/src/mem.o
 *fill*         0x0000000000008b32        0x2 
 .rodata.clear.str1.4
                0x0000000000008b34        0x8 ./rtthread/components/finsh/cmd.o
 .rodata.list.str1.4
                0x0000000000008b3c       0x25 ./rtthread/components/finsh/cmd.o
 *fill*         0x0000000000008b61        0x3 
 .rodata.list_device.str1.4
                0x0000000000008b64       0x67 ./rtthread/components/finsh/cmd.o
 *fill*         0x0000000000008bcb        0x1 
 .rodata.list_event.str1.4
                0x0000000000008bcc       0x76 ./rtthread/components/finsh/cmd.o
 *fill*         0x0000000000008c42        0x2 
 .rodata.list_mailbox.str1.4
                0x0000000000008c44       0x76 ./rtthread/components/finsh/cmd.o
 *fill*         0x0000000000008cba        0x2 
 .rodata.list_msgqueue.str1.4
                0x0000000000008cbc       0x65 ./rtthread/components/finsh/cmd.o
 *fill*         0x0000000000008d21        0x3 
 .rodata.list_mutex.str1.4
                0x0000000000008d24       0x63 ./rtthread/components/finsh/cmd.o
 *fill*         0x0000000000008d87        0x1 
 .rodata.list_sem.str1.4
                0x0000000000008d88       0x60 ./rtthread/components/finsh/cmd.o
                                         0x64 (size before relaxing)
 .rodata.list_thread.str1.4
                0x0000000000008de8       0xf0 ./rtthread/components/finsh/cmd.o
 .rodata.list_timer.str1.4
                0x0000000000008ed8       0x9d ./rtthread/components/finsh/cmd.o
 *fill*         0x0000000000008f75        0x3 
 .rodata.name   0x0000000000008f78      0x323 ./rtthread/components/finsh/cmd.o
                0x0000000000008f78                __fsym_list_desc
                0x0000000000008f94                __fsym_list_name
                0x0000000000008f9c                __fsym___cmd_list_device_desc
                0x0000000000008fb4                __fsym___cmd_list_device_name
                0x0000000000008fc8                __fsym_list_device_desc
                0x0000000000008fe0                __fsym_list_device_name
                0x0000000000008fec                __fsym___cmd_list_timer_desc
                0x0000000000009004                __fsym___cmd_list_timer_name
                0x0000000000009018                __fsym_list_timer_desc
                0x0000000000009030                __fsym_list_timer_name
                0x000000000000903c                __fsym___cmd_list_msgqueue_desc
                0x000000000000905c                __fsym___cmd_list_msgqueue_name
                0x0000000000009070                __fsym_list_msgqueue_desc
                0x0000000000009090                __fsym_list_msgqueue_name
                0x00000000000090a0                __fsym___cmd_list_mailbox_desc
                0x00000000000090b8                __fsym___cmd_list_mailbox_name
                0x00000000000090cc                __fsym_list_mailbox_desc
                0x00000000000090e4                __fsym_list_mailbox_name
                0x00000000000090f4                __fsym___cmd_list_mutex_desc
                0x000000000000910c                __fsym___cmd_list_mutex_name
                0x0000000000009120                __fsym_list_mutex_desc
                0x0000000000009138                __fsym_list_mutex_name
                0x0000000000009144                __fsym___cmd_list_event_desc
                0x000000000000915c                __fsym___cmd_list_event_name
                0x0000000000009170                __fsym_list_event_desc
                0x0000000000009188                __fsym_list_event_name
                0x0000000000009194                __fsym___cmd_list_sem_desc
                0x00000000000091b0                __fsym___cmd_list_sem_name
                0x00000000000091c0                __fsym_list_sem_desc
                0x00000000000091dc                __fsym_list_sem_name
                0x00000000000091e8                __fsym___cmd_list_thread_desc
                0x00000000000091f4                __fsym___cmd_list_thread_name
                0x0000000000009208                __fsym_list_thread_desc
                0x0000000000009214                __fsym_list_thread_name
                0x0000000000009220                __fsym___cmd_clear_desc
                0x0000000000009234                __fsym___cmd_clear_name
                0x0000000000009240                __fsym_clear_desc
                0x0000000000009254                __fsym_clear_name
                0x000000000000925c                __fsym___cmd_reboot_desc
                0x0000000000009270                __fsym___cmd_reboot_name
                0x0000000000009280                __fsym_reboot_desc
                0x0000000000009294                __fsym_reboot_name
 *fill*         0x000000000000929b        0x1 
 .rodata.object_split.str1.4
                0x000000000000929c        0x2 ./rtthread/components/finsh/cmd.o
 *fill*         0x000000000000929e        0x2 
 .rodata.show_wait_queue.str1.4
                0x00000000000092a0        0x6 ./rtthread/components/finsh/cmd.o
 *fill*         0x00000000000092a6        0x2 
 .rodata.str1.4
                0x00000000000092a8      0x11c ./rtthread/components/finsh/cmd.o
 .rodata.msh_auto_complete.str1.4
                0x00000000000093c4      0x11c ./rtthread/components/finsh/msh.o
                                          0x4 (size before relaxing)
 .rodata.msh_exec.str1.4
                0x00000000000093c4       0x3c ./rtthread/components/finsh/msh.o
 .rodata.msh_help.str1.4
                0x0000000000009400       0x30 ./rtthread/components/finsh/msh.o
                                         0x32 (size before relaxing)
 .rodata.name   0x0000000000009430       0x23 ./rtthread/components/finsh/msh.o
                0x0000000000009430                __fsym___cmd_help_desc
                0x0000000000009448                __fsym___cmd_help_name
 *fill*         0x0000000000009453        0x1 
 .rodata.name   0x0000000000009454       0x55 ./rtthread/components/finsh/msh_cmd.o
                0x0000000000009454                __fsym___cmd_free_desc
                0x0000000000009478                __fsym___cmd_free_name
                0x0000000000009484                __fsym___cmd_ps_desc
                0x00000000000094a0                __fsym___cmd_ps_name
 *fill*         0x00000000000094a9        0x3 
 .rodata.finsh_get_prompt.str1.4
                0x00000000000094ac       0x12 ./rtthread/components/finsh/shell.o
 *fill*         0x00000000000094be        0x2 
 .rodata.finsh_set_device.str1.4
                0x00000000000094c0       0x20 ./rtthread/components/finsh/shell.o
 .rodata.finsh_system_init.str1.4
                0x00000000000094e0       0x25 ./rtthread/components/finsh/shell.o
 *fill*         0x0000000000009505        0x3 
 .rodata.finsh_thread_entry.str1.4
                0x0000000000009508       0x14 ./rtthread/components/finsh/shell.o
                                         0x1b (size before relaxing)
 .rodata.shell_handle_history.str1.4
                0x000000000000951c        0xd ./rtthread/components/finsh/shell.o
 *fill*         0x0000000000009529        0x3 
 .rodata.name   0x000000000000952c       0x70 ./rtthread/components/drivers/misc/pin.o
                0x000000000000952c                __fsym_pinRead_desc
                0x000000000000954c                __fsym_pinRead_name
                0x0000000000009554                __fsym_pinWrite_desc
                0x0000000000009570                __fsym_pinWrite_name
                0x000000000000957c                __fsym_pinMode_desc
                0x0000000000009594                __fsym_pinMode_name
 .rodata.rt_hw_board_init.str1.4
                0x000000000000959c        0x6 ./rtthread/board.o
 *fill*         0x00000000000095a2        0x2 
 .rodata._ch32_pin_ops
                0x00000000000095a4       0x18 ./drivers/drv_gpio.o
 .rodata.pin_irq_map
                0x00000000000095bc       0x80 ./drivers/drv_gpio.o
 .rodata.pins   0x000000000000963c      0x650 ./drivers/drv_gpio.o
 .rodata.rt_hw_pin_init.str1.4
                0x0000000000009c8c        0x4 ./drivers/drv_gpio.o
 .rodata.ch32_uart_ops
                0x0000000000009c90       0x14 ./drivers/drv_usart.o
 .rodata.rt_hw_usart_init.str1.4
                0x0000000000009ca4        0x6 ./drivers/drv_usart.o
 .rodata.HardFault_Handler.str1.4
                0x0000000000009ca4        0xc ./User/ch32v30x_it.o
 .rodata.NMI_Handler.str1.4
                0x0000000000009cb0        0xf ./User/ch32v30x_it.o
 *fill*         0x0000000000009cbf        0x1 
 .rodata.main.cst4
                0x0000000000009cc0       0x18 ./User/main.o
 .rodata.main.cst8
                0x0000000000009cd8       0x10 ./User/main.o
 .rodata.main.str1.4
                0x0000000000009ce8       0x57 ./User/main.o
 *fill*         0x0000000000009d3f        0x1 
 .rodata.update_dac_buffer.cst4
                0x0000000000009d40        0x4 ./User/main.o
 *fill*         0x0000000000009d44        0x4 
 .rodata.update_dac_buffer.cst8
                0x0000000000009d48        0x8 ./User/main.o
 .rodata.__ieee754_rem_pio2f.cst4
                0x0000000000009d50       0x24 c:/mounriver3/mrs_community/toolchain/risc-v embedded gcc/bin/../lib/gcc/riscv-none-embed/8.2.0/../../../../riscv-none-embed/lib/rv32imac/ilp32\libm.a(lib_a-ef_rem_pio2.o)
 .rodata.npio2_hw
                0x0000000000009d74       0x80 c:/mounriver3/mrs_community/toolchain/risc-v embedded gcc/bin/../lib/gcc/riscv-none-embed/8.2.0/../../../../riscv-none-embed/lib/rv32imac/ilp32\libm.a(lib_a-ef_rem_pio2.o)
 .rodata.two_over_pi
                0x0000000000009df4      0x318 c:/mounriver3/mrs_community/toolchain/risc-v embedded gcc/bin/../lib/gcc/riscv-none-embed/8.2.0/../../../../riscv-none-embed/lib/rv32imac/ilp32\libm.a(lib_a-ef_rem_pio2.o)
 .rodata.__kernel_cosf.cst4
                0x000000000000a10c       0x24 c:/mounriver3/mrs_community/toolchain/risc-v embedded gcc/bin/../lib/gcc/riscv-none-embed/8.2.0/../../../../riscv-none-embed/lib/rv32imac/ilp32\libm.a(lib_a-kf_cos.o)
                                         0x28 (size before relaxing)
 .rodata.PIo2   0x000000000000a130       0x2c c:/mounriver3/mrs_community/toolchain/risc-v embedded gcc/bin/../lib/gcc/riscv-none-embed/8.2.0/../../../../riscv-none-embed/lib/rv32imac/ilp32\libm.a(lib_a-kf_rem_pio2.o)
 .rodata.__kernel_rem_pio2f.cst4
                0x000000000000a15c       0x10 c:/mounriver3/mrs_community/toolchain/risc-v embedded gcc/bin/../lib/gcc/riscv-none-embed/8.2.0/../../../../riscv-none-embed/lib/rv32imac/ilp32\libm.a(lib_a-kf_rem_pio2.o)
                                         0x1c (size before relaxing)
 .rodata.init_jk
                0x000000000000a16c        0xc c:/mounriver3/mrs_community/toolchain/risc-v embedded gcc/bin/../lib/gcc/riscv-none-embed/8.2.0/../../../../riscv-none-embed/lib/rv32imac/ilp32\libm.a(lib_a-kf_rem_pio2.o)
 .rodata.__kernel_sinf.cst4
                0x000000000000a178       0x18 c:/mounriver3/mrs_community/toolchain/risc-v embedded gcc/bin/../lib/gcc/riscv-none-embed/8.2.0/../../../../riscv-none-embed/lib/rv32imac/ilp32\libm.a(lib_a-kf_sin.o)
                                         0x1c (size before relaxing)
 .rodata.floorf.cst4
                0x000000000000a190        0x8 c:/mounriver3/mrs_community/toolchain/risc-v embedded gcc/bin/../lib/gcc/riscv-none-embed/8.2.0/../../../../riscv-none-embed/lib/rv32imac/ilp32\libm.a(lib_a-sf_floor.o)
 .rodata.scalbnf.cst4
                0x000000000000a198        0xc c:/mounriver3/mrs_community/toolchain/risc-v embedded gcc/bin/../lib/gcc/riscv-none-embed/8.2.0/../../../../riscv-none-embed/lib/rv32imac/ilp32\libm.a(lib_a-sf_scalbn.o)
                                         0x10 (size before relaxing)
 .rodata.__mulsf3
                0x000000000000a1a4       0x40 c:/mounriver3/mrs_community/toolchain/risc-v embedded gcc/bin/../lib/gcc/riscv-none-embed/8.2.0/rv32imac/ilp32\libgcc.a(mulsf3.o)
 .rodata.__clz_tab
                0x000000000000a1e4      0x100 c:/mounriver3/mrs_community/toolchain/risc-v embedded gcc/bin/../lib/gcc/riscv-none-embed/8.2.0/rv32imac/ilp32\libgcc.a(_clz.o)
                0x000000000000a1e4                __clz_tab
 .rodata.__sf_fake_stderr
                0x000000000000a2e4       0x20 c:/mounriver3/mrs_community/toolchain/risc-v embedded gcc/bin/../lib/gcc/riscv-none-embed/8.2.0/../../../../riscv-none-embed/lib/rv32imac/ilp32\libg_nano.a(lib_a-findfp.o)
                0x000000000000a2e4                __sf_fake_stderr
 .rodata.__sf_fake_stdin
                0x000000000000a304       0x20 c:/mounriver3/mrs_community/toolchain/risc-v embedded gcc/bin/../lib/gcc/riscv-none-embed/8.2.0/../../../../riscv-none-embed/lib/rv32imac/ilp32\libg_nano.a(lib_a-findfp.o)
                0x000000000000a304                __sf_fake_stdin
 .rodata.__sf_fake_stdout
                0x000000000000a324       0x20 c:/mounriver3/mrs_community/toolchain/risc-v embedded gcc/bin/../lib/gcc/riscv-none-embed/8.2.0/../../../../riscv-none-embed/lib/rv32imac/ilp32\libg_nano.a(lib_a-findfp.o)
                0x000000000000a324                __sf_fake_stdout
 .rodata._vfprintf_r.str1.4
                0x000000000000a344       0x13 c:/mounriver3/mrs_community/toolchain/risc-v embedded gcc/bin/../lib/gcc/riscv-none-embed/8.2.0/../../../../riscv-none-embed/lib/rv32imac/ilp32\libg_nano.a(lib_a-nano-vfprintf.o)
 *fill*         0x000000000000a357        0x1 
 .rodata._printf_i.str1.4
                0x000000000000a358       0x28 c:/mounriver3/mrs_community/toolchain/risc-v embedded gcc/bin/../lib/gcc/riscv-none-embed/8.2.0/../../../../riscv-none-embed/lib/rv32imac/ilp32\libg_nano.a(lib_a-nano-vfprintf_i.o)
                                         0x25 (size before relaxing)
 *(.glue_7)
 *(.glue_7t)
 *(.gnu.linkonce.t.*)
                0x000000000000a380                . = ALIGN (0x4)
                0x000000000000a380                __fsymtab_start = .
 *(FSymTab)
 FSymTab        0x000000000000a380        0xc ./rtthread/src/mem.o
                0x000000000000a380                __fsym_list_mem
 FSymTab        0x000000000000a38c       0xfc ./rtthread/components/finsh/cmd.o
                0x000000000000a38c                __fsym_list
                0x000000000000a398                __fsym___cmd_list_device
                0x000000000000a3a4                __fsym_list_device
                0x000000000000a3b0                __fsym___cmd_list_timer
                0x000000000000a3bc                __fsym_list_timer
                0x000000000000a3c8                __fsym___cmd_list_msgqueue
                0x000000000000a3d4                __fsym_list_msgqueue
                0x000000000000a3e0                __fsym___cmd_list_mailbox
                0x000000000000a3ec                __fsym_list_mailbox
                0x000000000000a3f8                __fsym___cmd_list_mutex
                0x000000000000a404                __fsym_list_mutex
                0x000000000000a410                __fsym___cmd_list_event
                0x000000000000a41c                __fsym_list_event
                0x000000000000a428                __fsym___cmd_list_sem
                0x000000000000a434                __fsym_list_sem
                0x000000000000a440                __fsym___cmd_list_thread
                0x000000000000a44c                __fsym_list_thread
                0x000000000000a458                __fsym___cmd_clear
                0x000000000000a464                __fsym_clear
                0x000000000000a470                __fsym___cmd_reboot
                0x000000000000a47c                __fsym_reboot
 FSymTab        0x000000000000a488        0xc ./rtthread/components/finsh/msh.o
                0x000000000000a488                __fsym___cmd_help
 FSymTab        0x000000000000a494       0x18 ./rtthread/components/finsh/msh_cmd.o
                0x000000000000a494                __fsym___cmd_free
                0x000000000000a4a0                __fsym___cmd_ps
 FSymTab        0x000000000000a4ac       0x24 ./rtthread/components/drivers/misc/pin.o
                0x000000000000a4ac                __fsym_pinRead
                0x000000000000a4b8                __fsym_pinWrite
                0x000000000000a4c4                __fsym_pinMode
                0x000000000000a4d0                __fsymtab_end = .
                0x000000000000a4d0                . = ALIGN (0x4)
                0x000000000000a4d0                __vsymtab_start = .
 *(VSymTab)
                0x000000000000a4d0                __vsymtab_end = .
                0x000000000000a4d0                . = ALIGN (0x4)
                0x000000000000a4d0                . = ALIGN (0x4)
                0x000000000000a4d0                __rt_init_start = .
 *(SORT_BY_NAME(.rti_fn*))
 .rti_fn.0      0x000000000000a4d0        0x4 ./rtthread/src/components.o
                0x000000000000a4d0                __rt_init_rti_start
 .rti_fn.0.end  0x000000000000a4d4        0x4 ./rtthread/src/components.o
                0x000000000000a4d4                __rt_init_rti_board_start
 .rti_fn.1      0x000000000000a4d8        0x4 ./drivers/drv_gpio.o
                0x000000000000a4d8                __rt_init_rt_hw_pin_init
 .rti_fn.1      0x000000000000a4dc        0x4 ./drivers/drv_usart.o
                0x000000000000a4dc                __rt_init_rt_hw_usart_init
 .rti_fn.1.end  0x000000000000a4e0        0x4 ./rtthread/src/components.o
                0x000000000000a4e0                __rt_init_rti_board_end
 .rti_fn.6      0x000000000000a4e4        0x4 ./rtthread/components/finsh/shell.o
                0x000000000000a4e4                __rt_init_finsh_system_init
 .rti_fn.6.end  0x000000000000a4e8        0x4 ./rtthread/src/components.o
                0x000000000000a4e8                __rt_init_rti_end
                0x000000000000a4ec                __rt_init_end = .
                0x000000000000a4ec                . = ALIGN (0x4)
                0x000000000000a4ec                . = ALIGN (0x4)
                0x000000000000a4ec                __rtmsymtab_start = .
 *(RTMSymTab)
                0x000000000000a4ec                __rtmsymtab_end = .
                0x000000000000a4ec                . = ALIGN (0x4)

.rela.dyn       0x000000000000a4ec        0x0
 .rela.text.rt_kprintf
                0x000000000000a4ec        0x0 ./rtthread/src/clock.o
 .rela.text     0x000000000000a4ec        0x0 ./rtthread/src/clock.o
 .rela.text.finsh_system_init
                0x000000000000a4ec        0x0 ./rtthread/src/clock.o
 .rela.text.rt_hw_board_init
                0x000000000000a4ec        0x0 ./rtthread/src/clock.o
 .rela.init     0x000000000000a4ec        0x0 ./rtthread/src/clock.o
 .rela.vector   0x000000000000a4ec        0x0 ./rtthread/src/clock.o
 .rela.text.handle_reset
                0x000000000000a4ec        0x0 ./rtthread/src/clock.o
 .rela.text._sbrk
                0x000000000000a4ec        0x0 ./rtthread/src/clock.o
 .rela.sdata.curbrk.5205
                0x000000000000a4ec        0x0 ./rtthread/src/clock.o
 .rela.text._vfprintf_r
                0x000000000000a4ec        0x0 ./rtthread/src/clock.o
 .rela.text._sbrk_r
                0x000000000000a4ec        0x0 ./rtthread/src/clock.o
 .rela.text._write_r
                0x000000000000a4ec        0x0 ./rtthread/src/clock.o
 .rela.text._close_r
                0x000000000000a4ec        0x0 ./rtthread/src/clock.o
 .rela.text._fstat_r
                0x000000000000a4ec        0x0 ./rtthread/src/clock.o
 .rela.text._isatty_r
                0x000000000000a4ec        0x0 ./rtthread/src/clock.o
 .rela.text._lseek_r
                0x000000000000a4ec        0x0 ./rtthread/src/clock.o
 .rela.text._read_r
                0x000000000000a4ec        0x0 ./rtthread/src/clock.o
 .rela.text._close
                0x000000000000a4ec        0x0 ./rtthread/src/clock.o
 .rela.text._fstat
                0x000000000000a4ec        0x0 ./rtthread/src/clock.o
 .rela.text._isatty
                0x000000000000a4ec        0x0 ./rtthread/src/clock.o
 .rela.text._lseek
                0x000000000000a4ec        0x0 ./rtthread/src/clock.o
 .rela.text._read
                0x000000000000a4ec        0x0 ./rtthread/src/clock.o

.fini           0x000000000000a4ec        0x0
 *(SORT_NONE(.fini))
                0x000000000000a4ec                . = ALIGN (0x4)
                [!provide]                        PROVIDE (_etext = .)
                [!provide]                        PROVIDE (_eitcm = .)

.preinit_array  0x000000000000a4ec        0x0
                [!provide]                        PROVIDE (__preinit_array_start = .)
 *(.preinit_array)
                [!provide]                        PROVIDE (__preinit_array_end = .)

.init_array     0x000000000000a4ec        0x0
                [!provide]                        PROVIDE (__init_array_start = .)
 *(SORT_BY_INIT_PRIORITY(.init_array.*) SORT_BY_INIT_PRIORITY(.ctors.*))
 *(.init_array EXCLUDE_FILE(*crtend?.o *crtend.o *crtbegin?.o *crtbegin.o) .ctors)
                [!provide]                        PROVIDE (__init_array_end = .)

.fini_array     0x000000000000a4ec        0x0
                [!provide]                        PROVIDE (__fini_array_start = .)
 *(SORT_BY_INIT_PRIORITY(.fini_array.*) SORT_BY_INIT_PRIORITY(.dtors.*))
 *(.fini_array EXCLUDE_FILE(*crtend?.o *crtend.o *crtbegin?.o *crtbegin.o) .dtors)
                [!provide]                        PROVIDE (__fini_array_end = .)

.ctors
 *crtbegin.o(.ctors)
 *crtbegin?.o(.ctors)
 *(EXCLUDE_FILE(*crtend?.o *crtend.o) .ctors)
 *(SORT_BY_NAME(.ctors.*))
 *(.ctors)

.dtors
 *crtbegin.o(.dtors)
 *crtbegin?.o(.dtors)
 *(EXCLUDE_FILE(*crtend?.o *crtend.o) .dtors)
 *(SORT_BY_NAME(.dtors.*))
 *(.dtors)

.dalign         0x0000000020000000        0x0 load address 0x000000000000a4ec
                0x0000000020000000                . = ALIGN (0x4)
                0x0000000020000000                PROVIDE (_data_vma = .)

.dlalign        0x000000000000a4ec        0x0
                0x000000000000a4ec                . = ALIGN (0x4)
                0x000000000000a4ec                PROVIDE (_data_lma = .)

.data           0x0000000020000000      0x1c8 load address 0x000000000000a4ec
 *(.gnu.linkonce.r.*)
 *(.data .data.*)
 .data.rt_object_container
                0x0000000020000000       0x80 ./rtthread/src/object.o
 .data.pin_irq_hdr_tab
                0x0000000020000080       0xc0 ./drivers/drv_gpio.o
                0x0000000020000080                pin_irq_hdr_tab
 .data.APBAHBPrescTable
                0x0000000020000140       0x10 ./Peripheral/src/ch32v30x_rcc.o
 .data.impure_data
                0x0000000020000150       0x60 c:/mounriver3/mrs_community/toolchain/risc-v embedded gcc/bin/../lib/gcc/riscv-none-embed/8.2.0/../../../../riscv-none-embed/lib/rv32imac/ilp32\libg_nano.a(lib_a-impure.o)
 *(.gnu.linkonce.d.*)
                0x00000000200001b0                . = ALIGN (0x8)
                0x00000000200009b0                PROVIDE (__global_pointer$ = (. + 0x800))
 *(.sdata .sdata.*)
 .sdata.SystemCoreClock
                0x00000000200001b0        0x4 ./User/system_ch32v30x.o
                0x00000000200001b0                SystemCoreClock
 .sdata.ADCPrescTable
                0x00000000200001b4        0x4 ./Peripheral/src/ch32v30x_rcc.o
 .sdata.curbrk.5205
                0x00000000200001b8        0x4 ./Debug/debug.o
 .sdata._impure_ptr
                0x00000000200001bc        0x4 c:/mounriver3/mrs_community/toolchain/risc-v embedded gcc/bin/../lib/gcc/riscv-none-embed/8.2.0/../../../../riscv-none-embed/lib/rv32imac/ilp32\libg_nano.a(lib_a-impure.o)
                0x00000000200001bc                _impure_ptr
 *(.sdata2.*)
 .sdata2._global_impure_ptr
                0x00000000200001c0        0x4 c:/mounriver3/mrs_community/toolchain/risc-v embedded gcc/bin/../lib/gcc/riscv-none-embed/8.2.0/../../../../riscv-none-embed/lib/rv32imac/ilp32\libg_nano.a(lib_a-impure.o)
                0x00000000200001c0                _global_impure_ptr
 *(.gnu.linkonce.s.*)
                0x00000000200001c8                . = ALIGN (0x8)
 *fill*         0x00000000200001c4        0x4 
 *(.srodata.cst16)
 *(.srodata.cst8)
 *(.srodata.cst4)
 *(.srodata.cst2)
 *(.srodata .srodata.*)
                0x00000000200001c8                . = ALIGN (0x4)
                0x00000000200001c8                PROVIDE (_edata = .)

.bss            0x00000000200001c8     0x18cc load address 0x000000000000a6b4
                0x00000000200001c8                . = ALIGN (0x4)
                0x00000000200001c8                PROVIDE (_sbss = .)
 *(.sbss*)
 .sbss.rt_tick  0x00000000200001c8        0x4 ./rtthread/src/clock.o
 .sbss.rt_interrupt_enter_hook
                0x00000000200001cc        0x4 ./rtthread/src/irq.o
 .sbss.rt_interrupt_leave_hook
                0x00000000200001d0        0x4 ./rtthread/src/irq.o
 .sbss.rt_interrupt_nest
                0x00000000200001d4        0x1 ./rtthread/src/irq.o
                0x00000000200001d4                rt_interrupt_nest
 *fill*         0x00000000200001d5        0x3 
 .sbss.__rt_errno
                0x00000000200001d8        0x4 ./rtthread/src/kservice.o
 .sbss._console_device
                0x00000000200001dc        0x4 ./rtthread/src/kservice.o
 .sbss.heap_end
                0x00000000200001e0        0x4 ./rtthread/src/mem.o
 .sbss.heap_ptr
                0x00000000200001e4        0x4 ./rtthread/src/mem.o
 .sbss.lfree    0x00000000200001e8        0x4 ./rtthread/src/mem.o
 .sbss.max_mem  0x00000000200001ec        0x4 ./rtthread/src/mem.o
 .sbss.mem_size_aligned
                0x00000000200001f0        0x4 ./rtthread/src/mem.o
 .sbss.rt_free_hook
                0x00000000200001f4        0x4 ./rtthread/src/mem.o
 .sbss.rt_malloc_hook
                0x00000000200001f8        0x4 ./rtthread/src/mem.o
 .sbss.used_mem
                0x00000000200001fc        0x4 ./rtthread/src/mem.o
 .sbss.rt_object_attach_hook
                0x0000000020000200        0x4 ./rtthread/src/object.o
 .sbss.rt_object_detach_hook
                0x0000000020000204        0x4 ./rtthread/src/object.o
 .sbss.rt_object_put_hook
                0x0000000020000208        0x4 ./rtthread/src/object.o
                0x0000000020000208                rt_object_put_hook
 .sbss.rt_object_take_hook
                0x000000002000020c        0x4 ./rtthread/src/object.o
                0x000000002000020c                rt_object_take_hook
 .sbss.rt_object_trytake_hook
                0x0000000020000210        0x4 ./rtthread/src/object.o
                0x0000000020000210                rt_object_trytake_hook
 .sbss.rt_current_priority