Archive member included to satisfy reference by file (symbol)

c:/mounriver3/mrs_community/toolchain/risc-v embedded gcc/bin/../lib/gcc/riscv-none-embed/8.2.0/../../../../riscv-none-embed/lib/rv32imafc/ilp32f\libm.a(lib_a-sf_sin.o)
                              ./User/main.o (sinf)
c:/mounriver3/mrs_community/toolchain/risc-v embedded gcc/bin/../lib/gcc/riscv-none-embed/8.2.0/../../../../riscv-none-embed/lib/rv32imafc/ilp32f\libm.a(lib_a-ef_rem_pio2.o)
                              c:/mounriver3/mrs_community/toolchain/risc-v embedded gcc/bin/../lib/gcc/riscv-none-embed/8.2.0/../../../../riscv-none-embed/lib/rv32imafc/ilp32f\libm.a(lib_a-sf_sin.o) (__ieee754_rem_pio2f)
c:/mounriver3/mrs_community/toolchain/risc-v embedded gcc/bin/../lib/gcc/riscv-none-embed/8.2.0/../../../../riscv-none-embed/lib/rv32imafc/ilp32f\libm.a(lib_a-kf_cos.o)
                              c:/mounriver3/mrs_community/toolchain/risc-v embedded gcc/bin/../lib/gcc/riscv-none-embed/8.2.0/../../../../riscv-none-embed/lib/rv32imafc/ilp32f\libm.a(lib_a-sf_sin.o) (__kernel_cosf)
c:/mounriver3/mrs_community/toolchain/risc-v embedded gcc/bin/../lib/gcc/riscv-none-embed/8.2.0/../../../../riscv-none-embed/lib/rv32imafc/ilp32f\libm.a(lib_a-kf_rem_pio2.o)
                              c:/mounriver3/mrs_community/toolchain/risc-v embedded gcc/bin/../lib/gcc/riscv-none-embed/8.2.0/../../../../riscv-none-embed/lib/rv32imafc/ilp32f\libm.a(lib_a-ef_rem_pio2.o) (__kernel_rem_pio2f)
c:/mounriver3/mrs_community/toolchain/risc-v embedded gcc/bin/../lib/gcc/riscv-none-embed/8.2.0/../../../../riscv-none-embed/lib/rv32imafc/ilp32f\libm.a(lib_a-kf_sin.o)
                              c:/mounriver3/mrs_community/toolchain/risc-v embedded gcc/bin/../lib/gcc/riscv-none-embed/8.2.0/../../../../riscv-none-embed/lib/rv32imafc/ilp32f\libm.a(lib_a-sf_sin.o) (__kernel_sinf)
c:/mounriver3/mrs_community/toolchain/risc-v embedded gcc/bin/../lib/gcc/riscv-none-embed/8.2.0/../../../../riscv-none-embed/lib/rv32imafc/ilp32f\libm.a(lib_a-sf_fabs.o)
                              c:/mounriver3/mrs_community/toolchain/risc-v embedded gcc/bin/../lib/gcc/riscv-none-embed/8.2.0/../../../../riscv-none-embed/lib/rv32imafc/ilp32f\libm.a(lib_a-ef_rem_pio2.o) (fabsf)
c:/mounriver3/mrs_community/toolchain/risc-v embedded gcc/bin/../lib/gcc/riscv-none-embed/8.2.0/../../../../riscv-none-embed/lib/rv32imafc/ilp32f\libm.a(lib_a-sf_floor.o)
                              c:/mounriver3/mrs_community/toolchain/risc-v embedded gcc/bin/../lib/gcc/riscv-none-embed/8.2.0/../../../../riscv-none-embed/lib/rv32imafc/ilp32f\libm.a(lib_a-kf_rem_pio2.o) (floorf)
c:/mounriver3/mrs_community/toolchain/risc-v embedded gcc/bin/../lib/gcc/riscv-none-embed/8.2.0/../../../../riscv-none-embed/lib/rv32imafc/ilp32f\libm.a(lib_a-sf_scalbn.o)
                              c:/mounriver3/mrs_community/toolchain/risc-v embedded gcc/bin/../lib/gcc/riscv-none-embed/8.2.0/../../../../riscv-none-embed/lib/rv32imafc/ilp32f\libm.a(lib_a-kf_rem_pio2.o) (scalbnf)
c:/mounriver3/mrs_community/toolchain/risc-v embedded gcc/bin/../lib/gcc/riscv-none-embed/8.2.0/../../../../riscv-none-embed/lib/rv32imafc/ilp32f\libm.a(lib_a-sf_copysign.o)
                              c:/mounriver3/mrs_community/toolchain/risc-v embedded gcc/bin/../lib/gcc/riscv-none-embed/8.2.0/../../../../riscv-none-embed/lib/rv32imafc/ilp32f\libm.a(lib_a-sf_scalbn.o) (copysignf)
c:/mounriver3/mrs_community/toolchain/risc-v embedded gcc/bin/../lib/gcc/riscv-none-embed/8.2.0/rv32imafc/ilp32f\libgcc.a(divdf3.o)
                              ./User/main.o (__divdf3)
c:/mounriver3/mrs_community/toolchain/risc-v embedded gcc/bin/../lib/gcc/riscv-none-embed/8.2.0/rv32imafc/ilp32f\libgcc.a(gedf2.o)
                              ./User/main.o (__gtdf2)
c:/mounriver3/mrs_community/toolchain/risc-v embedded gcc/bin/../lib/gcc/riscv-none-embed/8.2.0/rv32imafc/ilp32f\libgcc.a(ledf2.o)
                              ./User/main.o (__ltdf2)
c:/mounriver3/mrs_community/toolchain/risc-v embedded gcc/bin/../lib/gcc/riscv-none-embed/8.2.0/rv32imafc/ilp32f\libgcc.a(muldf3.o)
                              ./User/main.o (__muldf3)
c:/mounriver3/mrs_community/toolchain/risc-v embedded gcc/bin/../lib/gcc/riscv-none-embed/8.2.0/rv32imafc/ilp32f\libgcc.a(subdf3.o)
                              ./User/main.o (__subdf3)
c:/mounriver3/mrs_community/toolchain/risc-v embedded gcc/bin/../lib/gcc/riscv-none-embed/8.2.0/rv32imafc/ilp32f\libgcc.a(extendsfdf2.o)
                              ./User/main.o (__extendsfdf2)
c:/mounriver3/mrs_community/toolchain/risc-v embedded gcc/bin/../lib/gcc/riscv-none-embed/8.2.0/rv32imafc/ilp32f\libgcc.a(truncdfsf2.o)
                              ./User/main.o (__truncdfsf2)
c:/mounriver3/mrs_community/toolchain/risc-v embedded gcc/bin/../lib/gcc/riscv-none-embed/8.2.0/rv32imafc/ilp32f\libgcc.a(save-restore.o)
                              ./rtthread/components/finsh/shell.o (__riscv_save_12)
[...]
Memory Configuration

Name             Origin             Length             Attributes
FLASH            0x0000000000000000 0x0000000000040000 xr
RAM              0x0000000020000000 0x0000000000010000 xrw
*default*        0x0000000000000000 0xffffffffffffffff

Linker script and memory map

LOAD ./rtthread/src/clock.o
LOAD ./rtthread/src/components.o
LOAD ./rtthread/src/cpu.o
LOAD ./rtthread/src/device.o
LOAD ./rtthread/src/idle.o
LOAD ./rtthread/src/ipc.o
LOAD ./rtthread/src/irq.o
LOAD ./rtthread/src/kservice.o
LOAD ./rtthread/src/mem.o
LOAD ./rtthread/src/memheap.o
LOAD ./rtthread/src/mempool.o
LOAD ./rtthread/src/object.o
LOAD ./rtthread/src/scheduler.o
LOAD ./rtthread/src/slab.o
LOAD ./rtthread/src/thread.o
LOAD ./rtthread/src/timer.o
LOAD ./rtthread/libcpu/risc-v/common/context_gcc.o
LOAD ./rtthread/libcpu/risc-v/common/cpuport.o
LOAD ./rtthread/libcpu/risc-v/common/interrupt_gcc.o
LOAD ./rtthread/components/finsh/cmd.o
LOAD ./rtthread/components/finsh/msh.o
LOAD ./rtthread/components/finsh/msh_cmd.o
LOAD ./rtthread/components/finsh/msh_file.o
LOAD ./rtthread/components/finsh/shell.o
LOAD ./rtthread/components/finsh/symbol.o
LOAD ./rtthread/components/drivers/serial/serial.o
LOAD ./rtthread/components/drivers/misc/pin.o
LOAD ./rtthread/board.o
LOAD ./drivers/drv_gpio.o
LOAD ./drivers/drv_usart.o
LOAD ./User/ch32v30x_it.o
LOAD ./User/main.o
LOAD ./User/system_ch32v30x.o
LOAD ./Startup/startup_ch32v30x.o
LOAD ./Peripheral/src/ch32v30x_adc.o
LOAD ./Peripheral/src/ch32v30x_bkp.o
LOAD ./Peripheral/src/ch32v30x_can.o
LOAD ./Peripheral/src/ch32v30x_crc.o
LOAD ./Peripheral/src/ch32v30x_dac.o
LOAD ./Peripheral/src/ch32v30x_dbgmcu.o
LOAD ./Peripheral/src/ch32v30x_dma.o
LOAD ./Peripheral/src/ch32v30x_dvp.o
LOAD ./Peripheral/src/ch32v30x_eth.o
LOAD ./Peripheral/src/ch32v30x_exti.o
LOAD ./Peripheral/src/ch32v30x_flash.o
LOAD ./Peripheral/src/ch32v30x_fsmc.o
LOAD ./Peripheral/src/ch32v30x_gpio.o
LOAD ./Peripheral/src/ch32v30x_i2c.o
LOAD ./Peripheral/src/ch32v30x_iwdg.o
LOAD ./Peripheral/src/ch32v30x_misc.o
LOAD ./Peripheral/src/ch32v30x_opa.o
LOAD ./Peripheral/src/ch32v30x_pwr.o
LOAD ./Peripheral/src/ch32v30x_rcc.o
LOAD ./Peripheral/src/ch32v30x_rng.o
LOAD ./Peripheral/src/ch32v30x_rtc.o
LOAD ./Peripheral/src/ch32v30x_sdio.o
LOAD ./Peripheral/src/ch32v30x_spi.o
LOAD ./Peripheral/src/ch32v30x_tim.o
LOAD ./Peripheral/src/ch32v30x_usart.o
LOAD ./Peripheral/src/ch32v30x_wwdg.o
LOAD ./Peripheral/src/systick.o
LOAD ./Debug/debug.o
LOAD ./Core/core_riscv.o
LOAD c:/mounriver3/mrs_community/toolchain/risc-v embedded gcc/bin/../lib/gcc/riscv-none-embed/8.2.0/../../../../riscv-none-embed/lib/rv32imafc/ilp32f\libm.a
LOAD c:/mounriver3/mrs_community/toolchain/risc-v embedded gcc/bin/../lib/gcc/riscv-none-embed/8.2.0/rv32imafc/ilp32f\libgcc.a
LOAD c:/mounriver3/mrs_community/toolchain/risc-v embedded gcc/bin/../lib/gcc/riscv-none-embed/8.2.0/../../../../riscv-none-embed/lib/rv32imafc/ilp32f\libg_nano.a
LOAD c:/mounriver3/mrs_community/toolchain/risc-v embedded gcc/bin/../lib/gcc/riscv-none-embed/8.2.0/../../../../riscv-none-embed/lib/rv32imafc/ilp32f\libc_nano.a
LOAD c:/mounriver3/mrs_community/toolchain/risc-v embedded gcc/bin/../lib/gcc/riscv-none-embed/8.2.0/rv32imafc/ilp32f\libgcc.a
START GROUP
LOAD c:/mounriver3/mrs_community/toolchain/risc-v embedded gcc/bin/../lib/gcc/riscv-none-embed/8.2.0/rv32imafc/ilp32f\libgcc.a
LOAD c:/mounriver3/mrs_community/toolchain/risc-v embedded gcc/bin/../lib/gcc/riscv-none-embed/8.2.0/../../../../riscv-none-embed/lib/rv32imafc/ilp32f\libc_nano.a
LOAD c:/mounriver3/mrs_community/toolchain/risc-v embedded gcc/bin/../lib/gcc/riscv-none-embed/8.2.0/../../../../riscv-none-embed/lib/rv32imafc/ilp32f\libnosys.a
END GROUP
START GROUP
LOAD c:/mounriver3/mrs_community/toolchain/risc-v embedded gcc/bin/../lib/gcc/riscv-none-embed/8.2.0/rv32imafc/ilp32f\libgcc.a
LOAD c:/mounriver3/mrs_community/toolchain/risc-v embedded gcc/bin/../lib/gcc/riscv-none-embed/8.2.0/../../../../riscv-none-embed/lib/rv32imafc/ilp32f\libc_nano.a
LOAD c:/mounriver3/mrs_community/toolchain/risc-v embedded gcc/bin/../lib/gcc/riscv-none-embed/8.2.0/../../../../riscv-none-embed/lib/rv32imafc/ilp32f\libnosys.a
END GROUP
                0x0000000000000800                __stack_size = 0x800
                [!provide]                        PROVIDE (_stack_size = __stack_size)

.init           0x0000000000000000       0x38
                0x0000000000000000                _sinit = .
                0x0000000000000000                . = ALIGN (0x4)
 *(SORT_NONE(.init))
 .init          0x0000000000000000       0x38 ./Startup/startup_ch32v30x.o
                0x0000000000000000                _start
                0x0000000000000038                . = ALIGN (0x4)
                0x0000000000000038                _einit = .

.vector         0x0000000000000038      0x1c8
 *(.vector)
 .vector        0x0000000000000038      0x1a0 ./Startup/startup_ch32v30x.o
                0x0000000000000200                . = ALIGN (0x40)
 *fill*         0x00000000000001d8       0x28 

.text           0x0000000000000200     0x98a8
                0x0000000000000200                . = ALIGN (0x4)
 *(.text)
 .text          0x0000000000000200      0x152 ./rtthread/libcpu/risc-v/common/context_gcc.o
                0x0000000000000200                rt_hw_context_switch_to
                0x000000000000021c                rt_hw_context_switch
                0x00000000000002b8                rt_hw_context_switch_exit
 *fill*         0x0000000000000352        0x2 
 .text          0x0000000000000354      0x166 ./rtthread/libcpu/risc-v/common/interrupt_gcc.o
                0x0000000000000354                SW_handler
 .text          0x00000000000004ba       0x60 c:/mounriver3/mrs_community/toolchain/risc-v embedded gcc/bin/../lib/gcc/riscv-none-embed/8.2.0/rv32imafc/ilp32f\libgcc.a(save-restore.o)
                0x00000000000004ba                __riscv_save_12
                0x00000000000004c2                __riscv_save_9
                0x00000000000004c2                __riscv_save_11
                0x00000000000004c2                __riscv_save_10
                0x00000000000004c2                __riscv_save_8
                0x00000000000004d0                __riscv_save_4
                0x00000000000004d0                __riscv_save_6
                0x00000000000004d0                __riscv_save_5
                0x00000000000004d0                __riscv_save_7
                0x00000000000004ea                __riscv_save_3
                0x00000000000004ea                __riscv_save_2
                0x00000000000004ea                __riscv_save_1
                0x00000000000004ea                __riscv_save_0
                0x00000000000004f6                __riscv_restore_12
                0x00000000000004fa                __riscv_restore_11
                0x00000000000004fa                __riscv_restore_9
                0x00000000000004fa                __riscv_restore_10
                0x00000000000004fa                __riscv_restore_8
                0x0000000000000504                __riscv_restore_5
                0x0000000000000504                __riscv_restore_7
                0x0000000000000504                __riscv_restore_6
                0x0000000000000504                __riscv_restore_4
                0x000000000000050e                __riscv_restore_3
                0x000000000000050e                __riscv_restore_0
                0x000000000000050e                __riscv_restore_2
                0x000000000000050e                __riscv_restore_1
 .text          0x000000000000051a       0xa8 c:/mounriver3/mrs_community/toolchain/risc-v embedded gcc/bin/../lib/gcc/riscv-none-embed/8.2.0/../../../../riscv-none-embed/lib/rv32imafc/ilp32f\libg_nano.a(lib_a-memset.o)
                0x000000000000051a                memset
 *(.text.*)
 .text.rt_tick_get
                0x00000000000005c2        0x6 ./rtthread/src/clock.o
                0x00000000000005c2                rt_tick_get
 .text.rt_tick_from_millisecond
                0x00000000000005c8       0x28 ./rtthread/src/clock.o
                0x00000000000005c8                rt_tick_from_millisecond
 .text.rti_start
                0x00000000000005f0        0x4 ./rtthread/src/components.o
 .text.rti_end  0x00000000000005f4        0x4 ./rtthread/src/components.o
 .text.rti_board_start
                0x00000000000005f8        0x4 ./rtthread/src/components.o
 .text.rti_board_end
                0x00000000000005fc        0x4 ./rtthread/src/components.o
 .text.rt_components_board_init
                0x0000000000000600       0x1e ./rtthread/src/components.o
                0x0000000000000600                rt_components_board_init
 .text.rt_components_init
                0x000000000000061e       0x1e ./rtthread/src/components.o
                0x000000000000061e                rt_components_init
 .text.main_thread_entry
                0x000000000000063c        0xc ./rtthread/src/components.o
                0x000000000000063c                main_thread_entry
 .text.rt_application_init
                0x0000000000000648       0x28 ./rtthread/src/components.o
                0x0000000000000648                rt_application_init
 .text.rtthread_startup
                0x0000000000000670       0x28 ./rtthread/src/components.o
                0x0000000000000670                rtthread_startup
 .text.entry    0x0000000000000698        0xa ./rtthread/src/components.o
                0x0000000000000698                entry
 .text.rt_device_find
                0x00000000000006a2       0x4a ./rtthread/src/device.o
                0x00000000000006a2                rt_device_find
 .text.rt_device_register
                0x00000000000006ec       0x34 ./rtthread/src/device.o
                0x00000000000006ec                rt_device_register
 .text.rt_device_open
                0x0000000000000720       0x8e ./rtthread/src/device.o
                0x0000000000000720                rt_device_open
 .text.rt_device_close
                0x00000000000007ae       0x3c ./rtthread/src/device.o
                0x00000000000007ae                rt_device_close
 .text.rt_device_read
                0x00000000000007ea       0x1e ./rtthread/src/device.o
                0x00000000000007ea                rt_device_read
 .text.rt_device_write
                0x0000000000000808       0x1e ./rtthread/src/device.o
                0x0000000000000808                rt_device_write
 .text.rt_device_set_rx_indicate
                0x0000000000000826        0x6 ./rtthread/src/device.o
                0x0000000000000826                rt_device_set_rx_indicate
 .text.rt_thread_idle_excute
                0x000000000000082c       0x74 ./rtthread/src/idle.o
                0x000000000000082c                rt_thread_idle_excute
 .text.rt_thread_idle_entry
                0x00000000000008a0       0x1c ./rtthread/src/idle.o
 .text.rt_thread_idle_init
                0x00000000000008bc       0x36 ./rtthread/src/idle.o
                0x00000000000008bc                rt_thread_idle_init
 .text.rt_ipc_list_suspend
                0x00000000000008f2       0x5a ./rtthread/src/ipc.o
 .text.rt_sem_init
                0x000000000000094c       0x2c ./rtthread/src/ipc.o
                0x000000000000094c                rt_sem_init
 .text.rt_sem_take
                0x0000000000000978       0x86 ./rtthread/src/ipc.o
                0x0000000000000978                rt_sem_take
 .text.rt_sem_release
                0x00000000000009fe       0x44 ./rtthread/src/ipc.o
                0x00000000000009fe                rt_sem_release
 .text.rt_interrupt_enter
                0x0000000000000a42       0x30 ./rtthread/src/irq.o
                0x0000000000000a42                rt_interrupt_enter
 .text.rt_interrupt_leave
                0x0000000000000a72       0x30 ./rtthread/src/irq.o
                0x0000000000000a72                rt_interrupt_leave
 .text.rt_interrupt_get_nest
                0x0000000000000aa2        0x6 ./rtthread/src/irq.o
                0x0000000000000aa2                rt_interrupt_get_nest
 .text.print_number
                0x0000000000000aa8      0x184 ./rtthread/src/kservice.o
 .text.rt_set_errno
                0x0000000000000c2c       0x1c ./rtthread/src/kservice.o
                0x0000000000000c2c                rt_set_errno
 .text.rt_memset
                0x0000000000000c48       0x88 ./rtthread/src/kservice.o
                0x0000000000000c48                rt_memset
 .text.rt_memmove
                0x0000000000000cd0       0x4a ./rtthread/src/kservice.o
                0x0000000000000cd0                rt_memmove
 .text.rt_strncpy
                0x0000000000000d1a       0x2c ./rtthread/src/kservice.o
                0x0000000000000d1a                rt_strncpy
 .text.rt_strncmp
                0x0000000000000d46       0x2c ./rtthread/src/kservice.o
                0x0000000000000d46                rt_strncmp
 .text.rt_strlen
                0x0000000000000d72       0x12 ./rtthread/src/kservice.o
                0x0000000000000d72                rt_strlen
 .text.rt_vsnprintf
                0x0000000000000d84      0x366 ./rtthread/src/kservice.o
                0x0000000000000d84                rt_vsnprintf
 .text.rt_console_get_device
                0x00000000000010ea        0x6 ./rtthread/src/kservice.o
                0x00000000000010ea                rt_console_get_device
 .text.rt_console_set_device
                0x00000000000010f0       0x2e ./rtthread/src/kservice.o
                0x00000000000010f0                rt_console_set_device
 .text.rt_hw_console_output
                0x000000000000111e        0x2 ./rtthread/src/kservice.o
                0x000000000000111e                rt_hw_console_output
 .text.rt_kprintf
                0x0000000000001120       0x6e ./rtthread/src/kservice.o
                0x0000000000001120                rt_kprintf
 .text.rt_show_version
                0x000000000000118e       0x3e ./rtthread/src/kservice.o
                0x000000000000118e                rt_show_version
 .text.__rt_ffs
                0x00000000000011cc       0x56 ./rtthread/src/kservice.o
                0x00000000000011cc                __rt_ffs
 .text.plug_holes
                0x0000000000001222       0x5c ./rtthread/src/mem.o
 .text.list_mem
                0x000000000000127e       0x32 ./rtthread/src/mem.o
                0x000000000000127e                list_mem
 .text.rt_system_heap_init
                0x00000000000012b0       0x7c ./rtthread/src/mem.o
                0x00000000000012b0                rt_system_heap_init
 .text.rt_malloc
                0x000000000000132c      0x136 ./rtthread/src/mem.o
                0x000000000000132c                rt_malloc
 .text.rt_calloc
                0x0000000000001462       0x24 ./rtthread/src/mem.o
                0x0000000000001462                rt_calloc
 .text.rt_free  0x0000000000001486       0xaa ./rtthread/src/mem.o
                0x0000000000001486                rt_free
 .text.rt_object_get_information
                0x0000000000001530       0x2a ./rtthread/src/object.o
                0x0000000000001530                rt_object_get_information
 .text.rt_object_init
                0x000000000000155a       0x5e ./rtthread/src/object.o
                0x000000000000155a                rt_object_init
 .text.rt_object_detach
                0x00000000000015b8       0x2e ./rtthread/src/object.o
                0x00000000000015b8                rt_object_detach
 .text.rt_object_allocate
                0x00000000000015e6       0x56 ./rtthread/src/object.o
                0x00000000000015e6                rt_object_allocate
 .text.rt_object_delete
                0x000000000000163c       0x32 ./rtthread/src/object.o
                0x000000000000163c                rt_object_delete
 .text.rt_object_is_systemobject
                0x000000000000166e        0x8 ./rtthread/src/object.o
                0x000000000000166e                rt_object_is_systemobject
 .text.rt_system_scheduler_init
                0x0000000000001676       0x2e ./rtthread/src/scheduler.o
                0x0000000000001676                rt_system_scheduler_init
 .text.rt_system_scheduler_start
                0x00000000000016a4       0x2c ./rtthread/src/scheduler.o
                0x00000000000016a4                rt_system_scheduler_start
 .text.rt_schedule
                0x00000000000016d0       0x64 ./rtthread/src/scheduler.o
                0x00000000000016d0                rt_schedule
 .text.rt_schedule_insert_thread
                0x0000000000001734       0x44 ./rtthread/src/scheduler.o
                0x0000000000001734                rt_schedule_insert_thread
 .text.rt_schedule_remove_thread
                0x0000000000001778       0x42 ./rtthread/src/scheduler.o
                0x0000000000001778                rt_schedule_remove_thread
 .text.rt_enter_critical
                0x00000000000017ba       0x1a ./rtthread/src/scheduler.o
                0x00000000000017ba                rt_enter_critical
 .text.rt_exit_critical
                0x00000000000017d4       0x32 ./rtthread/src/scheduler.o
                0x00000000000017d4                rt_exit_critical
 .text.rt_thread_exit
                0x0000000000001806       0x50 ./rtthread/src/thread.o
                0x0000000000001806                rt_thread_exit
 .text._rt_thread_init.isra.0
                0x0000000000001856       0x8e ./rtthread/src/thread.o
 .text.rt_thread_timeout
                0x00000000000018e4       0x20 ./rtthread/src/thread.o
                0x00000000000018e4                rt_thread_timeout
 .text.rt_thread_init
                0x0000000000001904       0x32 ./rtthread/src/thread.o
                0x0000000000001904                rt_thread_init
 .text.rt_thread_self
                0x0000000000001936        0x6 ./rtthread/src/thread.o
                0x0000000000001936                rt_thread_self
 .text.rt_thread_create
                0x000000000000193c       0x46 ./rtthread/src/thread.o
                0x000000000000193c                rt_thread_create
 .text.rt_thread_suspend
                0x0000000000001982       0x48 ./rtthread/src/thread.o
                0x0000000000001982                rt_thread_suspend
 .text.rt_thread_sleep
                0x00000000000019ca       0x40 ./rtthread/src/thread.o
                0x00000000000019ca                rt_thread_sleep
 .text.rt_thread_mdelay
                0x0000000000001a0a        0xe ./rtthread/src/thread.o
                0x0000000000001a0a                rt_thread_mdelay
 .text.rt_thread_resume
                0x0000000000001a18       0x4c ./rtthread/src/thread.o
                0x0000000000001a18                rt_thread_resume
 .text.rt_thread_startup
                0x0000000000001a64       0x2c ./rtthread/src/thread.o
                0x0000000000001a64                rt_thread_startup
 .text._rt_timer_remove.part.1
                0x0000000000001a90       0x12 ./rtthread/src/timer.o
 .text.rt_timer_init
                0x0000000000001aa2       0x3c ./rtthread/src/timer.o
                0x0000000000001aa2                rt_timer_init
 .text.rt_timer_detach
                0x0000000000001ade       0x1e ./rtthread/src/timer.o
                0x0000000000001ade                rt_timer_detach
 .text.rt_timer_start
                0x0000000000001afc       0x88 ./rtthread/src/timer.o
                0x0000000000001afc                rt_timer_start
 .text.rt_timer_stop
                0x0000000000001b84       0x36 ./rtthread/src/timer.o
                0x0000000000001b84                rt_timer_stop
 .text.rt_timer_control
                0x0000000000001bba       0x3e ./rtthread/src/timer.o
                0x0000000000001bba                rt_timer_control
 .text.rt_system_timer_init
                0x0000000000001bf8        0xa ./rtthread/src/timer.o
                0x0000000000001bf8                rt_system_timer_init
 .text.rt_system_timer_thread_init
                0x0000000000001c02        0x2 ./rtthread/src/timer.o
                0x0000000000001c02                rt_system_timer_thread_init
 .text.rt_hw_stack_init
                0x0000000000001c04       0x36 ./rtthread/libcpu/risc-v/common/cpuport.o
                0x0000000000001c04                rt_hw_stack_init
 .text.sw_setpend
                0x0000000000001c3a       0x10 ./rtthread/libcpu/risc-v/common/cpuport.o
                0x0000000000001c3a                sw_setpend
 .text.sw_clearpend
                0x0000000000001c4a        0xe ./rtthread/libcpu/risc-v/common/cpuport.o
                0x0000000000001c4a                sw_clearpend
 .text.rt_hw_interrupt_disable
                0x0000000000001c58        0xc ./rtthread/libcpu/risc-v/common/cpuport.o
                0x0000000000001c58                rt_hw_interrupt_disable
 .text.rt_hw_interrupt_enable
                0x0000000000001c64        0x6 ./rtthread/libcpu/risc-v/common/cpuport.o
                0x0000000000001c64                rt_hw_interrupt_enable
 .text.rt_hw_context_switch_interrupt
                0x0000000000001c6a       0x22 ./rtthread/libcpu/risc-v/common/cpuport.o
                0x0000000000001c6a                rt_hw_context_switch_interrupt
 .text.rt_list_len
                0x0000000000001c8c       0x12 ./rtthread/components/finsh/cmd.o
 .text.reboot   0x0000000000001c9e       0x12 ./rtthread/components/finsh/cmd.o
                0x0000000000001c9e                reboot
 .text.clear    0x0000000000001cb0       0x16 ./rtthread/components/finsh/cmd.o
                0x0000000000001cb0                clear
 .text.object_split
                0x0000000000001cc6       0x20 ./rtthread/components/finsh/cmd.o
 .text.show_wait_queue
                0x0000000000001ce6       0x36 ./rtthread/components/finsh/cmd.o
 .text.object_name_maxlen
                0x0000000000001d1c       0x3e ./rtthread/components/finsh/cmd.o
 .text.list_thread
                0x0000000000001d5a       0xe2 ./rtthread/components/finsh/cmd.o
                0x0000000000001d5a                list_thread
 .text.list_sem
                0x0000000000001e3c       0xb8 ./rtthread/components/finsh/cmd.o
                0x0000000000001e3c                list_sem
 .text.list_event
                0x0000000000001ef4       0xac ./rtthread/components/finsh/cmd.o
                0x0000000000001ef4                list_event
 .text.list_mutex
                0x0000000000001fa0       0x82 ./rtthread/components/finsh/cmd.o
                0x0000000000001fa0                list_mutex
 .text.list_mailbox
                0x0000000000002022       0xc2 ./rtthread/components/finsh/cmd.o
                0x0000000000002022                list_mailbox
 .text.list_msgqueue
                0x00000000000020e4       0xb8 ./rtthread/components/finsh/cmd.o
                0x00000000000020e4                list_msgqueue
 .text.list_device
                0x000000000000219c       0x96 ./rtthread/components/finsh/cmd.o
                0x000000000000219c                list_device
 .text.list_timer
                0x0000000000002232       0x9a ./rtthread/components/finsh/cmd.o
                0x0000000000002232                list_timer
 .text.list     0x00000000000022cc       0x4a ./rtthread/components/finsh/cmd.o
                0x00000000000022cc                list
 .text.msh_help
                0x0000000000002316       0x58 ./rtthread/components/finsh/msh.o
                0x0000000000002316                msh_help
 .text.msh_is_used
                0x000000000000236e        0x4 ./rtthread/components/finsh/msh.o
                0x000000000000236e                msh_is_used
 .text.msh_exec
                0x0000000000002372      0x1aa ./rtthread/components/finsh/msh.o
                0x0000000000002372                msh_exec
 .text.msh_auto_complete
                0x000000000000251c       0xa2 ./rtthread/components/finsh/msh.o
                0x000000000000251c                msh_auto_complete
 .text.cmd_ps   0x00000000000025be        0xe ./rtthread/components/finsh/msh_cmd.o
                0x00000000000025be                cmd_ps
 .text.cmd_free
                0x00000000000025cc        0xe ./rtthread/components/finsh/msh_cmd.o
                0x00000000000025cc                cmd_free
 .text.finsh_rx_ind
                0x00000000000025da       0x12 ./rtthread/components/finsh/shell.o
 .text.finsh_system_init
                0x00000000000025ec       0x98 ./rtthread/components/finsh/shell.o
                0x00000000000025ec                finsh_system_init
 .text.finsh_get_prompt
                0x0000000000002684       0x3c ./rtthread/components/finsh/shell.o
                0x0000000000002684                finsh_get_prompt
 .text.shell_handle_history
                0x00000000000026c0       0x2e ./rtthread/components/finsh/shell.o
 .text.finsh_set_device
                0x00000000000026ee       0x7e ./rtthread/components/finsh/shell.o
                0x00000000000026ee                finsh_set_device
 .text.finsh_thread_entry
                0x000000000000276c      0x428 ./rtthread/components/finsh/shell.o
                0x000000000000276c                finsh_thread_entry
 .text.rt_serial_init
                0x0000000000002b94       0x20 ./rtthread/components/drivers/serial/serial.o
 .text.rt_serial_write
                0x0000000000002bb4       0x46 ./rtthread/components/drivers/serial/serial.o
 .text.rt_serial_open
                0x0000000000002bfa       0xb0 ./rtthread/components/drivers/serial/serial.o
 .text.rt_serial_control
                0x0000000000002caa       0x78 ./rtthread/components/drivers/serial/serial.o
 .text.rt_serial_read
                0x0000000000002d22       0xa6 ./rtthread/components/drivers/serial/serial.o
 .text.rt_serial_close
                0x0000000000002dc8       0x48 ./rtthread/components/drivers/serial/serial.o
 .text.rt_hw_serial_register
                0x0000000000002e10       0x5a ./rtthread/components/drivers/serial/serial.o
                0x0000000000002e10                rt_hw_serial_register
 .text.rt_hw_serial_isr
                0x0000000000002e6a       0xba ./rtthread/components/drivers/serial/serial.o
                0x0000000000002e6a                rt_hw_serial_isr
 .text._pin_control
                0x0000000000002f24       0x20 ./rtthread/components/drivers/misc/pin.o
 .text.rt_pin_mode
                0x0000000000002f44       0x1a ./rtthread/components/drivers/misc/pin.o
                0x0000000000002f44                rt_pin_mode
 .text.rt_pin_write
                0x0000000000002f5e       0x1a ./rtthread/components/drivers/misc/pin.o
                0x0000000000002f5e                rt_pin_write
 .text.rt_pin_read
                0x0000000000002f78       0x18 ./rtthread/components/drivers/misc/pin.o
                0x0000000000002f78                rt_pin_read
 .text._pin_read
                0x0000000000002f90       0x32 ./rtthread/components/drivers/misc/pin.o
 .text._pin_write
                0x0000000000002fc2       0x30 ./rtthread/components/drivers/misc/pin.o
 .text.rt_device_pin_register
                0x0000000000002ff2       0x54 ./rtthread/components/drivers/misc/pin.o
                0x0000000000002ff2                rt_device_pin_register
 .text.rt_heap_begin_get
                0x0000000000003046        0xa ./rtthread/board.o
                0x0000000000003046                rt_heap_begin_get
 .text.rt_heap_end_get
                0x0000000000003050        0xa ./rtthread/board.o
                0x0000000000003050                rt_heap_end_get
 .text.rt_hw_board_init
                0x000000000000305a       0x76 ./rtthread/board.o
                0x000000000000305a                rt_hw_board_init
 .text.bit2bitno
                0x00000000000030d0       0x1c ./drivers/drv_gpio.o
 .text.GPIOD_CLK_ENABLE
                0x00000000000030ec       0x12 ./drivers/drv_gpio.o
 .text.GPIOB_CLK_ENABLE
                0x00000000000030fe       0x10 ./drivers/drv_gpio.o
 .text.GPIOA_CLK_ENABLE
                0x000000000000310e       0x10 ./drivers/drv_gpio.o
 .text.GPIOC_CLK_ENABLE
                0x000000000000311e       0x10 ./drivers/drv_gpio.o
 .text.GPIOE_CLK_ENABLE
                0x000000000000312e       0x12 ./drivers/drv_gpio.o
 .text.rt_hw_pin_init
                0x0000000000003140       0x1c ./drivers/drv_gpio.o
                0x0000000000003140                rt_hw_pin_init
 .text.get_pin  0x000000000000315c       0x20 ./drivers/drv_gpio.o
                0x000000000000315c                get_pin
 .text.ch32_pin_write
                0x000000000000317c       0x24 ./drivers/drv_gpio.o
                0x000000000000317c                ch32_pin_write
 .text.ch32_pin_read
                0x00000000000031a0       0x20 ./drivers/drv_gpio.o
                0x00000000000031a0                ch32_pin_read
 .text.ch32_pin_mode
                0x00000000000031c0       0x80 ./drivers/drv_gpio.o
                0x00000000000031c0                ch32_pin_mode
 .text.ch32_pin_attach_irq
                0x0000000000003240       0x96 ./drivers/drv_gpio.o
                0x0000000000003240                ch32_pin_attach_irq
 .text.ch32_pin_dettach_irq
                0x00000000000032d6       0x5a ./drivers/drv_gpio.o
                0x00000000000032d6                ch32_pin_dettach_irq
 .text.ch32_pin_irq_enable
                0x0000000000003330      0x15e ./drivers/drv_gpio.o
                0x0000000000003330                ch32_pin_irq_enable
 .text.ch32dma_transmit
                0x000000000000348e        0x4 ./drivers/drv_usart.o
                0x000000000000348e                ch32dma_transmit
 .text.ch32_configure
                0x0000000000003492       0xda ./drivers/drv_usart.o
 .text.rt_hw_usart_init
                0x000000000000356c       0xc8 ./drivers/drv_usart.o
                0x000000000000356c                rt_hw_usart_init
 .text.ch32_getc
                0x0000000000003634       0x24 ./drivers/drv_usart.o
 .text.ch32_putc
                0x0000000000003658       0x24 ./drivers/drv_usart.o
 .text.ch32_control
                0x000000000000367c       0x5c ./drivers/drv_usart.o
 .text.USART1_IRQHandler
                0x00000000000036d8       0x9a ./drivers/drv_usart.o
                0x00000000000036d8                USART1_IRQHandler
 .text.NMI_Handler
                0x0000000000003772        0x4 ./User/ch32v30x_it.o
                0x0000000000003772                NMI_Handler
 .text.HardFault_Handler
                0x0000000000003776        0x2 ./User/ch32v30x_it.o
                0x0000000000003776                HardFault_Handler
 .text.update_dac_buffer
                0x0000000000003778      0x114 ./User/main.o
 .text.DMA2_Channel3_IRQHandler
                0x000000000000388c       0xd2 ./User/main.o
                0x000000000000388c                DMA2_Channel3_IRQHandler
 .text.DMA1_Channel1_IRQHandler
                0x000000000000395e       0xa0 ./User/main.o
                0x000000000000395e                DMA1_Channel1_IRQHandler
 .text.DMA_Interrupt_Init
                0x00000000000039fe       0x2e ./User/main.o
                0x00000000000039fe                DMA_Interrupt_Init
 .text.DACs_Init
                0x0000000000003a2c       0xa6 ./User/main.o
                0x0000000000003a2c                DACs_Init
 .text.DAC_DMA_Init
                0x0000000000003ad2       0x96 ./User/main.o
                0x0000000000003ad2                DAC_DMA_Init
 .text.ADCs_Init
                0x0000000000003b68       0xe4 ./User/main.o
                0x0000000000003b68                ADCs_Init
 .text.ADC_DMA_Init
                0x0000000000003c4c       0x6e ./User/main.o
                0x0000000000003c4c                ADC_DMA_Init
 .text.Timer_Init
                0x0000000000003cba       0x82 ./User/main.o
                0x0000000000003cba                Timer_Init
 .text.startup.main
                0x0000000000003d3c      0x12e ./User/main.o
                0x0000000000003d3c                main
 .text.SystemInit
                0x0000000000003e6a       0xf8 ./User/system_ch32v30x.o
                0x0000000000003e6a                SystemInit
 .text.vector_handler
                0x0000000000003f62       0xbe ./Startup/startup_ch32v30x.o
                0x0000000000003f66                Ecall_M_Mode_Handler
                0x0000000000003f68                Ecall_U_Mode_Handler
                0x0000000000003f6a                Break_Point_Handler
                0x0000000000003f70                WWDG_IRQHandler
                0x0000000000003f72                PVD_IRQHandler
                0x0000000000003f74                TAMPER_IRQHandler
                0x0000000000003f76                RTC_IRQHandler
                0x0000000000003f78                FLASH_IRQHandler
                0x0000000000003f7a                RCC_IRQHandler
                0x0000000000003f7c                EXTI0_IRQHandler
                0x0000000000003f7e                EXTI1_IRQHandler
                0x0000000000003f80                EXTI2_IRQHandler
                0x0000000000003f82                EXTI3_IRQHandler
                0x0000000000003f84                EXTI4_IRQHandler
                0x0000000000003f88                DMA1_Channel2_IRQHandler
                0x0000000000003f8a                DMA1_Channel3_IRQHandler
                0x0000000000003f8c                DMA1_Channel4_IRQHandler
                0x0000000000003f8e                DMA1_Channel5_IRQHandler
                0x0000000000003f90                DMA1_Channel6_IRQHandler
                0x0000000000003f92                DMA1_Channel7_IRQHandler
                0x0000000000003f94                ADC1_2_IRQHandler
                0x0000000000003f96                USB_HP_CAN1_TX_IRQHandler
                0x0000000000003f98                USB_LP_CAN1_RX0_IRQHandler
                0x0000000000003f9a                CAN1_RX1_IRQHandler
                0x0000000000003f9c                CAN1_SCE_IRQHandler
                0x0000000000003f9e                EXTI9_5_IRQHandler
                0x0000000000003fa0                TIM1_BRK_IRQHandler
                0x0000000000003fa2                TIM1_UP_IRQHandler
                0x0000000000003fa4                TIM1_TRG_COM_IRQHandler
                0x0000000000003fa6                TIM1_CC_IRQHandler
                0x0000000000003fa8                TIM2_IRQHandler
                0x0000000000003faa                TIM3_IRQHandler
                0x0000000000003fac                TIM4_IRQHandler
                0x0000000000003fae                I2C1_EV_IRQHandler
                0x0000000000003fb0                I2C1_ER_IRQHandler
                0x0000000000003fb2                I2C2_EV_IRQHandler
                0x0000000000003fb4                I2C2_ER_IRQHandler
                0x0000000000003fb6                SPI1_IRQHandler
                0x0000000000003fb8                SPI2_IRQHandler
                0x0000000000003fbc                USART2_IRQHandler
                0x0000000000003fbe                USART3_IRQHandler
                0x0000000000003fc0                EXTI15_10_IRQHandler
                0x0000000000003fc2                RTCAlarm_IRQHandler
                0x0000000000003fc4                USBWakeUp_IRQHandler
                0x0000000000003fc6                TIM8_BRK_IRQHandler
                0x0000000000003fc8                TIM8_UP_IRQHandler
                0x0000000000003fca                TIM8_TRG_COM_IRQHandler
                0x0000000000003fcc                TIM8_CC_IRQHandler
                0x0000000000003fce                RNG_IRQHandler
                0x0000000000003fd0                FSMC_IRQHandler
                0x0000000000003fd2                SDIO_IRQHandler
                0x0000000000003fd4                TIM5_IRQHandler
                0x0000000000003fd6                SPI3_IRQHandler
                0x0000000000003fd8                UART4_IRQHandler
                0x0000000000003fda                UART5_IRQHandler
                0x0000000000003fdc                TIM6_IRQHandler
                0x0000000000003fde                TIM7_IRQHandler
                0x0000000000003fe0                DMA2_Channel1_IRQHandler
                0x0000000000003fe2                DMA2_Channel2_IRQHandler
                0x0000000000003fe6                DMA2_Channel4_IRQHandler
                0x0000000000003fe8                DMA2_Channel5_IRQHandler
                0x0000000000003fea                ETH_IRQHandler
                0x0000000000003fec                ETH_WKUP_IRQHandler
                0x0000000000003fee                CAN2_TX_IRQHandler
                0x0000000000003ff0                CAN2_RX0_IRQHandler
                0x0000000000003ff2                CAN2_RX1_IRQHandler
                0x0000000000003ff4                CAN2_SCE_IRQHandler
                0x0000000000003ff6                OTG_FS_IRQHandler
                0x0000000000003ff8                USBHSWakeup_IRQHandler
                0x0000000000003ffa                USBHS_IRQHandler
                0x0000000000003ffc                DVP_IRQHandler
                0x0000000000003ffe                UART6_IRQHandler
                0x0000000000004000                UART7_IRQHandler
                0x0000000000004002                UART8_IRQHandler
                0x0000000000004004                TIM9_BRK_IRQHandler
                0x0000000000004006                TIM9_UP_IRQHandler
                0x0000000000004008                TIM9_TRG_COM_IRQHandler
                0x000000000000400a                TIM9_CC_IRQHandler
                0x000000000000400c                TIM10_BRK_IRQHandler
                0x000000000000400e                TIM10_UP_IRQHandler
                0x0000000000004010                TIM10_TRG_COM_IRQHandler
                0x0000000000004012                TIM10_CC_IRQHandler
                0x0000000000004014                DMA2_Channel6_IRQHandler
                0x0000000000004016                DMA2_Channel7_IRQHandler
                0x0000000000004018                DMA2_Channel8_IRQHandler
                0x000000000000401a                DMA2_Channel9_IRQHandler
                0x000000000000401c                DMA2_Channel10_IRQHandler
                0x000000000000401e                DMA2_Channel11_IRQHandler
 .text.handle_reset
                0x0000000000004020       0x92 ./Startup/startup_ch32v30x.o
                0x0000000000004020                handle_reset
 .text.ADC_Init
                0x00000000000040b2       0x58 ./Peripheral/src/ch32v30x_adc.o
                0x00000000000040b2                ADC_Init
 .text.ADC_Cmd  0x000000000000410a       0x10 ./Peripheral/src/ch32v30x_adc.o
                0x000000000000410a                ADC_Cmd
 .text.ADC_DMACmd
                0x000000000000411a       0x12 ./Peripheral/src/ch32v30x_adc.o
                0x000000000000411a                ADC_DMACmd
 .text.ADC_RegularChannelConfig
                0x000000000000412c       0xb8 ./Peripheral/src/ch32v30x_adc.o
                0x000000000000412c                ADC_RegularChannelConfig
 .text.ADC_ExternalTrigConvCmd
                0x00000000000041e4       0x18 ./Peripheral/src/ch32v30x_adc.o
                0x00000000000041e4                ADC_ExternalTrigConvCmd
 .text.DAC_Init
                0x00000000000041fc       0x30 ./Peripheral/src/ch32v30x_dac.o
                0x00000000000041fc                DAC_Init
 .text.DAC_Cmd  0x000000000000422c       0x2c ./Peripheral/src/ch32v30x_dac.o
                0x000000000000422c                DAC_Cmd
 .text.DAC_DMACmd
                0x0000000000004258       0x2c ./Peripheral/src/ch32v30x_dac.o
                0x0000000000004258                DAC_DMACmd
 .text.DAC_SetDualChannelData
                0x0000000000004284       0x1c ./Peripheral/src/ch32v30x_dac.o
                0x0000000000004284                DAC_SetDualChannelData
 .text.DMA_DeInit
                0x00000000000042a0      0x16c ./Peripheral/src/ch32v30x_dma.o
                0x00000000000042a0                DMA_DeInit
 .text.DMA_Init
                0x000000000000440c       0x38 ./Peripheral/src/ch32v30x_dma.o
                0x000000000000440c                DMA_Init
 .text.DMA_StructInit
                0x0000000000004444       0x2e ./Peripheral/src/ch32v30x_dma.o
                0x0000000000004444                DMA_StructInit
 .text.DMA_Cmd  0x0000000000004472       0x14 ./Peripheral/src/ch32v30x_dma.o
                0x0000000000004472                DMA_Cmd
 .text.DMA_ITConfig
                0x0000000000004486       0x12 ./Peripheral/src/ch32v30x_dma.o
                0x0000000000004486                DMA_ITConfig
 .text.DMA_GetFlagStatus
                0x0000000000004498       0x32 ./Peripheral/src/ch32v30x_dma.o
                0x0000000000004498                DMA_GetFlagStatus
 .text.DMA_ClearFlag
                0x00000000000044ca       0x2c ./Peripheral/src/ch32v30x_dma.o
                0x00000000000044ca                DMA_ClearFlag
 .text.DMA_GetITStatus
                0x00000000000044f6        0xc ./Peripheral/src/ch32v30x_dma.o
                0x00000000000044f6                DMA_GetITStatus
 .text.DMA_ClearITPendingBit
                0x0000000000004502        0xc ./Peripheral/src/ch32v30x_dma.o
                0x0000000000004502                DMA_ClearITPendingBit
 .text.EXTI_Init
                0x000000000000450e       0x6a ./Peripheral/src/ch32v30x_exti.o
                0x000000000000450e                EXTI_Init
 .text.GPIO_Init
                0x0000000000004578       0xc2 ./Peripheral/src/ch32v30x_gpio.o
                0x0000000000004578                GPIO_Init
 .text.GPIO_ReadInputDataBit
                0x000000000000463a        0xa ./Peripheral/src/ch32v30x_gpio.o
                0x000000000000463a                GPIO_ReadInputDataBit
 .text.GPIO_WriteBit
                0x0000000000004644        0xa ./Peripheral/src/ch32v30x_gpio.o
                0x0000000000004644                GPIO_WriteBit
 .text.GPIO_EXTILineConfig
                0x000000000000464e       0x2c ./Peripheral/src/ch32v30x_gpio.o
                0x000000000000464e                GPIO_EXTILineConfig
 .text.NVIC_Init
                0x000000000000467a       0xb8 ./Peripheral/src/ch32v30x_misc.o
                0x000000000000467a                NVIC_Init
 .text.RCC_GetClocksFreq
                0x0000000000004732      0x10e ./Peripheral/src/ch32v30x_rcc.o
                0x0000000000004732                RCC_GetClocksFreq
 .text.RCC_AHBPeriphClockCmd
                0x0000000000004840       0x1e ./Peripheral/src/ch32v30x_rcc.o
                0x0000000000004840                RCC_AHBPeriphClockCmd
 .text.RCC_APB2PeriphClockCmd
                0x000000000000485e       0x1e ./Peripheral/src/ch32v30x_rcc.o
                0x000000000000485e                RCC_APB2PeriphClockCmd
 .text.RCC_APB1PeriphClockCmd
                0x000000000000487c       0x1e ./Peripheral/src/ch32v30x_rcc.o
                0x000000000000487c                RCC_APB1PeriphClockCmd
 .text.TIM_TimeBaseInit
                0x000000000000489a       0xc0 ./Peripheral/src/ch32v30x_tim.o
                0x000000000000489a                TIM_TimeBaseInit
 .text.TIM_TimeBaseStructInit
                0x000000000000495a       0x18 ./Peripheral/src/ch32v30x_tim.o
                0x000000000000495a                TIM_TimeBaseStructInit
 .text.TIM_Cmd  0x0000000000004972       0x1c ./Peripheral/src/ch32v30x_tim.o
                0x0000000000004972                TIM_Cmd
 .text.TIM_SelectOutputTrigger
                0x000000000000498e       0x20 ./Peripheral/src/ch32v30x_tim.o
                0x000000000000498e                TIM_SelectOutputTrigger
 .text.USART_Init
                0x00000000000049ae       0xd8 ./Peripheral/src/ch32v30x_usart.o
                0x00000000000049ae                USART_Init
 .text.USART_Cmd
                0x0000000000004a86       0x1c ./Peripheral/src/ch32v30x_usart.o
                0x0000000000004a86                USART_Cmd
 .text.USART_ITConfig
                0x0000000000004aa2       0x36 ./Peripheral/src/ch32v30x_usart.o
                0x0000000000004aa2                USART_ITConfig
 .text.USART_SendData
                0x0000000000004ad8        0xa ./Peripheral/src/ch32v30x_usart.o
                0x0000000000004ad8                USART_SendData
 .text.USART_GetFlagStatus
                0x0000000000004ae2        0xc ./Peripheral/src/ch32v30x_usart.o
                0x0000000000004ae2                USART_GetFlagStatus
 .text.USART_GetITStatus
                0x0000000000004aee       0x44 ./Peripheral/src/ch32v30x_usart.o
                0x0000000000004aee                USART_GetITStatus
 .text.USART_ClearITPendingBit
                0x0000000000004b32       0x16 ./Peripheral/src/ch32v30x_usart.o
                0x0000000000004b32                USART_ClearITPendingBit
 .text.SysTick_Handler
                0x0000000000004b48       0x16 ./Peripheral/src/systick.o
                0x0000000000004b48                SysTick_Handler
 .text.GetTick  0x0000000000004b5e        0x6 ./Peripheral/src/systick.o
                0x0000000000004b5e                GetTick
 .text._write   0x0000000000004b64       0x3e ./Debug/debug.o
                0x0000000000004b64                _write
 .text._sbrk    0x0000000000004ba2       0x2a ./Debug/debug.o
                0x0000000000004ba2                _sbrk
 .text.sinf     0x0000000000004bcc       0x78 c:/mounriver3/mrs_community/toolchain/risc-v embedded gcc/bin/../lib/gcc/riscv-none-embed/8.2.0/../../../../riscv-none-embed/lib/rv32imafc/ilp32f\libm.a(lib_a-sf_sin.o)
                0x0000000000004bcc                sinf
 .text.__ieee754_rem_pio2f
                0x0000000000004c44      0x2b4 c:/mounriver3/mrs_community/toolchain/risc-v embedded gcc/bin/../lib/gcc/riscv-none-embed/8.2.0/../../../../riscv-none-embed/lib/rv32imafc/ilp32f\libm.a(lib_a-ef_rem_pio2.o)
                0x0000000000004c44                __ieee754_rem_pio2f
 .text.__kernel_cosf
                0x0000000000004ef8      0x140 c:/mounriver3/mrs_community/toolchain/risc-v embedded gcc/bin/../lib/gcc/riscv-none-embed/8.2.0/../../../../riscv-none-embed/lib/rv32imafc/ilp32f\libm.a(lib_a-kf_cos.o)
                0x0000000000004ef8                __kernel_cosf
 .text.__kernel_rem_pio2f
                0x0000000000005038      0x6f2 c:/mounriver3/mrs_community/toolchain/risc-v embedded gcc/bin/../lib/gcc/riscv-none-embed/8.2.0/../../../../riscv-none-embed/lib/rv32imafc/ilp32f\libm.a(lib_a-kf_rem_pio2.o)
                0x0000000000005038                __kernel_rem_pio2f
 .text.__kernel_sinf
                0x000000000000572a       0xa2 c:/mounriver3/mrs_community/toolchain/risc-v embedded gcc/bin/../lib/gcc/riscv-none-embed/8.2.0/../../../../riscv-none-embed/lib/rv32imafc/ilp32f\libm.a(lib_a-kf_sin.o)
                0x000000000000572a                __kernel_sinf
 .text.fabsf    0x00000000000057cc        0xe c:/mounriver3/mrs_community/toolchain/risc-v embedded gcc/bin/../lib/gcc/riscv-none-embed/8.2.0/../../../../riscv-none-embed/lib/rv32imafc/ilp32f\libm.a(lib_a-sf_fabs.o)
                0x00000000000057cc                fabsf
 .text.floorf   0x00000000000057da       0xb2 c:/mounriver3/mrs_community/toolchain/risc-v embedded gcc/bin/../lib/gcc/riscv-none-embed/8.2.0/../../../../riscv-none-embed/lib/rv32imafc/ilp32f\libm.a(lib_a-sf_floor.o)
                0x00000000000057da                floorf
 .text.scalbnf  0x000000000000588c      0x100 c:/mounriver3/mrs_community/toolchain/risc-v embedded gcc/bin/../lib/gcc/riscv-none-embed/8.2.0/../../../../riscv-none-embed/lib/rv32imafc/ilp32f\libm.a(lib_a-sf_scalbn.o)
                0x000000000000588c                scalbnf
 .text.copysignf
                0x000000000000598c       0x1c c:/mounriver3/mrs_community/toolchain/risc-v embedded gcc/bin/../lib/gcc/riscv-none-embed/8.2.0/../../../../riscv-none-embed/lib/rv32imafc/ilp32f\libm.a(lib_a-sf_copysign.o)
                0x000000000000598c                copysignf
 .text.__gedf2  0x00000000000059a8       0xb6 c:/mounriver3/mrs_community/toolchain/risc-v embedded gcc/bin/../lib/gcc/riscv-none-embed/8.2.0/rv32imafc/ilp32f\libgcc.a(gedf2.o)
                0x00000000000059a8                __gedf2
                0x00000000000059a8                __gtdf2
 .text.__ledf2  0x0000000000005a5e       0xb6 c:/mounriver3/mrs_community/toolchain/risc-v embedded gcc/bin/../lib/gcc/riscv-none-embed/8.2.0/rv32imafc/ilp32f\libgcc.a(ledf2.o)
                0x0000000000005a5e                __ledf2
                0x0000000000005a5e                __ltdf2
 .text.__subdf3
                0x0000000000005b14      0xa8c c:/mounriver3/mrs_community/toolchain/risc-v embedded gcc/bin/../lib/gcc/riscv-none-embed/8.2.0/rv32imafc/ilp32f\libgcc.a(subdf3.o)
                0x0000000000005b14                __subdf3
 .text.__extendsfdf2
                0x00000000000065a0       0xe8 c:/mounriver3/mrs_community/toolchain/risc-v embedded gcc/bin/../lib/gcc/riscv-none-embed/8.2.0/rv32imafc/ilp32f\libgcc.a(extendsfdf2.o)
                0x00000000000065a0                __extendsfdf2
 .text.__truncdfsf2
                0x0000000000006688      0x31e c:/mounriver3/mrs_community/toolchain/risc-v embedded gcc/bin/../lib/gcc/riscv-none-embed/8.2.0/rv32imafc/ilp32f\libgcc.a(truncdfsf2.o)
                0x0000000000006688                __truncdfsf2
 .text.__clzsi2
                0x00000000000069a6       0x76 c:/mounriver3/mrs_community/toolchain/risc-v embedded gcc/bin/../lib/gcc/riscv-none-embed/8.2.0/rv32imafc/ilp32f\libgcc.a(_clzsi2.o)
                0x00000000000069a6                __clzsi2
 .text.memcmp   0x0000000000006a1c       0x26 c:/mounriver3/mrs_community/toolchain/risc-v embedded gcc/bin/../lib/gcc/riscv-none-embed/8.2.0/../../../../riscv-none-embed/lib/rv32imafc/ilp32f\libg_nano.a(lib_a-memcmp.o)
                0x0000000000006a1c                memcmp
 .text.memcpy   0x0000000000006a42       0xb6 c:/mounriver3/mrs_community/toolchain/risc-v embedded gcc/bin/../lib/gcc/riscv-none-embed/8.2.0/../../../../riscv-none-embed/lib/rv32imafc/ilp32f\libg_nano.a(lib_a-memcpy.o)
                0x0000000000006a42                memcpy
 .text.printf   0x0000000000006af8       0x40 c:/mounriver3/mrs_community/toolchain/risc-v embedded gcc/bin/../lib/gcc/riscv-none-embed/8.2.0/../../../../riscv-none-embed/lib/rv32imafc/ilp32f\libg_nano.a(lib_a-printf.o)
                0x0000000000006af8                iprintf
                0x0000000000006af8                printf
 .text._puts_r  0x0000000000006b38       0xda c:/mounriver3/mrs_community/toolchain/risc-v embedded gcc/bin/../lib/gcc/riscv-none-embed/8.2.0/../../../../riscv-none-embed/lib/rv32imafc/ilp32f\libg_nano.a(lib_a-puts.o)
                0x0000000000006b38                _puts_r
 .text.puts     0x0000000000006c12        0xc c:/mounriver3/mrs_community/toolchain/risc-v embedded gcc/bin/../lib/gcc/riscv-none-embed/8.2.0/../../../../riscv-none-embed/lib/rv32imafc/ilp32f\libg_nano.a(lib_a-puts.o)
                0x0000000000006c12                puts
 .text.strcat   0x0000000000006c1e       0x20 c:/mounriver3/mrs_community/toolchain/risc-v embedded gcc/bin/../lib/gcc/riscv-none-embed/8.2.0/../../../../riscv-none-embed/lib/rv32imafc/ilp32f\libg_nano.a(lib_a-strcat.o)
                0x0000000000006c1e                strcat
 .text.strcpy   0x0000000000006c3e       0x12 c:/mounriver3/mrs_community/toolchain/risc-v embedded gcc/bin/../lib/gcc/riscv-none-embed/8.2.0/../../../../riscv-none-embed/lib/rv32imafc/ilp32f\libg_nano.a(lib_a-strcpy.o)
                0x0000000000006c3e                strcpy
 .text.strlen   0x0000000000006c50       0x12 c:/mounriver3/mrs_community/toolchain/risc-v embedded gcc/bin/../lib/gcc/riscv-none-embed/8.2.0/../../../../riscv-none-embed/lib/rv32imafc/ilp32f\libg_nano.a(lib_a-strlen.o)
                0x0000000000006c50                strlen
 .text.strncmp  0x0000000000006c62       0x2c c:/mounriver3/mrs_community/toolchain/risc-v embedded gcc/bin/../lib/gcc/riscv-none-embed/8.2.0/../../../../riscv-none-embed/lib/rv32imafc/ilp32f\libg_nano.a(lib_a-strncmp.o)
                0x0000000000006c62                strncmp
 .text.__swbuf_r
                0x0000000000006c8e       0xc0 c:/mounriver3/mrs_community/toolchain/risc-v embedded gcc/bin/../lib/gcc/riscv-none-embed/8.2.0/../../../../riscv-none-embed/lib/rv32imafc/ilp32f\libg_nano.a(lib_a-wbuf.o)
                0x0000000000006c8e                __swbuf_r
 .text.__swsetup_r
                0x0000000000006d4e      0x10c c:/mounriver3/mrs_community/toolchain/risc-v embedded gcc/bin/../lib/gcc/riscv-none-embed/8.2.0/../../../../riscv-none-embed/lib/rv32imafc/ilp32f\libg_nano.a(lib_a-wsetup.o)
                0x0000000000006d4e                __swsetup_r
 .text.__sflush_r
                0x0000000000006e5a      0x13c c:/mounriver3/mrs_community/toolchain/risc-v embedded gcc/bin/../lib/gcc/riscv-none-embed/8.2.0/../../../../riscv-none-embed/lib/rv32imafc/ilp32f\libg_nano.a(lib_a-fflush.o)
                0x0000000000006e5a                __sflush_r
 .text._fflush_r
                0x0000000000006f96       0x66 c:/mounriver3/mrs_community/toolchain/risc-v embedded gcc/bin/../lib/gcc/riscv-none-embed/8.2.0/../../../../riscv-none-embed/lib/rv32imafc/ilp32f\libg_nano.a(lib_a-fflush.o)
                0x0000000000006f96                _fflush_r
 .text.std      0x0000000000006ffc       0x6a c:/mounriver3/mrs_community/toolchain/risc-v embedded gcc/bin/../lib/gcc/riscv-none-embed/8.2.0/../../../../riscv-none-embed/lib/rv32imafc/ilp32f\libg_nano.a(lib_a-findfp.o)
 .text._cleanup_r
                0x0000000000007066        0xa c:/mounriver3/mrs_community/toolchain/risc-v embedded gcc/bin/../lib/gcc/riscv-none-embed/8.2.0/../../../../riscv-none-embed/lib/rv32imafc/ilp32f\libg_nano.a(lib_a-findfp.o)
                0x0000000000007066                _cleanup_r
 .text.__sfmoreglue
                0x0000000000007070       0x46 c:/mounriver3/mrs_community/toolchain/risc-v embedded gcc/bin/../lib/gcc/riscv-none-embed/8.2.0/../../../../riscv-none-embed/lib/rv32imafc/ilp32f\libg_nano.a(lib_a-findfp.o)
                0x0000000000007070                __sfmoreglue
 .text.__sinit  0x00000000000070b6       0x6c c:/mounriver3/mrs_community/toolchain/risc-v embedded gcc/bin/../lib/gcc/riscv-none-embed/8.2.0/../../../../riscv-none-embed/lib/rv32imafc/ilp32f\libg_nano.a(lib_a-findfp.o)
                0x00000000000070b6                __sinit
 .text.__sfp    0x0000000000007122       0xa0 c:/mounriver3/mrs_community/toolchain/risc-v embedded gcc/bin/../lib/gcc/riscv-none-embed/8.2.0/../../../../riscv-none-embed/lib/rv32imafc/ilp32f\libg_nano.a(lib_a-findfp.o)
                0x0000000000007122                __sfp
 .text._fwalk_reent
                0x00000000000071c2       0x6c c:/mounriver3/mrs_community/toolchain/risc-v embedded gcc/bin/../lib/gcc/riscv-none-embed/8.2.0/../../../../riscv-none-embed/lib/rv32imafc/ilp32f\libg_nano.a(lib_a-fwalk.o)
                0x00000000000071c2                _fwalk_reent
 .text.__swhatbuf_r
                0x000000000000722e       0x5a c:/mounriver3/mrs_community/toolchain/risc-v embedded gcc/bin/../lib/gcc/riscv-none-embed/8.2.0/../../../../riscv-none-embed/lib/rv32imafc/ilp32f\libg_nano.a(lib_a-makebuf.o)
                0x000000000000722e                __swhatbuf_r
 .text.__smakebuf_r
                0x0000000000007288       0xa0 c:/mounriver3/mrs_community/toolchain/risc-v embedded gcc/bin/../lib/gcc/riscv-none-embed/8.2.0/../../../../riscv-none-embed/lib/rv32imafc/ilp32f\libg_nano.a(lib_a-makebuf.o)
                0x0000000000007288                __smakebuf_r
 .text._free_r  0x0000000000007328       0xa8 c:/mounriver3/mrs_community/toolchain/risc-v embedded gcc/bin/../lib/gcc/riscv-none-embed/8.2.0/../../../../riscv-none-embed/lib/rv32imafc/ilp32f\libg_nano.a(lib_a-nano-freer.o)
                0x0000000000007328                _free_r
 .text._malloc_r
                0x00000000000073d0       0xd4 c:/mounriver3/mrs_community/toolchain/risc-v embedded gcc/bin/../lib/gcc/riscv-none-embed/8.2.0/../../../../riscv-none-embed/lib/rv32imafc/ilp32f\libg_nano.a(lib_a-nano-mallocr.o)
                0x00000000000073d0                _malloc_r
 .text.__sfputc_r
                0x00000000000074a4       0x2a c:/mounriver3/mrs_community/toolchain/risc-v embedded gcc/bin/../lib/gcc/riscv-none-embed/8.2.0/../../../../riscv-none-embed/lib/rv32imafc/ilp32f\libg_nano.a(lib_a-nano-vfprintf.o)
 .text.__sfputs_r
                0x00000000000074ce       0x44 c:/mounriver3/mrs_community/toolchain/risc-v embedded gcc/bin/../lib/gcc/riscv-none-embed/8.2.0/../../../../riscv-none-embed/lib/rv32imafc/ilp32f\libg_nano.a(lib_a-nano-vfprintf.o)
                0x00000000000074ce                __sfputs_r
 .text._vfprintf_r
                0x0000000000007512      0x29c c:/mounriver3/mrs_community/toolchain/risc-v embedded gcc/bin/../lib/gcc/riscv-none-embed/8.2.0/../../../../riscv-none-embed/lib/rv32imafc/ilp32f\libg_nano.a(lib_a-nano-vfprintf.o)
                0x0000000000007512                _vfprintf_r
                0x0000000000007512                _vfiprintf_r
 .text._printf_common
                0x00000000000077ae      0x10c c:/mounriver3/mrs_community/toolchain/risc-v embedded gcc/bin/../lib/gcc/riscv-none-embed/8.2.0/../../../../riscv-none-embed/lib/rv32imafc/ilp32f\libg_nano.a(lib_a-nano-vfprintf_i.o)
                0x00000000000077ae                _printf_common
 .text._printf_i
                0x00000000000078ba      0x2aa c:/mounriver3/mrs_community/toolchain/risc-v embedded gcc/bin/../lib/gcc/riscv-none-embed/8.2.0/../../../../riscv-none-embed/lib/rv32imafc/ilp32f\libg_nano.a(lib_a-nano-vfprintf_i.o)
                0x00000000000078ba                _printf_i
 .text._sbrk_r  0x0000000000007b64       0x32 c:/mounriver3/mrs_community/toolchain/risc-v embedded gcc/bin/../lib/gcc/riscv-none-embed/8.2.0/../../../../riscv-none-embed/lib/rv32imafc/ilp32f\libg_nano.a(lib_a-sbrkr.o)
                0x0000000000007b64                _sbrk_r
 .text.__sread  0x0000000000007b96       0x30 c:/mounriver3/mrs_community/toolchain/risc-v embedded gcc/bin/../lib/gcc/riscv-none-embed/8.2.0/../../../../riscv-none-embed/lib/rv32imafc/ilp32f\libg_nano.a(lib_a-stdio.o)
                0x0000000000007b96                __sread
 .text.__swrite
                0x0000000000007bc6       0x4e c:/mounriver3/mrs_community/toolchain/risc-v embedded gcc/bin/../lib/gcc/riscv-none-embed/8.2.0/../../../../riscv-none-embed/lib/rv32imafc/ilp32f\libg_nano.a(lib_a-stdio.o)
                0x0000000000007bc6                __swrite
 .text.__sseek  0x0000000000007c14       0x36 c:/mounriver3/mrs_community/toolchain/risc-v embedded gcc/bin/../lib/gcc/riscv-none-embed/8.2.0/../../../../riscv-none-embed/lib/rv32imafc/ilp32f\libg_nano.a(lib_a-stdio.o)
                0x0000000000007c14                __sseek
 .text.__sclose
                0x0000000000007c4a        0x6 c:/mounriver3/mrs_community/toolchain/risc-v embedded gcc/bin/../lib/gcc/riscv-none-embed/8.2.0/../../../../riscv-none-embed/lib/rv32imafc/ilp32f\libg_nano.a(lib_a-stdio.o)
                0x0000000000007c4a                __sclose
 .text._write_r
                0x0000000000007c50       0x36 c:/mounriver3/mrs_community/toolchain/risc-v embedded gcc/bin/../lib/gcc/riscv-none-embed/8.2.0/../../../../riscv-none-embed/lib/rv32imafc/ilp32f\libg_nano.a(lib_a-writer.o)
                0x0000000000007c50                _write_r
 .text._close_r
                0x0000000000007c86       0x30 c:/mounriver3/mrs_community/toolchain/risc-v embedded gcc/bin/../lib/gcc/riscv-none-embed/8.2.0/../../../../riscv-none-embed/lib/rv32imafc/ilp32f\libg_nano.a(lib_a-closer.o)
                0x0000000000007c86                _close_r
 .text._fstat_r
                0x0000000000007cb6       0x32 c:/mounriver3/mrs_community/toolchain/risc-v embedded gcc/bin/../lib/gcc/riscv-none-embed/8.2.0/../../../../riscv-none-embed/lib/rv32imafc/ilp32f\libg_nano.a(lib_a-fstatr.o)
                0x0000000000007cb6                _fstat_r
 .text._isatty_r
                0x0000000000007ce8       0x30 c:/mounriver3/mrs_community/toolchain/risc-v embedded gcc/bin/../lib/gcc/riscv-none-embed/8.2.0/../../../../riscv-none-embed/lib/rv32imafc/ilp32f\libg_nano.a(lib_a-isattyr.o)
                0x0000000000007ce8                _isatty_r
 .text._lseek_r
                0x0000000000007d18       0x34 c:/mounriver3/mrs_community/toolchain/risc-v embedded gcc/bin/../lib/gcc/riscv-none-embed/8.2.0/../../../../riscv-none-embed/lib/rv32imafc/ilp32f\libg_nano.a(lib_a-lseekr.o)
                0x0000000000007d18                _lseek_r
 .text.memchr   0x0000000000007d4c       0x1a c:/mounriver3/mrs_community/toolchain/risc-v embedded gcc/bin/../lib/gcc/riscv-none-embed/8.2.0/../../../../riscv-none-embed/lib/rv32imafc/ilp32f\libg_nano.a(lib_a-memchr.o)
                0x0000000000007d4c                memchr
 .text.__malloc_lock
                0x0000000000007d66        0x2 c:/mounriver3/mrs_community/toolchain/risc-v embedded gcc/bin/../lib/gcc/riscv-none-embed/8.2.0/../../../../riscv-none-embed/lib/rv32imafc/ilp32f\libg_nano.a(lib_a-mlock.o)
                0x0000000000007d66                __malloc_lock
 .text.__malloc_unlock
                0x0000000000007d68        0x2 c:/mounriver3/mrs_community/toolchain/risc-v embedded gcc/bin/../lib/gcc/riscv-none-embed/8.2.0/../../../../riscv-none-embed/lib/rv32imafc/ilp32f\libg_nano.a(lib_a-mlock.o)
                0x0000000000007d68                __malloc_unlock
 .text._read_r  0x0000000000007d6a       0x34 c:/mounriver3/mrs_community/toolchain/risc-v embedded gcc/bin/../lib/gcc/riscv-none-embed/8.2.0/../../../../riscv-none-embed/lib/rv32imafc/ilp32f\libg_nano.a(lib_a-readr.o)
                0x0000000000007d6a                _read_r
 .text._close   0x0000000000007d9e       0x10 c:/mounriver3/mrs_community/toolchain/risc-v embedded gcc/bin/../lib/gcc/riscv-none-embed/8.2.0/../../../../riscv-none-embed/lib/rv32imafc/ilp32f\libnosys.a(close.o)
                0x0000000000007d9e                _close
 .text._fstat   0x0000000000007dae       0x10 c:/mounriver3/mrs_community/toolchain/risc-v embedded gcc/bin/../lib/gcc/riscv-none-embed/8.2.0/../../../../riscv-none-embed/lib/rv32imafc/ilp32f\libnosys.a(fstat.o)
                0x0000000000007dae                _fstat
 .text._isatty  0x0000000000007dbe       0x10 c:/mounriver3/mrs_community/toolchain/risc-v embedded gcc/bin/../lib/gcc/riscv-none-embed/8.2.0/../../../../riscv-none-embed/lib/rv32imafc/ilp32f\libnosys.a(isatty.o)
                0x0000000000007dbe                _isatty
 .text._lseek   0x0000000000007dce       0x10 c:/mounriver3/mrs_community/toolchain/risc-v embedded gcc/bin/../lib/gcc/riscv-none-embed/8.2.0/../../../../riscv-none-embed/lib/rv32imafc/ilp32f\libnosys.a(lseek.o)
                0x0000000000007dce                _lseek
 .text._read    0x0000000000007dde       0x10 c:/mounriver3/mrs_community/toolchain/risc-v embedded gcc/bin/../lib/gcc/riscv-none-embed/8.2.0/../../../../riscv-none-embed/lib/rv32imafc/ilp32f\libnosys.a(read.o)
                0x0000000000007dde                _read
 *(.rodata)
 *fill*         0x0000000000007dee        0x2 
 .rodata        0x0000000000007df0       0x50 ./rtthread/components/finsh/cmd.o
 *(.rodata*)
 .rodata.rt_application_init.str1.4
                0x0000000000007e40        0x5 ./rtthread/src/components.o
 *fill*         0x0000000000007e45        0x3 
 .rodata.rt_device_init.str1.4
                0x0000000000007e48       0x36 ./rtthread/src/device.o
 *fill*         0x0000000000007e7e        0x2 
 .rodata.rt_thread_idle_init.str1.4
                0x0000000000007e80        0x6 ./rtthread/src/idle.o
 *fill*         0x0000000000007e86        0x2 
 .rodata.__lowest_bit_bitmap
                0x0000000000007e88      0x100 ./rtthread/src/kservice.o
                0x0000000000007e88                __lowest_bit_bitmap
 .rodata.large_digits.2585
                0x0000000000007f88       0x11 ./rtthread/src/kservice.o
 *fill*         0x0000000000007f99        0x3 
 .rodata.rt_show_version.str1.4
                0x0000000000007f9c       0x86 ./rtthread/src/kservice.o
 *fill*         0x0000000000008022        0x2 
 .rodata.rt_vsnprintf.str1.4
                0x0000000000008024        0x7 ./rtthread/src/kservice.o
 *fill*         0x000000000000802b        0x1 
 .rodata.small_digits.2584
                0x000000000000802c       0x11 ./rtthread/src/kservice.o
 *fill*         0x000000000000803d        0x3 
 .rodata.list_mem.str1.4
                0x0000000000008040       0x46 ./rtthread/src/mem.o
 *fill*         0x0000000000008086        0x2 
 .rodata.name   0x0000000000008088       0x29 ./rtthread/src/mem.o
                0x0000000000008088                __fsym_list_mem_desc
                0x00000000000080a8                __fsym_list_mem_name
 *fill*         0x00000000000080b1        0x3 
 .rodata.rt_free.str1.4
                0x00000000000080b4       0x4c ./rtthread/src/mem.o
 .rodata.rt_system_heap_init.str1.4
                0x0000000000008100       0x42 ./rtthread/src/mem.o
 *fill*         0x0000000000008142        0x2 
 .rodata.clear.str1.4
                0x0000000000008144        0x8 ./rtthread/components/finsh/cmd.o
 .rodata.list.str1.4
                0x000000000000814c       0x25 ./rtthread/components/finsh/cmd.o
 *fill*         0x0000000000008171        0x3 
 .rodata.list_device.str1.4
                0x0000000000008174       0x67 ./rtthread/components/finsh/cmd.o
 *fill*         0x00000000000081db        0x1 
 .rodata.list_event.str1.4
                0x00000000000081dc       0x76 ./rtthread/components/finsh/cmd.o
 *fill*         0x0000000000008252        0x2 
 .rodata.list_mailbox.str1.4
                0x0000000000008254       0x76 ./rtthread/components/finsh/cmd.o
 *fill*         0x00000000000082ca        0x2 
 .rodata.list_msgqueue.str1.4
                0x00000000000082cc       0x65 ./rtthread/components/finsh/cmd.o
 *fill*         0x0000000000008331        0x3 
 .rodata.list_mutex.str1.4
                0x0000000000008334       0x63 ./rtthread/components/finsh/cmd.o
 *fill*         0x0000000000008397        0x1 
 .rodata.list_sem.str1.4
                0x0000000000008398       0x60 ./rtthread/components/finsh/cmd.o
                                         0x64 (size before relaxing)
 .rodata.list_thread.str1.4
                0x00000000000083f8       0xf0 ./rtthread/components/finsh/cmd.o
 .rodata.list_timer.str1.4
                0x00000000000084e8       0x9d ./rtthread/components/finsh/cmd.o
 *fill*         0x0000000000008585        0x3 
 .rodata.name   0x0000000000008588      0x323 ./rtthread/components/finsh/cmd.o
                0x0000000000008588                __fsym_list_desc
                0x00000000000085a4                __fsym_list_name
                0x00000000000085ac                __fsym___cmd_list_device_desc
                0x00000000000085c4                __fsym___cmd_list_device_name
                0x00000000000085d8                __fsym_list_device_desc
                0x00000000000085f0                __fsym_list_device_name
                0x00000000000085fc                __fsym___cmd_list_timer_desc
                0x0000000000008614                __fsym___cmd_list_timer_name
                0x0000000000008628                __fsym_list_timer_desc
                0x0000000000008640                __fsym_list_timer_name
                0x000000000000864c                __fsym___cmd_list_msgqueue_desc
                0x000000000000866c                __fsym___cmd_list_msgqueue_name
                0x0000000000008680                __fsym_list_msgqueue_desc
                0x00000000000086a0                __fsym_list_msgqueue_name
                0x00000000000086b0                __fsym___cmd_list_mailbox_desc
                0x00000000000086c8                __fsym___cmd_list_mailbox_name
                0x00000000000086dc                __fsym_list_mailbox_desc
                0x00000000000086f4                __fsym_list_mailbox_name
                0x0000000000008704                __fsym___cmd_list_mutex_desc
                0x000000000000871c                __fsym___cmd_list_mutex_name
                0x0000000000008730                __fsym_list_mutex_desc
                0x0000000000008748                __fsym_list_mutex_name
                0x0000000000008754                __fsym___cmd_list_event_desc
                0x000000000000876c                __fsym___cmd_list_event_name
                0x0000000000008780                __fsym_list_event_desc
                0x0000000000008798                __fsym_list_event_name
                0x00000000000087a4                __fsym___cmd_list_sem_desc
                0x00000000000087c0                __fsym___cmd_list_sem_name
                0x00000000000087d0                __fsym_list_sem_desc
                0x00000000000087ec                __fsym_list_sem_name
                0x00000000000087f8                __fsym___cmd_list_thread_desc
                0x0000000000008804                __fsym___cmd_list_thread_name
                0x0000000000008818                __fsym_list_thread_desc
                0x0000000000008824                __fsym_list_thread_name
                0x0000000000008830                __fsym___cmd_clear_desc
                0x0000000000008844                __fsym___cmd_clear_name
                0x0000000000008850                __fsym_clear_desc
                0x0000000000008864                __fsym_clear_name
                0x000000000000886c                __fsym___cmd_reboot_desc
                0x0000000000008880                __fsym___cmd_reboot_name
                0x0000000000008890                __fsym_reboot_desc
                0x00000000000088a4                __fsym_reboot_name
 *fill*         0x00000000000088ab        0x1 
 .rodata.object_split.str1.4
                0x00000000000088ac        0x2 ./rtthread/components/finsh/cmd.o
 *fill*         0x00000000000088ae        0x2 
 .rodata.show_wait_queue.str1.4
                0x00000000000088b0        0x6 ./rtthread/components/finsh/cmd.o
 *fill*         0x00000000000088b6        0x2 
 .rodata.str1.4
                0x00000000000088b8      0x11c ./rtthread/components/finsh/cmd.o
 .rodata.msh_auto_complete.str1.4
                0x00000000000089d4      0x11c ./rtthread/components/finsh/msh.o
                                          0x4 (size before relaxing)
 .rodata.msh_exec.str1.4
                0x00000000000089d4       0x3c ./rtthread/components/finsh/msh.o
 .rodata.msh_help.str1.4
                0x0000000000008a10       0x30 ./rtthread/components/finsh/msh.o
                                         0x32 (size before relaxing)
 .rodata.name   0x0000000000008a40       0x23 ./rtthread/components/finsh/msh.o
                0x0000000000008a40                __fsym___cmd_help_desc
                0x0000000000008a58                __fsym___cmd_help_name
 *fill*         0x0000000000008a63        0x1 
 .rodata.name   0x0000000000008a64       0x55 ./rtthread/components/finsh/msh_cmd.o
                0x0000000000008a64                __fsym___cmd_free_desc
                0x0000000000008a88                __fsym___cmd_free_name
                0x0000000000008a94                __fsym___cmd_ps_desc
                0x0000000000008ab0                __fsym___cmd_ps_name
 *fill*         0x0000000000008ab9        0x3 
 .rodata.finsh_get_prompt.str1.4
                0x0000000000008abc       0x12 ./rtthread/components/finsh/shell.o
 *fill*         0x0000000000008ace        0x2 
 .rodata.finsh_set_device.str1.4
                0x0000000000008ad0       0x20 ./rtthread/components/finsh/shell.o
 .rodata.finsh_system_init.str1.4
                0x0000000000008af0       0x25 ./rtthread/components/finsh/shell.o
 *fill*         0x0000000000008b15        0x3 
 .rodata.finsh_thread_entry.str1.4
                0x0000000000008b18       0x14 ./rtthread/components/finsh/shell.o
                                         0x1b (size before relaxing)
 .rodata.shell_handle_history.str1.4
                0x0000000000008b2c        0xd ./rtthread/components/finsh/shell.o
 *fill*         0x0000000000008b39        0x3 
 .rodata.name   0x0000000000008b3c       0x70 ./rtthread/components/drivers/misc/pin.o
                0x0000000000008b3c                __fsym_pinRead_desc
                0x0000000000008b5c                __fsym_pinRead_name
                0x0000000000008b64                __fsym_pinWrite_desc
                0x0000000000008b80                __fsym_pinWrite_name
                0x0000000000008b8c                __fsym_pinMode_desc
                0x0000000000008ba4                __fsym_pinMode_name
 .rodata.rt_hw_board_init.str1.4
                0x0000000000008bac        0x6 ./rtthread/board.o
 *fill*         0x0000000000008bb2        0x2 
 .rodata._ch32_pin_ops
                0x0000000000008bb4       0x18 ./drivers/drv_gpio.o
 .rodata.pin_irq_map
                0x0000000000008bcc       0x80 ./drivers/drv_gpio.o
 .rodata.pins   0x0000000000008c4c      0x650 ./drivers/drv_gpio.o
 .rodata.rt_hw_pin_init.str1.4
                0x000000000000929c        0x4 ./drivers/drv_gpio.o
 .rodata.ch32_uart_ops
                0x00000000000092a0       0x14 ./drivers/drv_usart.o
 .rodata.rt_hw_usart_init.str1.4
                0x00000000000092b4        0x6 ./drivers/drv_usart.o
 .rodata.main.cst4
                0x00000000000092b4       0x18 ./User/main.o
 *fill*         0x00000000000092cc        0x4 
 .rodata.main.cst8
                0x00000000000092d0       0x10 ./User/main.o
 .rodata.main.str1.4
                0x00000000000092e0       0x57 ./User/main.o
 *fill*         0x0000000000009337        0x1 
 .rodata.update_dac_buffer.cst4
                0x0000000000009338        0x4 ./User/main.o
 *fill*         0x000000000000933c        0x4 
 .rodata.update_dac_buffer.cst8
                0x0000000000009340        0x8 ./User/main.o
 .rodata.__ieee754_rem_pio2f.cst4
                0x0000000000009348       0x24 c:/mounriver3/mrs_community/toolchain/risc-v embedded gcc/bin/../lib/gcc/riscv-none-embed/8.2.0/../../../../riscv-none-embed/lib/rv32imafc/ilp32f\libm.a(lib_a-ef_rem_pio2.o)
 .rodata.npio2_hw
                0x000000000000936c       0x80 c:/mounriver3/mrs_community/toolchain/risc-v embedded gcc/bin/../lib/gcc/riscv-none-embed/8.2.0/../../../../riscv-none-embed/lib/rv32imafc/ilp32f\libm.a(lib_a-ef_rem_pio2.o)
 .rodata.two_over_pi
                0x00000000000093ec      0x318 c:/mounriver3/mrs_community/toolchain/risc-v embedded gcc/bin/../lib/gcc/riscv-none-embed/8.2.0/../../../../riscv-none-embed/lib/rv32imafc/ilp32f\libm.a(lib_a-ef_rem_pio2.o)
 .rodata.__kernel_cosf.cst4
                0x0000000000009704       0x24 c:/mounriver3/mrs_community/toolchain/risc-v embedded gcc/bin/../lib/gcc/riscv-none-embed/8.2.0/../../../../riscv-none-embed/lib/rv32imafc/ilp32f\libm.a(lib_a-kf_cos.o)
                                         0x28 (size before relaxing)
 .rodata.PIo2   0x0000000000009728       0x2c c:/mounriver3/mrs_community/toolchain/risc-v embedded gcc/bin/../lib/gcc/riscv-none-embed/8.2.0/../../../../riscv-none-embed/lib/rv32imafc/ilp32f\libm.a(lib_a-kf_rem_pio2.o)
 .rodata.__kernel_rem_pio2f.cst4
                0x0000000000009754       0x10 c:/mounriver3/mrs_community/toolchain/risc-v embedded gcc/bin/../lib/gcc/riscv-none-embed/8.2.0/../../../../riscv-none-embed/lib/rv32imafc/ilp32f\libm.a(lib_a-kf_rem_pio2.o)
                                         0x1c (size before relaxing)
 .rodata.init_jk
                0x0000000000009764        0xc c:/mounriver3/mrs_community/toolchain/risc-v embedded gcc/bin/../lib/gcc/riscv-none-embed/8.2.0/../../../../riscv-none-embed/lib/rv32imafc/ilp32f\libm.a(lib_a-kf_rem_pio2.o)
 .rodata.__kernel_sinf.cst4
                0x0000000000009770       0x1c c:/mounriver3/mrs_community/toolchain/risc-v embedded gcc/bin/../lib/gcc/riscv-none-embed/8.2.0/../../../../riscv-none-embed/lib/rv32imafc/ilp32f\libm.a(lib_a-kf_sin.o)
                                         0x20 (size before relaxing)
 .rodata.floorf.cst4
                0x000000000000978c        0x8 c:/mounriver3/mrs_community/toolchain/risc-v embedded gcc/bin/../lib/gcc/riscv-none-embed/8.2.0/../../../../riscv-none-embed/lib/rv32imafc/ilp32f\libm.a(lib_a-sf_floor.o)
 .rodata.scalbnf.cst4
                0x0000000000009794        0xc c:/mounriver3/mrs_community/toolchain/risc-v embedded gcc/bin/../lib/gcc/riscv-none-embed/8.2.0/../../../../riscv-none-embed/lib/rv32imafc/ilp32f\libm.a(lib_a-sf_scalbn.o)
                                         0x10 (size before relaxing)
 .rodata.__clz_tab
                0x00000000000097a0      0x100 c:/mounriver3/mrs_community/toolchain/risc-v embedded gcc/bin/../lib/gcc/riscv-none-embed/8.2.0/rv32imafc/ilp32f\libgcc.a(_clz.o)
                0x00000000000097a0                __clz_tab
 .rodata.__sf_fake_stderr
                0x00000000000098a0       0x20 c:/mounriver3/mrs_community/toolchain/risc-v embedded gcc/bin/../lib/gcc/riscv-none-embed/8.2.0/../../../../riscv-none-embed/lib/rv32imafc/ilp32f\libg_nano.a(lib_a-findfp.o)
                0x00000000000098a0                __sf_fake_stderr
 .rodata.__sf_fake_stdin
                0x00000000000098c0       0x20 c:/mounriver3/mrs_community/toolchain/risc-v embedded gcc/bin/../lib/gcc/riscv-none-embed/8.2.0/../../../../riscv-none-embed/lib/rv32imafc/ilp32f\libg_nano.a(lib_a-findfp.o)
                0x00000000000098c0                __sf_fake_stdin
 .rodata.__sf_fake_stdout
                0x00000000000098e0       0x20 c:/mounriver3/mrs_community/toolchain/risc-v embedded gcc/bin/../lib/gcc/riscv-none-embed/8.2.0/../../../../riscv-none-embed/lib/rv32imafc/ilp32f\libg_nano.a(lib_a-findfp.o)
                0x00000000000098e0                __sf_fake_stdout
 .rodata._vfprintf_r.str1.4
                0x0000000000009900       0x13 c:/mounriver3/mrs_community/toolchain/risc-v embedded gcc/bin/../lib/gcc/riscv-none-embed/8.2.0/../../../../riscv-none-embed/lib/rv32imafc/ilp32f\libg_nano.a(lib_a-nano-vfprintf.o)
 *fill*         0x0000000000009913        0x1 
 .rodata._printf_i.str1.4
                0x0000000000009914       0x28 c:/mounriver3/mrs_community/toolchain/risc-v embedded gcc/bin/../lib/gcc/riscv-none-embed/8.2.0/../../../../riscv-none-embed/lib/rv32imafc/ilp32f\libg_nano.a(lib_a-nano-vfprintf_i.o)
                                         0x25 (size before relaxing)
 *(.glue_7)
 *(.glue_7t)
 *(.gnu.linkonce.t.*)
                0x000000000000993c                . = ALIGN (0x4)
                0x000000000000993c                __fsymtab_start = .
 *(FSymTab)
 FSymTab        0x000000000000993c        0xc ./rtthread/src/mem.o
                0x000000000000993c                __fsym_list_mem
 FSymTab        0x0000000000009948       0xfc ./rtthread/components/finsh/cmd.o
                0x0000000000009948                __fsym_list
                0x0000000000009954                __fsym___cmd_list_device
                0x0000000000009960                __fsym_list_device
                0x000000000000996c                __fsym___cmd_list_timer
                0x0000000000009978                __fsym_list_timer
                0x0000000000009984                __fsym___cmd_list_msgqueue
                0x0000000000009990                __fsym_list_msgqueue
                0x000000000000999c                __fsym___cmd_list_mailbox
                0x00000000000099a8                __fsym_list_mailbox
                0x00000000000099b4                __fsym___cmd_list_mutex
                0x00000000000099c0                __fsym_list_mutex
                0x00000000000099cc                __fsym___cmd_list_event
                0x00000000000099d8                __fsym_list_event
                0x00000000000099e4                __fsym___cmd_list_sem
                0x00000000000099f0                __fsym_list_sem
                0x00000000000099fc                __fsym___cmd_list_thread
                0x0000000000009a08                __fsym_list_thread
                0x0000000000009a14                __fsym___cmd_clear
                0x0000000000009a20                __fsym_clear
                0x0000000000009a2c                __fsym___cmd_reboot
                0x0000000000009a38                __fsym_reboot
 FSymTab        0x0000000000009a44        0xc ./rtthread/components/finsh/msh.o
                0x0000000000009a44                __fsym___cmd_help
 FSymTab        0x0000000000009a50       0x18 ./rtthread/components/finsh/msh_cmd.o
                0x0000000000009a50                __fsym___cmd_free
                0x0000000000009a5c                __fsym___cmd_ps
 FSymTab        0x0000000000009a68       0x24 ./rtthread/components/drivers/misc/pin.o
                0x0000000000009a68                __fsym_pinRead
                0x0000000000009a74                __fsym_pinWrite
                0x0000000000009a80                __fsym_pinMode
                0x0000000000009a8c                __fsymtab_end = .
                0x0000000000009a8c                . = ALIGN (0x4)
                0x0000000000009a8c                __vsymtab_start = .
 *(VSymTab)
                0x0000000000009a8c                __vsymtab_end = .
                0x0000000000009a8c                . = ALIGN (0x4)
                0x0000000000009a8c                . = ALIGN (0x4)
                0x0000000000009a8c                __rt_init_start = .
 *(SORT_BY_NAME(.rti_fn*))
 .rti_fn.0      0x0000000000009a8c        0x4 ./rtthread/src/components.o
                0x0000000000009a8c                __rt_init_rti_start
 .rti_fn.0.end  0x0000000000009a90        0x4 ./rtthread/src/components.o
                0x0000000000009a90                __rt_init_rti_board_start
 .rti_fn.1      0x0000000000009a94        0x4 ./drivers/drv_gpio.o
                0x0000000000009a94                __rt_init_rt_hw_pin_init
 .rti_fn.1      0x0000000000009a98        0x4 ./drivers/drv_usart.o
                0x0000000000009a98                __rt_init_rt_hw_usart_init
 .rti_fn.1.end  0x0000000000009a9c        0x4 ./rtthread/src/components.o
                0x0000000000009a9c                __rt_init_rti_board_end
 .rti_fn.6      0x0000000000009aa0        0x4 ./rtthread/components/finsh/shell.o
                0x0000000000009aa0                __rt_init_finsh_system_init
 .rti_fn.6.end  0x0000000000009aa4        0x4 ./rtthread/src/components.o
                0x0000000000009aa4                __rt_init_rti_end
                0x0000000000009aa8                __rt_init_end = .
                0x0000000000009aa8                . = ALIGN (0x4)
                0x0000000000009aa8                . = ALIGN (0x4)
                0x0000000000009aa8                __rtmsymtab_start = .
 *(RTMSymTab)
                0x0000000000009aa8                __rtmsymtab_end = .
                0x0000000000009aa8                . = ALIGN (0x4)

.rela.dyn       0x0000000000009aa8        0x0
 .rela.text.rt_kprintf
                0x0000000000009aa8        0x0 ./rtthread/src/clock.o
 .rela.text     0x0000000000009aa8        0x0 ./rtthread/src/clock.o
 .rela.text.finsh_system_init
                0x0000000000009aa8        0x0 ./rtthread/src/clock.o
 .rela.text.rt_hw_board_init
                0x0000000000009aa8        0x0 ./rtthread/src/clock.o
 .rela.init     0x0000000000009aa8        0x0 ./rtthread/src/clock.o
 .rela.vector   0x0000000000009aa8        0x0 ./rtthread/src/clock.o
 .rela.text.handle_reset
                0x0000000000009aa8        0x0 ./rtthread/src/clock.o
 .rela.text._sbrk
                0x0000000000009aa8        0x0 ./rtthread/src/clock.o
 .rela.sdata.curbrk.5207
                0x0000000000009aa8        0x0 ./rtthread/src/clock.o
 .rela.text._vfprintf_r
                0x0000000000009aa8        0x0 ./rtthread/src/clock.o
 .rela.text._sbrk_r
                0x0000000000009aa8        0x0 ./rtthread/src/clock.o
 .rela.text._write_r
                0x0000000000009aa8        0x0 ./rtthread/src/clock.o
 .rela.text._close_r
                0x0000000000009aa8        0x0 ./rtthread/src/clock.o
 .rela.text._fstat_r
                0x0000000000009aa8        0x0 ./rtthread/src/clock.o
 .rela.text._isatty_r
                0x0000000000009aa8        0x0 ./rtthread/src/clock.o
 .rela.text._lseek_r
                0x0000000000009aa8        0x0 ./rtthread/src/clock.o
 .rela.text._read_r
                0x0000000000009aa8        0x0 ./rtthread/src/clock.o
 .rela.text._close
                0x0000000000009aa8        0x0 ./rtthread/src/clock.o
 .rela.text._fstat
                0x0000000000009aa8        0x0 ./rtthread/src/clock.o
 .rela.text._isatty
                0x0000000000009aa8        0x0 ./rtthread/src/clock.o
 .rela.text._lseek
                0x0000000000009aa8        0x0 ./rtthread/src/clock.o
 .rela.text._read
                0x0000000000009aa8        0x0 ./rtthread/src/clock.o

.fini           0x0000000000009aa8        0x0
 *(SORT_NONE(.fini))
                0x0000000000009aa8                . = ALIGN (0x4)
                [!provide]                        PROVIDE (_etext = .)
                [!provide]                        PROVIDE (_eitcm = .)

.preinit_array  0x0000000000009aa8        0x0
                [!provide]                        PROVIDE (__preinit_array_start = .)
 *(.preinit_array)
                [!provide]                        PROVIDE (__preinit_array_end = .)

.init_array     0x0000000000009aa8        0x0
                [!provide]                        PROVIDE (__init_array_start = .)
 *(SORT_BY_INIT_PRIORITY(.init_array.*) SORT_BY_INIT_PRIORITY(.ctors.*))
 *(.init_array EXCLUDE_FILE(*crtend?.o *crtend.o *crtbegin?.o *crtbegin.o) .ctors)
                [!provide]                        PROVIDE (__init_array_end = .)

.fini_array     0x0000000000009aa8        0x0
                [!provide]                        PROVIDE (__fini_array_start = .)
 *(SORT_BY_INIT_PRIORITY(.fini_array.*) SORT_BY_INIT_PRIORITY(.dtors.*))
 *(.fini_array EXCLUDE_FILE(*crtend?.o *crtend.o *crtbegin?.o *crtbegin.o) .dtors)
                [!provide]                        PROVIDE (__fini_array_end = .)

.ctors
 *crtbegin.o(.ctors)
 *crtbegin?.o(.ctors)
 *(EXCLUDE_FILE(*crtend?.o *crtend.o) .ctors)
 *(SORT_BY_NAME(.ctors.*))
 *(.ctors)

.dtors
 *crtbegin.o(.dtors)
 *crtbegin?.o(.dtors)
 *(EXCLUDE_FILE(*crtend?.o *crtend.o) .dtors)
 *(SORT_BY_NAME(.dtors.*))
 *(.dtors)

.dalign         0x0000000020000000        0x0 load address 0x0000000000009aa8
                0x0000000020000000                . = ALIGN (0x4)
                0x0000000020000000                PROVIDE (_data_vma = .)

.dlalign        0x0000000000009aa8        0x0
                0x0000000000009aa8                . = ALIGN (0x4)
                0x0000000000009aa8                PROVIDE (_data_lma = .)

.data           0x0000000020000000      0x1c8 load address 0x0000000000009aa8
 *(.gnu.linkonce.r.*)
 *(.data .data.*)
 .data.rt_object_container
                0x0000000020000000       0x80 ./rtthread/src/object.o
 .data.pin_irq_hdr_tab
                0x0000000020000080       0xc0 ./drivers/drv_gpio.o
                0x0000000020000080                pin_irq_hdr_tab
 .data.APBAHBPrescTable
                0x0000000020000140       0x10 ./Peripheral/src/ch32v30x_rcc.o
 .data.impure_data
                0x0000000020000150       0x60 c:/mounriver3/mrs_community/toolchain/risc-v embedded gcc/bin/../lib/gcc/riscv-none-embed/8.2.0/../../../../riscv-none-embed/lib/rv32imafc/ilp32f\libg_nano.a(lib_a-impure.o)
 *(.gnu.linkonce.d.*)
                0x00000000200001b0                . = ALIGN (0x8)
                0x00000000200009b0                PROVIDE (__global_pointer$ = (. + 0x800))
 *(.sdata .sdata.*)
 .sdata.SystemCoreClock
                0x00000000200001b0        0x4 ./User/system_ch32v30x.o
                0x00000000200001b0                SystemCoreClock
 .sdata.ADCPrescTable
                0x00000000200001b4        0x4 ./Peripheral/src/ch32v30x_rcc.o
 .sdata.curbrk.5207
                0x00000000200001b8        0x4 ./Debug/debug.o
 .sdata._impure_ptr
                0x00000000200001bc        0x4 c:/mounriver3/mrs_community/toolchain/risc-v embedded gcc/bin/../lib/gcc/riscv-none-embed/8.2.0/../../../../riscv-none-embed/lib/rv32imafc/ilp32f\libg_nano.a(lib_a-impure.o)
                0x00000000200001bc                _impure_ptr
 *(.sdata2.*)
 .sdata2._global_impure_ptr
                0x00000000200001c0        0x4 c:/mounriver3/mrs_community/toolchain/risc-v embedded gcc/bin/../lib/gcc/riscv-none-embed/8.2.0/../../../../riscv-none-embed/lib/rv32imafc/ilp32f\libg_nano.a(lib_a-impure.o)
                0x00000000200001c0                _global_impure_ptr
 *(.gnu.linkonce.s.*)
                0x00000000200001c8                . = ALIGN (0x8)
 *fill*         0x00000000200001c4        0x4 
 *(.srodata.cst16)
 *(.srodata.cst8)
 *(.srodata.cst4)
 *(.srodata.cst2)
 *(.srodata .srodata.*)
                0x00000000200001c8                . = ALIGN (0x4)
                0x00000000200001c8                PROVIDE (_edata = .)

.bss            0x00000000200001c8     0x18cc load address 0x0000000000009c70
                0x00000000200001c8                . = ALIGN (0x4)
                0x00000000200001c8                PROVIDE (_sbss = .)
 *(.sbss*)
 .sbss.rt_tick  0x00000000200001c8        0x4 ./rtthread/src/clock.o
 .sbss.rt_interrupt_enter_hook
                0x00000000200001cc        0x4 ./rtthread/src/irq.o
 .sbss.rt_interrupt_leave_hook
                0x00000000200001d0        0x4 ./rtthread/src/irq.o
 .sbss.rt_interrupt_nest
                0x00000000200001d4        0x1 ./rtthread/src/irq.o
                0x00000000200001d4                rt_interrupt_nest
 *fill*         0x00000000200001d5        0x3 
 .sbss.__rt_errno
                0x00000000200001d8        0x4 ./rtthread/src/kservice.o
 .sbss._console_device
                0x00000000200001dc        0x4 ./rtthread/src/kservice.o
 .sbss.heap_end
                0x00000000200001e0        0x4 ./rtthread/src/mem.o
 .sbss.heap_ptr
                0x00000000200001e4        0x4 ./rtthread/src/mem.o
 .sbss.lfree    0x00000000200001e8        0x4 ./rtthread/src/mem.o
 .sbss.max_mem  0x00000000200001ec        0x4 ./rtthread/src/mem.o
 .sbss.mem_size_aligned
                0x00000000200001f0        0x4 ./rtthread/src/mem.o
 .sbss.rt_free_hook
                0x00000000200001f4        0x4 ./rtthread/src/mem.o
 .sbss.rt_malloc_hook
                0x00000000200001f8        0x4 ./rtthread/src/mem.o
 .sbss.used_mem
                0x00000000200001fc        0x4 ./rtthread/src/mem.o
 .sbss.rt_object_attach_hook
                0x0000000020000200        0x4 ./rtthread/src/object.o
 .sbss.rt_object_detach_hook
                0x0000000020000204        0x4 ./rtthread/src/object.o
 .sbss.rt_object_put_hook
                0x0000000020000208        0x4 ./rtthread/src/object.o
                0x0000000020000208                rt_object_put_hook
 .sbss.rt_object_take_hook
                0x000000002000020c        0x4 ./rtthread/src/object.o
                0x000000002000020c                rt_object_take_hook
 .sbss.rt_object_trytake_hook
                0x0000000020000210        0x4 ./rtthread/src/object.o
                0x0000000020000210                rt_object_trytake_hook
 .sbss.rt_current_priority
                0x0000000020000214        0x1 ./rtthread/src/scheduler.o
                0x0000000020000214                rt_current_priority
 *fill*         0x0000000020000215        0x3 
 .sbss.rt_current_thread
                0x0000000020000218        0x4 ./rtthread/src/scheduler.o
                0x0000000020000218                rt_current_thread
 .sbss.rt_scheduler_hook
                0x000000002000021c        0x4 ./rtthread/src/scheduler.o
 .sbss.rt_scheduler_lock_nest
                0x0000000020000220        0x2 ./rtthread/src/scheduler.o
 *fill*         0x0000000020000222        0x2 
 .sbss.rt_thread_defunct
                0x0000000020000224        0x8 ./rtthread/src/scheduler.o
                0x0000000020000224                rt_thread_defunct
 .sbss.rt_thread_ready_priority_group
                0x000000002000022c        0x4 ./rtthread/src/scheduler.o
                0x000000002000022c                rt_thread_ready_priority_group
 .sbss.rt_thread_inited_hook
                0x0000000020000230        0x4 ./rtthread/src/thread.o
 .sbss.rt_thread_resume_hook
                0x0000000020000234        0x4 ./rtthread/src/thread.o
 .sbss.rt_thread_suspend_hook
                0x0000000020000238        0x4 ./rtthread/src/thread.o
 .sbss.random_nr.2485
                0x000000002000023c        0x4 ./rtthread/src/timer.o
 .sbss.rt_timer_list
                0x0000000020000240        0x8 ./rtthread/src/timer.o
 .sbss.rt_interrupt_from_thread
                0x0000000020000248        0x4 ./rtthread/libcpu/risc-v/common/cpuport.o
                0x0000000020000248                rt_interrupt_from_thread
 .sbss.rt_interrupt_to_thread
                0x000000002000024c        0x4 ./rtthread/libcpu/risc-v/common/cpuport.o
                0x000000002000024c                rt_interrupt_to_thread
 .sbss.rt_thread_switch_interrupt_flag
                0x0000000020000250        0x4 ./rtthread/libcpu/risc-v/common/cpuport.o
                0x0000000020000250                rt_thread_switch_interrupt_flag
 .sbss.shell    0x0000000020000254        0x4 ./rtthread/components/finsh/shell.o
                0x0000000020000254                shell
 .sbss._syscall_table_begin
                0x0000000020000258        0x4 ./rtthread/components/finsh/symbol.o
                0x0000000020000258                _syscall_table_begin
 .sbss._syscall_table_end
                0x000000002000025c        0x4 ./rtthread/components/finsh/symbol.o
                0x000000002000025c                _syscall_table_end
 .sbss._sysvar_table_begin
                0x0000000020000260        0x4 ./rtthread/components/finsh/symbol.o
                0x0000000020000260                _sysvar_table_begin
 .sbss._sysvar_table_end
                0x0000000020000264        0x4 ./rtthread/components/finsh/symbol.o
                0x0000000020000264                _sysvar_table_end
 .sbss.adc_count
                0x0000000020000268        0x4 ./User/main.o
                0x0000000020000268                adc_count
 .sbss.full_count
                0x000000002000026c        0x4 ./User/main.o
                0x000000002000026c                full_count
 .sbss.half_count